Archive member included because of file (symbol)

/am/st-james/home1/stevenmatt3/_ENGR489 Crazyflie/GNU Tools/gcc-arm-none-eabi-4_8-2013q4/bin/../lib/gcc/arm-none-eabi/4.8.3/../../../../arm-none-eabi/lib/armv7-m/libm.a(lib_a-s_cos.o)
                              bin/imu.o (cos)
/am/st-james/home1/stevenmatt3/_ENGR489 Crazyflie/GNU Tools/gcc-arm-none-eabi-4_8-2013q4/bin/../lib/gcc/arm-none-eabi/4.8.3/../../../../arm-none-eabi/lib/armv7-m/libm.a(lib_a-s_sin.o)
                              bin/imu.o (sin)
/am/st-james/home1/stevenmatt3/_ENGR489 Crazyflie/GNU Tools/gcc-arm-none-eabi-4_8-2013q4/bin/../lib/gcc/arm-none-eabi/4.8.3/../../../../arm-none-eabi/lib/armv7-m/libm.a(lib_a-w_asin.o)
                              bin/sensfusion6.o (asin)
/am/st-james/home1/stevenmatt3/_ENGR489 Crazyflie/GNU Tools/gcc-arm-none-eabi-4_8-2013q4/bin/../lib/gcc/arm-none-eabi/4.8.3/../../../../arm-none-eabi/lib/armv7-m/libm.a(lib_a-w_atan2.o)
                              bin/sensfusion6.o (atan2)
/am/st-james/home1/stevenmatt3/_ENGR489 Crazyflie/GNU Tools/gcc-arm-none-eabi-4_8-2013q4/bin/../lib/gcc/arm-none-eabi/4.8.3/../../../../arm-none-eabi/lib/armv7-m/libm.a(lib_a-w_pow.o)
                              bin/ms5611.o (pow)
/am/st-james/home1/stevenmatt3/_ENGR489 Crazyflie/GNU Tools/gcc-arm-none-eabi-4_8-2013q4/bin/../lib/gcc/arm-none-eabi/4.8.3/../../../../arm-none-eabi/lib/armv7-m/libm.a(lib_a-e_asin.o)
                              /am/st-james/home1/stevenmatt3/_ENGR489 Crazyflie/GNU Tools/gcc-arm-none-eabi-4_8-2013q4/bin/../lib/gcc/arm-none-eabi/4.8.3/../../../../arm-none-eabi/lib/armv7-m/libm.a(lib_a-w_asin.o) (__ieee754_asin)
/am/st-james/home1/stevenmatt3/_ENGR489 Crazyflie/GNU Tools/gcc-arm-none-eabi-4_8-2013q4/bin/../lib/gcc/arm-none-eabi/4.8.3/../../../../arm-none-eabi/lib/armv7-m/libm.a(lib_a-e_atan2.o)
                              /am/st-james/home1/stevenmatt3/_ENGR489 Crazyflie/GNU Tools/gcc-arm-none-eabi-4_8-2013q4/bin/../lib/gcc/arm-none-eabi/4.8.3/../../../../arm-none-eabi/lib/armv7-m/libm.a(lib_a-w_atan2.o) (__ieee754_atan2)
/am/st-james/home1/stevenmatt3/_ENGR489 Crazyflie/GNU Tools/gcc-arm-none-eabi-4_8-2013q4/bin/../lib/gcc/arm-none-eabi/4.8.3/../../../../arm-none-eabi/lib/armv7-m/libm.a(lib_a-e_pow.o)
                              /am/st-james/home1/stevenmatt3/_ENGR489 Crazyflie/GNU Tools/gcc-arm-none-eabi-4_8-2013q4/bin/../lib/gcc/arm-none-eabi/4.8.3/../../../../arm-none-eabi/lib/armv7-m/libm.a(lib_a-w_pow.o) (__ieee754_pow)
/am/st-james/home1/stevenmatt3/_ENGR489 Crazyflie/GNU Tools/gcc-arm-none-eabi-4_8-2013q4/bin/../lib/gcc/arm-none-eabi/4.8.3/../../../../arm-none-eabi/lib/armv7-m/libm.a(lib_a-e_rem_pio2.o)
                              /am/st-james/home1/stevenmatt3/_ENGR489 Crazyflie/GNU Tools/gcc-arm-none-eabi-4_8-2013q4/bin/../lib/gcc/arm-none-eabi/4.8.3/../../../../arm-none-eabi/lib/armv7-m/libm.a(lib_a-s_cos.o) (__ieee754_rem_pio2)
/am/st-james/home1/stevenmatt3/_ENGR489 Crazyflie/GNU Tools/gcc-arm-none-eabi-4_8-2013q4/bin/../lib/gcc/arm-none-eabi/4.8.3/../../../../arm-none-eabi/lib/armv7-m/libm.a(lib_a-e_sqrt.o)
                              /am/st-james/home1/stevenmatt3/_ENGR489 Crazyflie/GNU Tools/gcc-arm-none-eabi-4_8-2013q4/bin/../lib/gcc/arm-none-eabi/4.8.3/../../../../arm-none-eabi/lib/armv7-m/libm.a(lib_a-e_asin.o) (__ieee754_sqrt)
/am/st-james/home1/stevenmatt3/_ENGR489 Crazyflie/GNU Tools/gcc-arm-none-eabi-4_8-2013q4/bin/../lib/gcc/arm-none-eabi/4.8.3/../../../../arm-none-eabi/lib/armv7-m/libm.a(lib_a-k_cos.o)
                              /am/st-james/home1/stevenmatt3/_ENGR489 Crazyflie/GNU Tools/gcc-arm-none-eabi-4_8-2013q4/bin/../lib/gcc/arm-none-eabi/4.8.3/../../../../arm-none-eabi/lib/armv7-m/libm.a(lib_a-s_cos.o) (__kernel_cos)
/am/st-james/home1/stevenmatt3/_ENGR489 Crazyflie/GNU Tools/gcc-arm-none-eabi-4_8-2013q4/bin/../lib/gcc/arm-none-eabi/4.8.3/../../../../arm-none-eabi/lib/armv7-m/libm.a(lib_a-k_rem_pio2.o)
                              /am/st-james/home1/stevenmatt3/_ENGR489 Crazyflie/GNU Tools/gcc-arm-none-eabi-4_8-2013q4/bin/../lib/gcc/arm-none-eabi/4.8.3/../../../../arm-none-eabi/lib/armv7-m/libm.a(lib_a-e_rem_pio2.o) (__kernel_rem_pio2)
/am/st-james/home1/stevenmatt3/_ENGR489 Crazyflie/GNU Tools/gcc-arm-none-eabi-4_8-2013q4/bin/../lib/gcc/arm-none-eabi/4.8.3/../../../../arm-none-eabi/lib/armv7-m/libm.a(lib_a-k_sin.o)
                              /am/st-james/home1/stevenmatt3/_ENGR489 Crazyflie/GNU Tools/gcc-arm-none-eabi-4_8-2013q4/bin/../lib/gcc/arm-none-eabi/4.8.3/../../../../arm-none-eabi/lib/armv7-m/libm.a(lib_a-s_cos.o) (__kernel_sin)
/am/st-james/home1/stevenmatt3/_ENGR489 Crazyflie/GNU Tools/gcc-arm-none-eabi-4_8-2013q4/bin/../lib/gcc/arm-none-eabi/4.8.3/../../../../arm-none-eabi/lib/armv7-m/libm.a(lib_a-s_atan.o)
                              /am/st-james/home1/stevenmatt3/_ENGR489 Crazyflie/GNU Tools/gcc-arm-none-eabi-4_8-2013q4/bin/../lib/gcc/arm-none-eabi/4.8.3/../../../../arm-none-eabi/lib/armv7-m/libm.a(lib_a-e_atan2.o) (atan)
[...]
Memory Configuration

Name             Origin             Length             Attributes
RAM              0x20000000         0x00005000         xrw
FLASH            0x08002800         0x0001d800         xr
FLASHPATCH       0x00000000         0x00000000         r
ENDFLASH         0x00000000         0x00000000         xr
FLASHB1          0x00000000         0x00000000         xr
EXTMEMB0         0x00000000         0x00000000         xr
EXTMEMB1         0x00000000         0x00000000         xr
EXTMEMB2         0x00000000         0x00000000         xr
EXTMEMB3         0x00000000         0x00000000         xr
UNEXPECTED_SECTIONS 0xffffffff         0x00000000
*default*        0x00000000         0xffffffff

Linker script and memory map

LOAD bin/startup_stm32f10x_md.o
LOAD bin/list.o
LOAD bin/tasks.o
LOAD bin/queue.o
LOAD bin/timers.o
LOAD bin/heap_4.o
LOAD bin/port.o
LOAD bin/misc.o
LOAD bin/stm32f10x_adc.o
LOAD bin/stm32f10x_dbgmcu.o
LOAD bin/stm32f10x_dma.o
LOAD bin/stm32f10x_exti.o
LOAD bin/stm32f10x_flash.o
LOAD bin/stm32f10x_gpio.o
LOAD bin/stm32f10x_i2c.o
LOAD bin/stm32f10x_iwdg.o
LOAD bin/stm32f10x_rcc.o
LOAD bin/stm32f10x_spi.o
LOAD bin/stm32f10x_tim.o
LOAD bin/stm32f10x_usart.o
LOAD bin/main.o
LOAD bin/led.o
LOAD bin/uart.o
LOAD bin/adc.o
LOAD bin/nrf24l01.o
LOAD bin/exti.o
LOAD bin/nvic.o
LOAD bin/motors.o
LOAD bin/mpu6050.o
LOAD bin/i2cdev.o
LOAD bin/i2croutines.o
LOAD bin/hmc5883l.o
LOAD bin/ms5611.o
LOAD bin/crtp.o
LOAD bin/ledseq.o
LOAD bin/freeRTOSdebug.o
LOAD bin/imu.o
LOAD bin/pm.o
LOAD bin/radiolink.o
LOAD bin/eskylink.o
LOAD bin/usec_time.o
LOAD bin/system.o
LOAD bin/comm.o
LOAD bin/console.o
LOAD bin/pid.o
LOAD bin/crtpservice.o
LOAD bin/param.o
LOAD bin/commander.o
LOAD bin/controller.o
LOAD bin/sensfusion6.o
LOAD bin/stabilizer.o
LOAD bin/log.o
LOAD bin/worker.o
LOAD bin/filter.o
LOAD bin/cpuid.o
LOAD bin/cfassert.o
LOAD bin/configblock.o
LOAD bin/eprintf.o
LOAD bin/crc.o
LOAD bin/fp16.o
LOAD bin/debug.o
LOAD bin/abort.o
LOAD bin/version.o
LOAD /am/st-james/home1/stevenmatt3/_ENGR489 Crazyflie/GNU Tools/gcc-arm-none-eabi-4_8-2013q4/bin/../lib/gcc/arm-none-eabi/4.8.3/../../../../arm-none-eabi/lib/armv7-m/libm.a
                0x00000400                __Stack_Size = 0x400
                0x00000400                PROVIDE (_Stack_Size, __Stack_Size)
                0x20004c00                __Stack_Init = (_estack - __Stack_Size)
                0x20004c00                PROVIDE (_Stack_Init, __Stack_Init)
                0x00000100                _Minimum_Stack_Size = 0x100
                0x00000000                PROVIDE (Undefined_Handler, 0x0)
                0x00000000                PROVIDE (SWI_Handler, 0x0)
                0x00000000                PROVIDE (IRQ_Handler, 0x0)
                0x00000000                PROVIDE (Prefetch_Handler, 0x0)
                0x00000000                PROVIDE (Abort_Handler, 0x0)
                0x00000000                PROVIDE (FIQ_Handler, 0x0)
                0x00000000                PROVIDE (NMIException, 0x0)
                0x00000000                PROVIDE (NMI_Handler, 0x0)
                0x00000000                PROVIDE (HardFaultException, 0x0)
                0x00000000                PROVIDE (HardFault_Handler, 0x0)
                0x00000000                PROVIDE (MemManageException, 0x0)
                0x00000000                PROVIDE (MemManage_Handler, 0x0)
                0x00000000                PROVIDE (BusFaultException, 0x0)
                0x00000000                PROVIDE (BusFault_Handler, 0x0)
                0x00000000                PROVIDE (UsageFaultException, 0x0)
                0x00000000                PROVIDE (UsageFault_Handler, 0x0)
                0x00000000                PROVIDE (SVCHandler, 0x0)
                0x00000000                PROVIDE (SVC_Handler, 0x0)
                0x00000000                PROVIDE (DebugMonitor, 0x0)
                0x00000000                PROVIDE (DebugMon_Handler, 0x0)
                0x00000000                PROVIDE (PendSVC, 0x0)
                0x00000000                PROVIDE (PendSV_Handler, 0x0)
                0x00000000                PROVIDE (SysTickHandler, 0x0)
                0x00000000                PROVIDE (SysTick_Handler, 0x0)
                0x00000000                PROVIDE (WWDG_IRQHandler, 0x0)
                0x00000000                PROVIDE (PVD_IRQHandler, 0x0)
                0x00000000                PROVIDE (TAMPER_IRQHandler, 0x0)
                0x00000000                PROVIDE (RTC_IRQHandler, 0x0)
                0x00000000                PROVIDE (FLASH_IRQHandler, 0x0)
                0x00000000                PROVIDE (RCC_IRQHandler, 0x0)
                0x00000000                PROVIDE (EXTI0_IRQHandler, 0x0)
                0x00000000                PROVIDE (EXTI1_IRQHandler, 0x0)
                0x00000000                PROVIDE (EXTI2_IRQHandler, 0x0)
                0x00000000                PROVIDE (EXTI3_IRQHandler, 0x0)
                0x00000000                PROVIDE (EXTI4_IRQHandler, 0x0)
                0x00000000                PROVIDE (DMAChannel1_IRQHandler, 0x0)
                0x00000000                PROVIDE (DMAChannel2_IRQHandler, 0x0)
                0x00000000                PROVIDE (DMAChannel3_IRQHandler, 0x0)
                0x00000000                PROVIDE (DMAChannel4_IRQHandler, 0x0)
                0x00000000                PROVIDE (DMAChannel5_IRQHandler, 0x0)
                0x00000000                PROVIDE (DMAChannel6_IRQHandler, 0x0)
                0x00000000                PROVIDE (DMAChannel7_IRQHandler, 0x0)
                0x00000000                PROVIDE (DMA1_Channel1_IRQHandler, 0x0)
                0x00000000                PROVIDE (DMA1_Channel2_IRQHandler, 0x0)
                0x00000000                PROVIDE (DMA1_Channel3_IRQHandler, 0x0)
                0x00000000                PROVIDE (DMA1_Channel4_IRQHandler, 0x0)
                0x00000000                PROVIDE (DMA1_Channel5_IRQHandler, 0x0)
                0x00000000                PROVIDE (DMA1_Channel6_IRQHandler, 0x0)
                0x00000000                PROVIDE (DMA1_Channel7_IRQHandler, 0x0)
                0x00000000                PROVIDE (ADC_IRQHandler, 0x0)
                0x00000000                PROVIDE (ADC1_2_IRQHandler, 0x0)
                0x00000000                PROVIDE (USB_HP_CAN_TX_IRQHandler, 0x0)
                0x00000000                PROVIDE (USB_HP_CAN1_TX_IRQHandler, 0x0)
                0x00000000                PROVIDE (USB_LP_CAN_RX0_IRQHandler, 0x0)
                0x00000000                PROVIDE (USB_LP_CAN1_RX0_IRQHandler, 0x0)
                0x00000000                PROVIDE (CAN_RX1_IRQHandler, 0x0)
                0x00000000                PROVIDE (CAN1_RX1_IRQHandler, 0x0)
                0x00000000                PROVIDE (CAN_SCE_IRQHandler, 0x0)
                0x00000000                PROVIDE (CAN1_SCE_IRQHandler, 0x0)
                0x00000000                PROVIDE (EXTI9_5_IRQHandler, 0x0)
                0x00000000                PROVIDE (TIM1_BRK_IRQHandler, 0x0)
                0x00000000                PROVIDE (TIM1_UP_IRQHandler, 0x0)
                0x00000000                PROVIDE (TIM1_TRG_COM_IRQHandler, 0x0)
                0x00000000                PROVIDE (TIM1_CC_IRQHandler, 0x0)
                0x00000000                PROVIDE (TIM2_IRQHandler, 0x0)
                0x00000000                PROVIDE (TIM3_IRQHandler, 0x0)
                0x00000000                PROVIDE (TIM4_IRQHandler, 0x0)
                0x00000000                PROVIDE (I2C1_EV_IRQHandler, 0x0)
                0x00000000                PROVIDE (I2C1_ER_IRQHandler, 0x0)
                0x00000000                PROVIDE (I2C2_EV_IRQHandler, 0x0)
                0x00000000                PROVIDE (I2C2_ER_IRQHandler, 0x0)
                0x00000000                PROVIDE (SPI1_IRQHandler, 0x0)
                0x00000000                PROVIDE (SPI2_IRQHandler, 0x0)
                0x00000000                PROVIDE (USART1_IRQHandler, 0x0)
                0x00000000                PROVIDE (USART2_IRQHandler, 0x0)
                0x00000000                PROVIDE (USART3_IRQHandler, 0x0)
                0x00000000                PROVIDE (EXTI15_10_IRQHandler, 0x0)
                0x00000000                PROVIDE (RTCAlarm_IRQHandler, 0x0)
                0x00000000                PROVIDE (USBWakeUp_IRQHandler, 0x0)
                0x00000000                PROVIDE (TIM8_BRK_IRQHandler, 0x0)
                0x00000000                PROVIDE (TIM8_UP_IRQHandler, 0x0)
                0x00000000                PROVIDE (TIM8_TRG_COM_IRQHandler, 0x0)
                0x00000000                PROVIDE (TIM8_CC_IRQHandler, 0x0)
                0x00000000                PROVIDE (ADC3_IRQHandler, 0x0)
                0x00000000                PROVIDE (FSMC_IRQHandler, 0x0)
                0x00000000                PROVIDE (SDIO_IRQHandler, 0x0)
                0x00000000                PROVIDE (TIM5_IRQHandler, 0x0)
                0x00000000                PROVIDE (SPI3_IRQHandler, 0x0)
                0x00000000                PROVIDE (UART4_IRQHandler, 0x0)
                0x00000000                PROVIDE (UART5_IRQHandler, 0x0)
                0x00000000                PROVIDE (TIM6_IRQHandler, 0x0)
                0x00000000                PROVIDE (TIM7_IRQHandler, 0x0)
                0x00000000                PROVIDE (DMA2_Channel1_IRQHandler, 0x0)
                0x00000000                PROVIDE (DMA2_Channel2_IRQHandler, 0x0)
                0x00000000                PROVIDE (DMA2_Channel3_IRQHandler, 0x0)
                0x00000000                PROVIDE (DMA2_Channel4_5_IRQHandler, 0x0)
                0x42000000                PERIPH_BB_BASE = 0x42000000
                0x22000000                SRAM_BB_BASE = 0x22000000
                0x20000000                SRAM_BASE = 0x20000000
                0x40000000                PERIPH_BASE = 0x40000000
                0x40022000                PROVIDE (FLASH_BASE, 0x40022000)
                0x1ffff800                PROVIDE (OB_BASE, 0x1ffff800)
                0x40000000                APB1PERIPH_BASE = PERIPH_BASE
                0x40010000                APB2PERIPH_BASE = (PERIPH_BASE + 0x10000)
                0x40020000                AHBPERIPH_BASE = (PERIPH_BASE + 0x20000)
                0x40000000                PROVIDE (TIM2, (APB1PERIPH_BASE + 0x0))
                0x40000400                PROVIDE (TIM3, (APB1PERIPH_BASE + 0x400))
                0x40000800                PROVIDE (TIM4, (APB1PERIPH_BASE + 0x800))
                0x40002800                PROVIDE (RTC, (APB1PERIPH_BASE + 0x2800))
                0x40002c00                PROVIDE (WWDG, (APB1PERIPH_BASE + 0x2c00))
                0x40003000                PROVIDE (IWDG, (APB1PERIPH_BASE + 0x3000))
                0x40003800                PROVIDE (SPI2, (APB1PERIPH_BASE + 0x3800))
                0x40004400                PROVIDE (USART2, (APB1PERIPH_BASE + 0x4400))
                0x40004800                PROVIDE (USART3, (APB1PERIPH_BASE + 0x4800))
                0x40005400                PROVIDE (I2C1, (APB1PERIPH_BASE + 0x5400))
                0x40005800                PROVIDE (I2C2, (APB1PERIPH_BASE + 0x5800))
                0x40006400                PROVIDE (CAN, (APB1PERIPH_BASE + 0x6400))
                0x40006c00                PROVIDE (BKP, (APB1PERIPH_BASE + 0x6c00))
                0x40007000                PROVIDE (PWR, (APB1PERIPH_BASE + 0x7000))
                0x40010000                PROVIDE (AFIO, (APB2PERIPH_BASE + 0x0))
                0x40010400                PROVIDE (EXTI, (APB2PERIPH_BASE + 0x400))
                0x40010800                PROVIDE (GPIOA, (APB2PERIPH_BASE + 0x800))
                0x40010c00                PROVIDE (GPIOB, (APB2PERIPH_BASE + 0xc00))
                0x40011000                PROVIDE (GPIOC, (APB2PERIPH_BASE + 0x1000))
                0x40011400                PROVIDE (GPIOD, (APB2PERIPH_BASE + 0x1400))
                0x40011800                PROVIDE (GPIOE, (APB2PERIPH_BASE + 0x1800))
                0x40012400                PROVIDE (ADC1, (APB2PERIPH_BASE + 0x2400))
                0x40012800                PROVIDE (ADC2, (APB2PERIPH_BASE + 0x2800))
                0x40012c00                PROVIDE (TIM1, (APB2PERIPH_BASE + 0x2c00))
                0x40013000                PROVIDE (SPI1, (APB2PERIPH_BASE + 0x3000))
                0x40013800                PROVIDE (USART1, (APB2PERIPH_BASE + 0x3800))
                0x40020000                PROVIDE (DMA, (AHBPERIPH_BASE + 0x0))
                0x40020008                PROVIDE (DMA_Channel1, (AHBPERIPH_BASE + 0x8))
                0x4002001c                PROVIDE (DMA_Channel2, (AHBPERIPH_BASE + 0x1c))
                0x40020030                PROVIDE (DMA_Channel3, (AHBPERIPH_BASE + 0x30))
                0x40020044                PROVIDE (DMA_Channel4, (AHBPERIPH_BASE + 0x44))
                0x40020058                PROVIDE (DMA_Channel5, (AHBPERIPH_BASE + 0x58))
                0x4002006c                PROVIDE (DMA_Channel6, (AHBPERIPH_BASE + 0x6c))
                0x40020080                PROVIDE (DMA_Channel7, (AHBPERIPH_BASE + 0x80))
                0x40021000                PROVIDE (RCC, (AHBPERIPH_BASE + 0x1000))
                0xe000e000                SCS_BASE = 0xe000e000
                0xe000e010                PROVIDE (SysTick, (SCS_BASE + 0x10))
                0xe000e100                PROVIDE (NVIC, (SCS_BASE + 0x100))
                0xe000ed00                PROVIDE (SCB, (SCS_BASE + 0xd00))
                0x20005000                _estack = 0x20005000

.isr_vector     0x08002800      0x10c
                0x08002800                . = ALIGN (0x4)
 *(.isr_vector)
 .isr_vector    0x08002800      0x10c bin/startup_stm32f10x_md.o
                0x08002800                g_pfnVectors
                0x0800290c                . = ALIGN (0x4)

.flashtext      0x0800290c        0x0
                0x0800290c                . = ALIGN (0x4)
 *(.flashtext)
                0x0800290c                . = ALIGN (0x4)

.text           0x08002910     0xd47c
                0x08002910                . = ALIGN (0x4)
 *(.text)
 .text          0x08002910       0xec /am/st-james/home1/stevenmatt3/_ENGR489 Crazyflie/GNU Tools/gcc-arm-none-eabi-4_8-2013q4/bin/../lib/gcc/arm-none-eabi/4.8.3/../../../../arm-none-eabi/lib/armv7-m/libc.a(lib_a-memcpy.o)
                0x08002910                memcpy
 .text          0x080029fc      0x370 /am/st-james/home1/stevenmatt3/_ENGR489 Crazyflie/GNU Tools/gcc-arm-none-eabi-4_8-2013q4/bin/../lib/gcc/arm-none-eabi/4.8.3/armv7-m/libgcc.a(_arm_addsubdf3.o)
                0x080029fc                __aeabi_drsub
                0x08002a04                __aeabi_dsub
                0x08002a04                __subdf3
                0x08002a08                __adddf3
                0x08002a08                __aeabi_dadd
                0x08002c80                __aeabi_ui2d
                0x08002c80                __floatunsidf
                0x08002ca0                __floatsidf
                0x08002ca0                __aeabi_i2d
                0x08002cc4                __extendsfdf2
                0x08002cc4                __aeabi_f2d
                0x08002d00                __aeabi_ul2d
                0x08002d00                __floatundidf
                0x08002d10                __floatdidf
                0x08002d10                __aeabi_l2d
 .text          0x08002d6c      0x424 /am/st-james/home1/stevenmatt3/_ENGR489 Crazyflie/GNU Tools/gcc-arm-none-eabi-4_8-2013q4/bin/../lib/gcc/arm-none-eabi/4.8.3/armv7-m/libgcc.a(_arm_muldivdf3.o)
                0x08002d6c                __aeabi_dmul
                0x08002d6c                __muldf3
                0x08002fc0                __aeabi_ddiv
                0x08002fc0                __divdf3
 .text          0x08003190      0x110 /am/st-james/home1/stevenmatt3/_ENGR489 Crazyflie/GNU Tools/gcc-arm-none-eabi-4_8-2013q4/bin/../lib/gcc/arm-none-eabi/4.8.3/armv7-m/libgcc.a(_arm_cmpdf2.o)
                0x08003190                __gtdf2
                0x08003190                __gedf2
                0x08003198                __ltdf2
                0x08003198                __ledf2
                0x080031a0                __cmpdf2
                0x080031a0                __eqdf2
                0x080031a0                __nedf2
                0x0800321c                __aeabi_cdrcmple
                0x0800322c                __aeabi_cdcmple
                0x0800322c                __aeabi_cdcmpeq
                0x0800323c                __aeabi_dcmpeq
                0x08003250                __aeabi_dcmplt
                0x08003264                __aeabi_dcmple
                0x08003278                __aeabi_dcmpge
                0x0800328c                __aeabi_dcmpgt
 .text          0x080032a0       0x50 /am/st-james/home1/stevenmatt3/_ENGR489 Crazyflie/GNU Tools/gcc-arm-none-eabi-4_8-2013q4/bin/../lib/gcc/arm-none-eabi/4.8.3/armv7-m/libgcc.a(_arm_fixdfsi.o)
                0x080032a0                __fixdfsi
                0x080032a0                __aeabi_d2iz
 .text          0x080032f0       0xa0 /am/st-james/home1/stevenmatt3/_ENGR489 Crazyflie/GNU Tools/gcc-arm-none-eabi-4_8-2013q4/bin/../lib/gcc/arm-none-eabi/4.8.3/armv7-m/libgcc.a(_arm_truncdfsf2.o)
                0x080032f0                __aeabi_d2f
                0x080032f0                __truncdfsf2
 .text          0x08003390      0x21c /am/st-james/home1/stevenmatt3/_ENGR489 Crazyflie/GNU Tools/gcc-arm-none-eabi-4_8-2013q4/bin/../lib/gcc/arm-none-eabi/4.8.3/armv7-m/libgcc.a(_arm_addsubsf3.o)
                0x08003390                __aeabi_frsub
                0x08003398                __subsf3
                0x08003398                __aeabi_fsub
                0x0800339c                __aeabi_fadd
                0x0800339c                __addsf3
                0x080034fc                __aeabi_ui2f
                0x080034fc                __floatunsisf
                0x08003504                __aeabi_i2f
                0x08003504                __floatsisf
                0x08003520                __floatundisf
                0x08003520                __aeabi_ul2f
                0x08003530                __floatdisf
                0x08003530                __aeabi_l2f
 .text          0x080035ac      0x2a0 /am/st-james/home1/stevenmatt3/_ENGR489 Crazyflie/GNU Tools/gcc-arm-none-eabi-4_8-2013q4/bin/../lib/gcc/arm-none-eabi/4.8.3/armv7-m/libgcc.a(_arm_muldivsf3.o)
                0x080035ac                __mulsf3
                0x080035ac                __aeabi_fmul
                0x08003714                __divsf3
                0x08003714                __aeabi_fdiv
 .text          0x0800384c       0xec /am/st-james/home1/stevenmatt3/_ENGR489 Crazyflie/GNU Tools/gcc-arm-none-eabi-4_8-2013q4/bin/../lib/gcc/arm-none-eabi/4.8.3/armv7-m/libgcc.a(_arm_cmpsf2.o)
                0x0800384c                __gtsf2
                0x0800384c                __gesf2
                0x08003854                __lesf2
                0x08003854                __ltsf2
                0x0800385c                __nesf2
                0x0800385c                __eqsf2
                0x0800385c                __cmpsf2
                0x080038bc                __aeabi_cfrcmple
                0x080038c4                __aeabi_cfcmple
                0x080038c4                __aeabi_cfcmpeq
                0x080038d4                __aeabi_fcmpeq
                0x080038e8                __aeabi_fcmplt
                0x080038fc                __aeabi_fcmple
                0x08003910                __aeabi_fcmpge
                0x08003924                __aeabi_fcmpgt
 .text          0x08003938       0x4c /am/st-james/home1/stevenmatt3/_ENGR489 Crazyflie/GNU Tools/gcc-arm-none-eabi-4_8-2013q4/bin/../lib/gcc/arm-none-eabi/4.8.3/armv7-m/libgcc.a(_arm_fixsfsi.o)
                0x08003938                __fixsfsi
                0x08003938                __aeabi_f2iz
 .text          0x08003984       0x38 /am/st-james/home1/stevenmatt3/_ENGR489 Crazyflie/GNU Tools/gcc-arm-none-eabi-4_8-2013q4/bin/../lib/gcc/arm-none-eabi/4.8.3/armv7-m/libgcc.a(_aeabi_ldivmod.o)
                0x08003984                __aeabi_ldivmod
 .text          0x080039bc       0x60 /am/st-james/home1/stevenmatt3/_ENGR489 Crazyflie/GNU Tools/gcc-arm-none-eabi-4_8-2013q4/bin/../lib/gcc/arm-none-eabi/4.8.3/armv7-m/libgcc.a(bpabi.o)
                0x080039bc                __gnu_ldivmod_helper
                0x080039ec                __gnu_uldivmod_helper
 .text          0x08003a1c        0x4 /am/st-james/home1/stevenmatt3/_ENGR489 Crazyflie/GNU Tools/gcc-arm-none-eabi-4_8-2013q4/bin/../lib/gcc/arm-none-eabi/4.8.3/armv7-m/libgcc.a(_dvmd_tls.o)
                0x08003a1c                __aeabi_ldiv0
                0x08003a1c                __aeabi_idiv0
 .text          0x08003a20      0x2a0 /am/st-james/home1/stevenmatt3/_ENGR489 Crazyflie/GNU Tools/gcc-arm-none-eabi-4_8-2013q4/bin/../lib/gcc/arm-none-eabi/4.8.3/armv7-m/libgcc.a(_divdi3.o)
                0x08003a20                __divdi3
 .text          0x08003cc0      0x290 /am/st-james/home1/stevenmatt3/_ENGR489 Crazyflie/GNU Tools/gcc-arm-none-eabi-4_8-2013q4/bin/../lib/gcc/arm-none-eabi/4.8.3/armv7-m/libgcc.a(_udivdi3.o)
                0x08003cc0                __udivdi3
 *(.text.*)
 .text.Reset_Handler
                0x08003f50       0x48 bin/startup_stm32f10x_md.o
                0x08003f50                Reset_Handler
 .text.Default_Handler
                0x08003f98        0x4 bin/startup_stm32f10x_md.o
                0x08003f98                EXTI2_IRQHandler
                0x08003f98                TIM1_CC_IRQHandler
                0x08003f98                PVD_IRQHandler
                0x08003f98                EXTI3_IRQHandler
                0x08003f98                EXTI0_IRQHandler
                0x08003f98                ADC1_2_IRQHandler
                0x08003f98                SPI1_IRQHandler
                0x08003f98                TAMPER_IRQHandler
                0x08003f98                RTC_IRQHandler
                0x08003f98                CAN1_RX1_IRQHandler
                0x08003f98                TIM4_IRQHandler
                0x08003f98                TIM3_IRQHandler
                0x08003f98                RCC_IRQHandler
                0x08003f98                TIM1_TRG_COM_IRQHandler
                0x08003f98                Default_Handler
                0x08003f98                EXTI15_10_IRQHandler
                0x08003f98                SPI2_IRQHandler
                0x08003f98                EXTI4_IRQHandler
                0x08003f98                USB_LP_CAN1_RX0_IRQHandler
                0x08003f98                USB_HP_CAN1_TX_IRQHandler
                0x08003f98                DMA1_Channel3_IRQHandler
                0x08003f98                WWDG_IRQHandler
                0x08003f98                TIM2_IRQHandler
                0x08003f98                TIM1_BRK_IRQHandler
                0x08003f98                EXTI1_IRQHandler
                0x08003f98                RTCAlarm_IRQHandler
                0x08003f98                USART2_IRQHandler
                0x08003f98                CAN1_SCE_IRQHandler
                0x08003f98                FLASH_IRQHandler
                0x08003f98                USART1_IRQHandler
                0x08003f98                USBWakeUp_IRQHandler
 .text.vListInitialise
                0x08003f9c       0x16 bin/list.o
                0x08003f9c                vListInitialise
 .text.vListInitialiseItem
                0x08003fb2        0x6 bin/list.o
                0x08003fb2                vListInitialiseItem
 .text.vListInsertEnd
                0x08003fb8       0x1c bin/list.o
                0x08003fb8                vListInsertEnd
 .text.vListInsert
                0x08003fd4       0x30 bin/list.o
                0x08003fd4                vListInsert
 .text.uxListRemove
                0x08004004       0x26 bin/list.o
                0x08004004                uxListRemove
 .text.prvIdleTask
                0x0800402a        0x2 bin/tasks.o
 .text.prvAddCurrentTaskToDelayedList
                0x0800402c       0x50 bin/tasks.o
 .text.xTaskGenericCreate
                0x0800407c      0x178 bin/tasks.o
                0x0800407c                xTaskGenericCreate
 .text.vTaskStartScheduler
                0x080041f4       0x54 bin/tasks.o
                0x080041f4                vTaskStartScheduler
 .text.vTaskSuspendAll
                0x08004248       0x10 bin/tasks.o
                0x08004248                vTaskSuspendAll
 .text.xTaskGetTickCount
                0x08004258       0x18 bin/tasks.o
                0x08004258                xTaskGetTickCount
 .text.vTaskIncrementTick
                0x08004270       0xcc bin/tasks.o
                0x08004270                vTaskIncrementTick
 .text.xTaskResumeAll
                0x0800433c       0xc0 bin/tasks.o
                0x0800433c                xTaskResumeAll
 .text.vTaskDelayUntil
                0x080043fc       0x60 bin/tasks.o
                0x080043fc                vTaskDelayUntil
 .text.vTaskDelay
                0x0800445c       0x3c bin/tasks.o
                0x0800445c                vTaskDelay
 .text.vTaskSetApplicationTaskTag
                0x08004498       0x20 bin/tasks.o
                0x08004498                vTaskSetApplicationTaskTag
 .text.vTaskSwitchContext
                0x080044b8       0x7c bin/tasks.o
                0x080044b8                vTaskSwitchContext
 .text.vTaskPlaceOnEventList
                0x08004534       0x2c bin/tasks.o
                0x08004534                vTaskPlaceOnEventList
 .text.vTaskPlaceOnEventListRestricted
                0x08004560       0x2c bin/tasks.o
                0x08004560                vTaskPlaceOnEventListRestricted
 .text.xTaskRemoveFromEventList
                0x0800458c       0x64 bin/tasks.o
                0x0800458c                xTaskRemoveFromEventList
 .text.vTaskSetTimeOutState
                0x080045f0       0x18 bin/tasks.o
                0x080045f0                vTaskSetTimeOutState
 .text.xTaskCheckForTimeOut
                0x08004608       0x50 bin/tasks.o
                0x08004608                xTaskCheckForTimeOut
 .text.vTaskMissedYield
                0x08004658        0xc bin/tasks.o
                0x08004658                vTaskMissedYield
 .text.xTaskGetCurrentTaskHandle
                0x08004664        0xc bin/tasks.o
                0x08004664                xTaskGetCurrentTaskHandle
 .text.xTaskGetSchedulerState
                0x08004670       0x1c bin/tasks.o
                0x08004670                xTaskGetSchedulerState
 .text.vTaskPriorityInherit
                0x0800468c       0x68 bin/tasks.o
                0x0800468c                vTaskPriorityInherit
 .text.vTaskPriorityDisinherit
                0x080046f4       0x48 bin/tasks.o
                0x080046f4                vTaskPriorityDisinherit
 .text.prvCopyDataToQueue
                0x0800473c       0x58 bin/queue.o
 .text.prvCopyDataFromQueue
                0x08004794       0x26 bin/queue.o
 .text.prvUnlockQueue
                0x080047ba       0x64 bin/queue.o
 .text.xQueueGenericReset
                0x0800481e       0x5a bin/queue.o
                0x0800481e                xQueueGenericReset
 .text.xQueueGenericCreate
                0x08004878       0x42 bin/queue.o
                0x08004878                xQueueGenericCreate
 .text.xQueueGenericSend
                0x080048ba       0xce bin/queue.o
                0x080048ba                xQueueGenericSend
 .text.xQueueCreateMutex
                0x08004988       0x44 bin/queue.o
                0x08004988                xQueueCreateMutex
 .text.xQueueGenericSendFromISR
                0x080049cc       0x58 bin/queue.o
                0x080049cc                xQueueGenericSendFromISR
 .text.xQueueGenericReceive
                0x08004a24      0x102 bin/queue.o
                0x08004a24                xQueueGenericReceive
 .text.uxQueueMessagesWaiting
                0x08004b26       0x12 bin/queue.o
                0x08004b26                uxQueueMessagesWaiting
 .text.vQueueWaitForMessageRestricted
                0x08004b38       0x3a bin/queue.o
                0x08004b38                vQueueWaitForMessageRestricted
 *fill*         0x08004b72        0x2 
 .text.prvCheckForValidListAndQueue
                0x08004b74       0x4c bin/timers.o
 .text.prvInsertTimerInActiveList
                0x08004bc0       0x3c bin/timers.o
 .text.xTimerCreateTimerTask
                0x08004bfc       0x34 bin/timers.o
                0x08004bfc                xTimerCreateTimerTask
 .text.xTimerCreate
                0x08004c30       0x3a bin/timers.o
                0x08004c30                xTimerCreate
 *fill*         0x08004c6a        0x2 
 .text.xTimerGenericCommand
                0x08004c6c       0x44 bin/timers.o
                0x08004c6c                xTimerGenericCommand
 .text.prvSwitchTimerLists.isra.1
                0x08004cb0       0x60 bin/timers.o
 .text.prvTimerTask
                0x08004d10      0x14c bin/timers.o
 .text.pvTimerGetTimerID
                0x08004e5c        0x4 bin/timers.o
                0x08004e5c                pvTimerGetTimerID
 .text.prvInsertBlockIntoFreeList
                0x08004e60       0x4c bin/heap_4.o
 .text.pvPortMalloc
                0x08004eac       0xac bin/heap_4.o
                0x08004eac                pvPortMalloc
 .text.vPortFree
                0x08004f58       0x2c bin/heap_4.o
                0x08004f58                vPortFree
 .text.prvPortStartFirstTask
                0x08004f84       0x14 bin/port.o
 .text.pxPortInitialiseStack
                0x08004f98       0x16 bin/port.o
                0x08004f98                pxPortInitialiseStack
 *fill*         0x08004fae        0x2 
 .text.SVC_Handler
                0x08004fb0       0x20 bin/port.o
                0x08004fb0                SVC_Handler
 .text.vPortYieldFromISR
                0x08004fd0       0x10 bin/port.o
                0x08004fd0                vPortYieldFromISR
 .text.ulPortSetInterruptMask
                0x08004fe0       0x10 bin/port.o
                0x08004fe0                ulPortSetInterruptMask
 .text.vPortEnterCritical
                0x08004ff0       0x14 bin/port.o
                0x08004ff0                vPortEnterCritical
 .text.vPortClearInterruptMask
                0x08005004        0x6 bin/port.o
                0x08005004                vPortClearInterruptMask
 *fill*         0x0800500a        0x2 
 .text.vPortExitCritical
                0x0800500c       0x14 bin/port.o
                0x0800500c                vPortExitCritical
 .text.PendSV_Handler
                0x08005020       0x3c bin/port.o
                0x08005020                PendSV_Handler
 .text.SysTick_Handler
                0x0800505c       0x20 bin/port.o
                0x0800505c                SysTick_Handler
 .text.vPortSetupTimerInterrupt
                0x0800507c       0x18 bin/port.o
                0x0800507c                vPortSetupTimerInterrupt
 .text.xPortStartScheduler
                0x08005094       0x30 bin/port.o
                0x08005094                xPortStartScheduler
 .text.NVIC_PriorityGroupConfig
                0x080050c4       0x14 bin/misc.o
                0x080050c4                NVIC_PriorityGroupConfig
 .text.NVIC_Init
                0x080050d8       0x68 bin/misc.o
                0x080050d8                NVIC_Init
 .text.ADC_DeInit
                0x08005140       0x5c bin/stm32f10x_adc.o
                0x08005140                ADC_DeInit
 .text.ADC_Init
                0x0800519c       0x48 bin/stm32f10x_adc.o
                0x0800519c                ADC_Init
 .text.ADC_Cmd  0x080051e4       0x12 bin/stm32f10x_adc.o
                0x080051e4                ADC_Cmd
 .text.ADC_DMACmd
                0x080051f6       0x12 bin/stm32f10x_adc.o
                0x080051f6                ADC_DMACmd
 .text.ADC_ResetCalibration
                0x08005208        0xa bin/stm32f10x_adc.o
                0x08005208                ADC_ResetCalibration
 .text.ADC_GetResetCalibrationStatus
                0x08005212        0x8 bin/stm32f10x_adc.o
                0x08005212                ADC_GetResetCalibrationStatus
 .text.ADC_StartCalibration
                0x0800521a        0xa bin/stm32f10x_adc.o
                0x0800521a                ADC_StartCalibration
 .text.ADC_GetCalibrationStatus
                0x08005224        0x8 bin/stm32f10x_adc.o
                0x08005224                ADC_GetCalibrationStatus
 .text.ADC_RegularChannelConfig
                0x0800522c       0x90 bin/stm32f10x_adc.o
                0x0800522c                ADC_RegularChannelConfig
 .text.ADC_ExternalTrigConvCmd
                0x080052bc       0x12 bin/stm32f10x_adc.o
                0x080052bc                ADC_ExternalTrigConvCmd
 *fill*         0x080052ce        0x2 
 .text.ADC_TempSensorVrefintCmd
                0x080052d0       0x18 bin/stm32f10x_adc.o
                0x080052d0                ADC_TempSensorVrefintCmd
 .text.DBGMCU_Config
                0x080052e8       0x18 bin/stm32f10x_dbgmcu.o
                0x080052e8                DBGMCU_Config
 .text.DMA_DeInit
                0x08005300       0xec bin/stm32f10x_dma.o
                0x08005300                DMA_DeInit
 .text.DMA_Init
                0x080053ec       0x3c bin/stm32f10x_dma.o
                0x080053ec                DMA_Init
 .text.DMA_Cmd  0x08005428       0x12 bin/stm32f10x_dma.o
                0x08005428                DMA_Cmd
 .text.DMA_ITConfig
                0x0800543a       0x10 bin/stm32f10x_dma.o
                0x0800543a                DMA_ITConfig
 *fill*         0x0800544a        0x2 
 .text.DMA_ClearFlag
                0x0800544c       0x14 bin/stm32f10x_dma.o
                0x0800544c                DMA_ClearFlag
 .text.DMA_GetITStatus
                0x08005460       0x1c bin/stm32f10x_dma.o
                0x08005460                DMA_GetITStatus
 .text.DMA_ClearITPendingBit
                0x0800547c       0x14 bin/stm32f10x_dma.o
                0x0800547c                DMA_ClearITPendingBit
 .text.EXTI_Init
                0x08005490       0x84 bin/stm32f10x_exti.o
                0x08005490                EXTI_Init
 .text.EXTI_GetITStatus
                0x08005514       0x1c bin/stm32f10x_exti.o
                0x08005514                EXTI_GetITStatus
 .text.EXTI_ClearITPendingBit
                0x08005530        0xc bin/stm32f10x_exti.o
                0x08005530                EXTI_ClearITPendingBit
 .text.FLASH_SetLatency
                0x0800553c       0x14 bin/stm32f10x_flash.o
                0x0800553c                FLASH_SetLatency
 .text.FLASH_PrefetchBufferCmd
                0x08005550       0x18 bin/stm32f10x_flash.o
                0x08005550                FLASH_PrefetchBufferCmd
 .text.GPIO_Init
                0x08005568       0x90 bin/stm32f10x_gpio.o
                0x08005568                GPIO_Init
 .text.GPIO_ReadInputDataBit
                0x080055f8        0xc bin/stm32f10x_gpio.o
                0x080055f8                GPIO_ReadInputDataBit
 .text.GPIO_SetBits
                0x08005604        0x4 bin/stm32f10x_gpio.o
                0x08005604                GPIO_SetBits
 .text.GPIO_ResetBits
                0x08005608        0x4 bin/stm32f10x_gpio.o
                0x08005608                GPIO_ResetBits
 .text.GPIO_PinRemapConfig
                0x0800560c       0x54 bin/stm32f10x_gpio.o
                0x0800560c                GPIO_PinRemapConfig
 .text.GPIO_EXTILineConfig
                0x08005660       0x2a bin/stm32f10x_gpio.o
                0x08005660                GPIO_EXTILineConfig
 *fill*         0x0800568a        0x2 
 .text.I2C_DeInit
                0x0800568c       0x34 bin/stm32f10x_i2c.o
                0x0800568c                I2C_DeInit
 .text.I2C_Init
                0x080056c0       0xdc bin/stm32f10x_i2c.o
                0x080056c0                I2C_Init
 .text.I2C_SoftwareResetCmd
                0x0800579c       0x18 bin/stm32f10x_i2c.o
                0x0800579c                I2C_SoftwareResetCmd
 .text.I2C_ClearFlag
                0x080057b4        0x8 bin/stm32f10x_i2c.o
                0x080057b4                I2C_ClearFlag
 .text.RCC_DeInit
                0x080057bc       0x40 bin/stm32f10x_rcc.o
                0x080057bc                RCC_DeInit
 .text.RCC_HSEConfig
                0x080057fc       0x38 bin/stm32f10x_rcc.o
                0x080057fc                RCC_HSEConfig
 .text.RCC_PLLConfig
                0x08005834       0x14 bin/stm32f10x_rcc.o
                0x08005834                RCC_PLLConfig
 .text.RCC_PLLCmd
                0x08005848        0xc bin/stm32f10x_rcc.o
                0x08005848                RCC_PLLCmd
 .text.RCC_SYSCLKConfig
                0x08005854       0x14 bin/stm32f10x_rcc.o
                0x08005854                RCC_SYSCLKConfig
 .text.RCC_GetSYSCLKSource
                0x08005868       0x10 bin/stm32f10x_rcc.o
                0x08005868                RCC_GetSYSCLKSource
 .text.RCC_HCLKConfig
                0x08005878       0x14 bin/stm32f10x_rcc.o
                0x08005878                RCC_HCLKConfig
 .text.RCC_PCLK1Config
                0x0800588c       0x14 bin/stm32f10x_rcc.o
                0x0800588c                RCC_PCLK1Config
 .text.RCC_PCLK2Config
                0x080058a0       0x14 bin/stm32f10x_rcc.o
                0x080058a0                RCC_PCLK2Config
 .text.RCC_ADCCLKConfig
                0x080058b4       0x14 bin/stm32f10x_rcc.o
                0x080058b4                RCC_ADCCLKConfig
 .text.RCC_GetClocksFreq
                0x080058c8       0x90 bin/stm32f10x_rcc.o
                0x080058c8                RCC_GetClocksFreq
 .text.RCC_AHBPeriphClockCmd
                0x08005958       0x18 bin/stm32f10x_rcc.o
                0x08005958                RCC_AHBPeriphClockCmd
 .text.RCC_APB2PeriphClockCmd
                0x08005970       0x18 bin/stm32f10x_rcc.o
                0x08005970                RCC_APB2PeriphClockCmd
 .text.RCC_APB1PeriphClockCmd
                0x08005988       0x18 bin/stm32f10x_rcc.o
                0x08005988                RCC_APB1PeriphClockCmd
 .text.RCC_APB2PeriphResetCmd
                0x080059a0       0x18 bin/stm32f10x_rcc.o
                0x080059a0                RCC_APB2PeriphResetCmd
 .text.RCC_APB1PeriphResetCmd
                0x080059b8       0x18 bin/stm32f10x_rcc.o
                0x080059b8                RCC_APB1PeriphResetCmd
 .text.RCC_MCOConfig
                0x080059d0        0xc bin/stm32f10x_rcc.o
                0x080059d0                RCC_MCOConfig
 .text.RCC_GetFlagStatus
                0x080059dc       0x28 bin/stm32f10x_rcc.o
                0x080059dc                RCC_GetFlagStatus
 .text.RCC_WaitForHSEStartUp
                0x08005a04       0x30 bin/stm32f10x_rcc.o
                0x08005a04                RCC_WaitForHSEStartUp
 .text.SPI_Init
                0x08005a34       0x3e bin/stm32f10x_spi.o
                0x08005a34                SPI_Init
 .text.SPI_Cmd  0x08005a72       0x18 bin/stm32f10x_spi.o
                0x08005a72                SPI_Cmd
 .text.SPI_I2S_SendData
                0x08005a8a        0x4 bin/stm32f10x_spi.o
                0x08005a8a                SPI_I2S_SendData
 .text.SPI_I2S_ReceiveData
                0x08005a8e        0x6 bin/stm32f10x_spi.o
                0x08005a8e                SPI_I2S_ReceiveData
 .text.SPI_I2S_GetFlagStatus
                0x08005a94        0xc bin/stm32f10x_spi.o
                0x08005a94                SPI_I2S_GetFlagStatus
 .text.TIM_TimeBaseInit
                0x08005aa0       0x3c bin/stm32f10x_tim.o
                0x08005aa0                TIM_TimeBaseInit
 .text.TIM_OC2Init
                0x08005adc       0x88 bin/stm32f10x_tim.o
                0x08005adc                TIM_OC2Init
 .text.TIM_OC3Init
                0x08005b64       0x84 bin/stm32f10x_tim.o
                0x08005b64                TIM_OC3Init
 .text.TIM_OC4Init
                0x08005be8       0x68 bin/stm32f10x_tim.o
                0x08005be8                TIM_OC4Init
 .text.TIM_Cmd  0x08005c50       0x18 bin/stm32f10x_tim.o
                0x08005c50                TIM_Cmd
 .text.TIM_CtrlPWMOutputs
                0x08005c68       0x1c bin/stm32f10x_tim.o
                0x08005c68                TIM_CtrlPWMOutputs
 .text.TIM_ITConfig
                0x08005c84       0x12 bin/stm32f10x_tim.o
                0x08005c84                TIM_ITConfig
 .text.TIM_OC2PreloadConfig
                0x08005c96       0x14 bin/stm32f10x_tim.o
                0x08005c96                TIM_OC2PreloadConfig
 .text.TIM_OC3PreloadConfig
                0x08005caa       0x10 bin/stm32f10x_tim.o
                0x08005caa                TIM_OC3PreloadConfig
 .text.TIM_OC4PreloadConfig
                0x08005cba       0x14 bin/stm32f10x_tim.o
                0x08005cba                TIM_OC4PreloadConfig
 .text.TIM_SetCompare3
                0x08005cce        0x4 bin/stm32f10x_tim.o
                0x08005cce                TIM_SetCompare3
 .text.TIM_SetCompare4
                0x08005cd2        0x6 bin/stm32f10x_tim.o
                0x08005cd2                TIM_SetCompare4
 .text.TIM_ClearITPendingBit
                0x08005cd8        0x8 bin/stm32f10x_tim.o
                0x08005cd8                TIM_ClearITPendingBit
 .text.USART_ITConfig
                0x08005ce0       0x30 bin/stm32f10x_usart.o
                0x08005ce0                USART_ITConfig
 .text.USART_SendData
                0x08005d10        0x8 bin/stm32f10x_usart.o
                0x08005d10                USART_SendData
 .text.USART_ReceiveData
                0x08005d18        0x8 bin/stm32f10x_usart.o
                0x08005d18                USART_ReceiveData
 .text.USART_GetITStatus
                0x08005d20       0x40 bin/stm32f10x_usart.o
                0x08005d20                USART_GetITStatus
 .text.USART_ClearITPendingBit
                0x08005d60        0xe bin/stm32f10x_usart.o
                0x08005d60                USART_ClearITPendingBit
 *fill*         0x08005d6e        0x2 
 .text.startup.main
                0x08005d70       0xd4 bin/main.o
                0x08005d70                main
 .text.ledSet.part.0
                0x08005e44       0x38 bin/led.o
 .text.ledInit  0x08005e7c       0x54 bin/led.o
                0x08005e7c                ledInit
 .text.ledTest  0x08005ed0        0xc bin/led.o
                0x08005ed0                ledTest
 .text.ledSet   0x08005edc        0xa bin/led.o
                0x08005edc                ledSet
 *fill*         0x08005ee6        0x2 
 .text.uartIsr  0x08005ee8       0xc8 bin/uart.o
                0x08005ee8                uartIsr
 .text.uartSendData
                0x08005fb0       0x20 bin/uart.o
                0x08005fb0                uartSendData
 .text.uartPutchar
                0x08005fd0       0x18 bin/uart.o
                0x08005fd0                uartPutchar
 .text.adcInit  0x08005fe8      0x1f0 bin/adc.o
                0x08005fe8                adcInit
 .text.adcTest  0x080061d8        0xc bin/adc.o
                0x080061d8                adcTest
 .text.adcConvertToVoltageFloat
                0x080061e4       0x34 bin/adc.o
                0x080061e4                adcConvertToVoltageFloat
 .text.adcDmaStart
                0x08006218       0x2c bin/adc.o
                0x08006218                adcDmaStart
 .text.adcTask  0x08006244       0x58 bin/adc.o
                0x08006244                adcTask
 .text.adcInterruptHandler
                0x0800629c       0x58 bin/adc.o
                0x0800629c                adcInterruptHandler
 .text.spiSendByte
                0x080062f4       0x34 bin/nrf24l01.o
 .text.nrfReadReg
                0x08006328       0x40 bin/nrf24l01.o
                0x08006328                nrfReadReg
 .text.nrfWriteReg
                0x08006368       0x44 bin/nrf24l01.o
                0x08006368                nrfWriteReg
 .text.nrfWrite1Reg
                0x080063ac       0x16 bin/nrf24l01.o
                0x080063ac                nrfWrite1Reg
 .text.nrfRead1Reg
                0x080063c2       0x16 bin/nrf24l01.o
                0x080063c2                nrfRead1Reg
 .text.nrfFlushRx
                0x080063d8       0x28 bin/nrf24l01.o
                0x080063d8                nrfFlushRx
 .text.nrfFlushTx
                0x08006400       0x28 bin/nrf24l01.o
                0x08006400                nrfFlushTx
 .text.nrfRxLength
                0x08006428       0x30 bin/nrf24l01.o
                0x08006428                nrfRxLength
 .text.nrfWriteAck
                0x08006458       0x58 bin/nrf24l01.o
                0x08006458                nrfWriteAck
 .text.nrfReadRX
                0x080064b0       0x3c bin/nrf24l01.o
                0x080064b0                nrfReadRX
 .text.nrfIsr   0x080064ec       0x10 bin/nrf24l01.o
                0x080064ec                nrfIsr
 .text.nrfSetInterruptCallback
                0x080064fc        0xc bin/nrf24l01.o
                0x080064fc                nrfSetInterruptCallback
 .text.nrfSetChannel
                0x08006508       0x10 bin/nrf24l01.o
                0x08006508                nrfSetChannel
 .text.nrfSetDatarate
                0x08006518       0x20 bin/nrf24l01.o
                0x08006518                nrfSetDatarate
 .text.nrfSetAddress
                0x08006538       0x3c bin/nrf24l01.o
                0x08006538                nrfSetAddress
 .text.nrfSetEnable
                0x08006574       0x1c bin/nrf24l01.o
                0x08006574                nrfSetEnable
 .text.nrfInit  0x08006590      0x144 bin/nrf24l01.o
                0x08006590                nrfInit
 .text.nrfTest  0x080066d4       0x14 bin/nrf24l01.o
                0x080066d4                nrfTest
 .text.extiInit
                0x080066e8       0x30 bin/exti.o
                0x080066e8                extiInit
 .text.extiTest
                0x08006718        0xc bin/exti.o
                0x08006718                extiTest
 .text.extiInterruptHandler
                0x08006724       0x20 bin/exti.o
                0x08006724                extiInterruptHandler
 .text.nvicInit
                0x08006744        0x8 bin/nvic.o
                0x08006744                nvicInit
 .text.NMI_Handler
                0x0800674c        0x2 bin/nvic.o
                0x0800674c                NMI_Handler
 .text.HardFault_Handler
                0x0800674e       0x14 bin/nvic.o
                0x0800674e                HardFault_Handler
 *fill*         0x08006762        0x2 
 .text.printHardFault
                0x08006764      0x104 bin/nvic.o
                0x08006764                printHardFault
 .text.MemManage_Handler
                0x08006868        0x2 bin/nvic.o
                0x08006868                MemManage_Handler
 .text.BusFault_Handler
                0x0800686a        0x2 bin/nvic.o
                0x0800686a                BusFault_Handler
 .text.UsageFault_Handler
                0x0800686c        0x2 bin/nvic.o
                0x0800686c                UsageFault_Handler
 .text.DebugMon_Handler
                0x0800686e        0x2 bin/nvic.o
                0x0800686e                DebugMon_Handler
 .text.DMA1_Channel1_IRQHandler
                0x08006870        0x4 bin/nvic.o
                0x08006870                DMA1_Channel1_IRQHandler
 .text.DMA1_Channel2_IRQHandler
                0x08006874        0x2 bin/nvic.o
                0x08006874                DMA1_Channel2_IRQHandler
 .text.DMA1_Channel4_IRQHandler
                0x08006876        0x4 bin/nvic.o
                0x08006876                DMA1_Channel4_IRQHandler
 .text.DMA1_Channel5_IRQHandler
                0x0800687a        0x4 bin/nvic.o
                0x0800687a                DMA1_Channel5_IRQHandler
 .text.DMA1_Channel6_IRQHandler
                0x0800687e        0x4 bin/nvic.o
                0x0800687e                DMA1_Channel6_IRQHandler
 .text.DMA1_Channel7_IRQHandler
                0x08006882        0x4 bin/nvic.o
                0x08006882                DMA1_Channel7_IRQHandler
 .text.EXTI9_5_IRQHandler
                0x08006886        0x4 bin/nvic.o
                0x08006886                EXTI9_5_IRQHandler
 .text.USART3_IRQHandler
                0x0800688a        0x4 bin/nvic.o
                0x0800688a                USART3_IRQHandler
 *fill*         0x0800688e        0x2 
 .text.TIM1_UP_IRQHandler
                0x08006890       0x2c bin/nvic.o
                0x08006890                TIM1_UP_IRQHandler
 .text.I2C1_EV_IRQHandler
                0x080068bc        0x4 bin/nvic.o
                0x080068bc                I2C1_EV_IRQHandler
 .text.I2C1_ER_IRQHandler
                0x080068c0        0x4 bin/nvic.o
                0x080068c0                I2C1_ER_IRQHandler
 .text.I2C2_EV_IRQHandler
                0x080068c4        0x2 bin/nvic.o
                0x080068c4                I2C2_EV_IRQHandler
 *fill*         0x080068c6        0x2 
 .text.I2C2_ER_IRQHandler
                0x080068c8       0x10 bin/nvic.o
                0x080068c8                I2C2_ER_IRQHandler
 .text.motorsSetRatio.part.0
                0x080068d8        0xc bin/motors.o
 .text.motorsInit
                0x080068e4      0x118 bin/motors.o
                0x080068e4                motorsInit
 .text.motorsSetRatio
                0x080069fc       0x30 bin/motors.o
                0x080069fc                motorsSetRatio
 .text.motorsTest
                0x08006a2c       0x44 bin/motors.o
                0x08006a2c                motorsTest
 .text.mpu6050Init
                0x08006a70       0x24 bin/mpu6050.o
                0x08006a70                mpu6050Init
 .text.mpu6050EvaluateSelfTest
                0x08006a94       0x5c bin/mpu6050.o
                0x08006a94                mpu6050EvaluateSelfTest
 .text.mpu6050SetRate
                0x08006af0       0x18 bin/mpu6050.o
                0x08006af0                mpu6050SetRate
 .text.mpu6050SetDLPFMode
                0x08006b08       0x28 bin/mpu6050.o
                0x08006b08                mpu6050SetDLPFMode
 .text.mpu6050GetFullScaleGyroRangeId
                0x08006b30       0x2c bin/mpu6050.o
                0x08006b30                mpu6050GetFullScaleGyroRangeId
 .text.mpu6050GetFullScaleGyroDPL
                0x08006b5c       0x20 bin/mpu6050.o
                0x08006b5c                mpu6050GetFullScaleGyroDPL
 .text.mpu6050SetFullScaleGyroRange
                0x08006b7c       0x28 bin/mpu6050.o
                0x08006b7c                mpu6050SetFullScaleGyroRange
 .text.mpu6050SetGyroXSelfTest
                0x08006ba4       0x24 bin/mpu6050.o
                0x08006ba4                mpu6050SetGyroXSelfTest
 .text.mpu6050SetGyroYSelfTest
                0x08006bc8       0x24 bin/mpu6050.o
                0x08006bc8                mpu6050SetGyroYSelfTest
 .text.mpu6050SetGyroZSelfTest
                0x08006bec       0x24 bin/mpu6050.o
                0x08006bec                mpu6050SetGyroZSelfTest
 .text.mpu6050SetAccelXSelfTest
                0x08006c10       0x24 bin/mpu6050.o
                0x08006c10                mpu6050SetAccelXSelfTest
 .text.mpu6050SetAccelYSelfTest
                0x08006c34       0x24 bin/mpu6050.o
                0x08006c34                mpu6050SetAccelYSelfTest
 .text.mpu6050SetAccelZSelfTest
                0x08006c58       0x24 bin/mpu6050.o
                0x08006c58                mpu6050SetAccelZSelfTest
 .text.mpu6050GetFullScaleAccelRangeId
                0x08006c7c       0x2c bin/mpu6050.o
                0x08006c7c                mpu6050GetFullScaleAccelRangeId
 .text.mpu6050GetFullScaleAccelGPL
                0x08006ca8       0x20 bin/mpu6050.o
                0x08006ca8                mpu6050GetFullScaleAccelGPL
 .text.mpu6050SetFullScaleAccelRange
                0x08006cc8       0x28 bin/mpu6050.o
                0x08006cc8                mpu6050SetFullScaleAccelRange
 .text.mpu6050SetI2CBypassEnabled
                0x08006cf0       0x24 bin/mpu6050.o
                0x08006cf0                mpu6050SetI2CBypassEnabled
 .text.mpu6050SetIntEnabled
                0x08006d14       0x18 bin/mpu6050.o
                0x08006d14                mpu6050SetIntEnabled
 .text.mpu6050GetMotion6
                0x08006d2c       0x74 bin/mpu6050.o
                0x08006d2c                mpu6050GetMotion6
 .text.mpu6050SelfTest
                0x08006da0      0x268 bin/mpu6050.o
                0x08006da0                mpu6050SelfTest
 .text.mpu6050Reset
                0x08007008       0x24 bin/mpu6050.o
                0x08007008                mpu6050Reset
 .text.mpu6050SetSleepEnabled
                0x0800702c       0x24 bin/mpu6050.o
                0x0800702c                mpu6050SetSleepEnabled
 .text.mpu6050SetTempSensorEnabled
                0x08007050       0x28 bin/mpu6050.o
                0x08007050                mpu6050SetTempSensorEnabled
 .text.mpu6050SetClockSource
                0x08007078       0x28 bin/mpu6050.o
                0x08007078                mpu6050SetClockSource
 .text.mpu6050GetDeviceID
                0x080070a0       0x2c bin/mpu6050.o
                0x080070a0                mpu6050GetDeviceID
 .text.mpu6050TestConnection
                0x080070cc       0x10 bin/mpu6050.o
                0x080070cc                mpu6050TestConnection
 .text.i2cdevRuffLoopDelay.constprop.1
                0x080070dc       0x14 bin/i2cdev.o
 .text.i2cdevInit
                0x080070f0      0x34c bin/i2cdev.o
                0x080070f0                i2cdevInit
 .text.i2cdevRead
                0x0800743c       0x4a bin/i2cdev.o
                0x0800743c                i2cdevRead
 .text.i2cdevReadByte
                0x08007486       0x10 bin/i2cdev.o
                0x08007486                i2cdevReadByte
 .text.i2cdevReadBits
                0x08007496       0x32 bin/i2cdev.o
                0x08007496                i2cdevReadBits
 .text.i2cdevWrite
                0x080074c8       0x64 bin/i2cdev.o
                0x080074c8                i2cdevWrite
 .text.i2cdevWriteByte
                0x0800752c       0x14 bin/i2cdev.o
                0x0800752c                i2cdevWriteByte
 .text.i2cdevWriteBit
                0x08007540       0x40 bin/i2cdev.o
                0x08007540                i2cdevWriteBit
 .text.i2cdevWriteBits
                0x08007580       0x52 bin/i2cdev.o
                0x08007580                i2cdevWriteBits
 *fill*         0x080075d2        0x2 
 .text.i2cDmaInterruptHandlerI2c1
                0x080075d4       0x4c bin/i2cdev.o
                0x080075d4                i2cDmaInterruptHandlerI2c1
 .text.i2cDmaInterruptHandlerI2c2
                0x08007620       0x4c bin/i2cdev.o
                0x08007620                i2cDmaInterruptHandlerI2c2
 .text.I2C_DMAConfig.part.0
                0x0800766c       0x68 bin/i2croutines.o
 .text.I2C_Master_BufferWrite
                0x080076d4      0x178 bin/i2croutines.o
                0x080076d4                I2C_Master_BufferWrite
 .text.I2C_LowLevel_Init
                0x0800784c      0x1d4 bin/i2croutines.o
                0x0800784c                I2C_LowLevel_Init
 .text.I2C_DMAConfig
                0x08007a20       0x68 bin/i2croutines.o
                0x08007a20                I2C_DMAConfig
 .text.I2C_Master_BufferRead
                0x08007a88      0x190 bin/i2croutines.o
                0x08007a88                I2C_Master_BufferRead
 .text.i2cInterruptHandlerI2c1
                0x08007c18      0x16c bin/i2croutines.o
                0x08007c18                i2cInterruptHandlerI2c1
 .text.i2cErrorInterruptHandlerI2c1
                0x08007d84       0x74 bin/i2croutines.o
                0x08007d84                i2cErrorInterruptHandlerI2c1
 .text.hmc5883lTestConnection
                0x08007df8       0x44 bin/hmc5883l.o
                0x08007df8                hmc5883lTestConnection
 .text.hmc5883lEvaluateSelfTest
                0x08007e3c       0x30 bin/hmc5883l.o
                0x08007e3c                hmc5883lEvaluateSelfTest
 .text.hmc5883lSetGain
                0x08007e6c       0x1c bin/hmc5883l.o
                0x08007e6c                hmc5883lSetGain
 .text.hmc5883lInit
                0x08007e88       0x30 bin/hmc5883l.o
                0x08007e88                hmc5883lInit
 .text.hmc5883lSetMode
                0x08007eb8       0x28 bin/hmc5883l.o
                0x08007eb8                hmc5883lSetMode
 .text.hmc5883lGetHeading
                0x08007ee0       0x68 bin/hmc5883l.o
                0x08007ee0                hmc5883lGetHeading
 .text.hmc5883lSelfTest
                0x08007f48      0x144 bin/hmc5883l.o
                0x08007f48                hmc5883lSelfTest
 .text.ms5611EvaluateSelfTest
                0x0800808c       0x5c bin/ms5611.o
                0x0800808c                ms5611EvaluateSelfTest
 .text.ms5611CalcPressure
                0x080080e8       0xa4 bin/ms5611.o
                0x080080e8                ms5611CalcPressure
 .text.ms5611CalcTemp
                0x0800818c       0x34 bin/ms5611.o
                0x0800818c                ms5611CalcTemp
 .text.ms5611CalcDeltaTemp
                0x080081c0       0x10 bin/ms5611.o
                0x080081c0                ms5611CalcDeltaTemp
 .text.ms5611StartConversion
                0x080081d0       0x18 bin/ms5611.o
                0x080081d0                ms5611StartConversion
 .text.ms5611GetConversion
                0x080081e8       0x44 bin/ms5611.o
                0x080081e8                ms5611GetConversion
 .text.ms5611SelfTest
                0x0800822c       0x98 bin/ms5611.o
                0x0800822c                ms5611SelfTest
 .text.ms5611ReadPROM
                0x080082c4       0x50 bin/ms5611.o
                0x080082c4                ms5611ReadPROM
 .text.ms5611Reset
                0x08008314       0x18 bin/ms5611.o
                0x08008314                ms5611Reset
 .text.ms5611Init
                0x0800832c       0x38 bin/ms5611.o
                0x0800832c                ms5611Init
 *fill*         0x08008364        0x4 
 .text.ms5611PressureToAltitude
                0x08008368       0x80 bin/ms5611.o
                0x08008368                ms5611PressureToAltitude
 .text.ms5611GetData
                0x080083e8       0x84 bin/ms5611.o
                0x080083e8                ms5611GetData
 .text.nopFunc  0x0800846c        0x4 bin/crtp.o
 .text.crtpRxTask
                0x08008470       0x60 bin/crtp.o
 .text.crtpTxTask
                0x080084d0       0x2c bin/crtp.o
 .text.crtpInit
                0x080084fc       0x74 bin/crtp.o
                0x080084fc                crtpInit
 .text.crtpTest
                0x08008570        0xc bin/crtp.o
                0x08008570                crtpTest
 .text.crtpInitTaskQueue
                0x0800857c       0x34 bin/crtp.o
                0x0800857c                crtpInitTaskQueue
 .text.crtpReceivePacketBlock
                0x080085b0       0x4c bin/crtp.o
                0x080085b0                crtpReceivePacketBlock
 .text.crtpRegisterPortCB
                0x080085fc       0x10 bin/crtp.o
                0x080085fc                crtpRegisterPortCB
 .text.crtpSendPacket
                0x0800860c       0x30 bin/crtp.o
                0x0800860c                crtpSendPacket
 .text.crtpSendPacketBlock
                0x0800863c       0x30 bin/crtp.o
                0x0800863c                crtpSendPacketBlock
 .text.crtpReset
                0x0800866c       0x24 bin/crtp.o
                0x0800866c                crtpReset
 .text.crtpIsConnected
                0x08008690       0x18 bin/crtp.o
                0x08008690                crtpIsConnected
 .text.crtpSetLink
                0x080086a8       0x2c bin/crtp.o
                0x080086a8                crtpSetLink
 .text.updateActive
                0x080086d4       0x3c bin/ledseq.o
 .text.runLedseq
                0x08008710       0xc8 bin/ledseq.o
 .text.ledseqInit
                0x080087d8       0xa8 bin/ledseq.o
                0x080087d8                ledseqInit
 .text.ledseqTest
                0x08008880       0x14 bin/ledseq.o
                0x08008880                ledseqTest
 .text.ledseqRun
                0x08008894       0x78 bin/ledseq.o
                0x08008894                ledseqRun
 .text.ledseqSetTimes
                0x0800890c        0x6 bin/ledseq.o
                0x0800890c                ledseqSetTimes
 *fill*         0x08008912        0x2 
 .text.ledseqStop
                0x08008914       0x68 bin/ledseq.o
                0x08008914                ledseqStop
 .text.vApplicationStackOverflowHook
                0x0800897c       0x14 bin/freeRTOSdebug.o
                0x0800897c                vApplicationStackOverflowHook
 .text.debugSendTraceInfo
                0x08008990        0x2 bin/freeRTOSdebug.o
                0x08008990                debugSendTraceInfo
 *fill*         0x08008992        0x6 
 .text.imu6Init
                0x08008998      0x1e0 bin/imu.o
                0x08008998                imu6Init
 .text.imu6Test
                0x08008b78       0x8c bin/imu.o
                0x08008b78                imu6Test
 .text.imu6Read
                0x08008c04      0x378 bin/imu.o
                0x08008c04                imu6Read
 .text.imu9Read
                0x08008f7c       0x64 bin/imu.o
                0x08008f7c                imu9Read
 .text.imu6IsCalibrated
                0x08008fe0        0xc bin/imu.o
                0x08008fe0                imu6IsCalibrated
 .text.imuHasBarometer
                0x08008fec        0xc bin/imu.o
                0x08008fec                imuHasBarometer
 .text.pmInit   0x08008ff8       0xf4 bin/pm.o
                0x08008ff8                pmInit
 .text.pmTest   0x080090ec        0xc bin/pm.o
                0x080090ec                pmTest
 .text.pmBatteryUpdate
                0x080090f8       0x80 bin/pm.o
                0x080090f8                pmBatteryUpdate
 .text.pmSetChargeState
                0x08009178       0x58 bin/pm.o
                0x08009178                pmSetChargeState
 .text.pmUpdateState
                0x080091d0       0x54 bin/pm.o
                0x080091d0                pmUpdateState
 *fill*         0x08009224        0x4 
 .text.pmTask   0x08009228      0x1e0 bin/pm.o
                0x08009228                pmTask
 .text.pmIsDischarging
                0x08009408       0x18 bin/pm.o
                0x08009408                pmIsDischarging
 .text.isConnected
                0x08009420       0x1c bin/radiolink.o
 .text.setEnable
                0x0800943c       0x14 bin/radiolink.o
 .text.radiolinkTask
                0x08009450       0xd4 bin/radiolink.o
 .text.interruptCallback
                0x08009524       0x28 bin/radiolink.o
 .text.radiolinkInitNRF24L01P
                0x0800954c       0x68 bin/radiolink.o
 .text.reset    0x080095b4       0x18 bin/radiolink.o
 .text.sendPacket
                0x080095cc       0x28 bin/radiolink.o
 .text.receivePacket
                0x080095f4       0x28 bin/radiolink.o
 .text.radiolinkInit
                0x0800961c       0x94 bin/radiolink.o
                0x0800961c                radiolinkInit
 .text.radiolinkTest
                0x080096b0        0x4 bin/radiolink.o
                0x080096b0                radiolinkTest
 .text.radiolinkGetLink
                0x080096b4        0x8 bin/radiolink.o
                0x080096b4                radiolinkGetLink
 .text.radiolinkReInit
                0x080096bc       0x10 bin/radiolink.o
                0x080096bc                radiolinkReInit
 .text.initUsecTimer
                0x080096cc       0x7c bin/usec_time.o
                0x080096cc                initUsecTimer
 .text.systemLaunch
                0x08009748       0x28 bin/system.o
                0x08009748                systemLaunch
 .text.systemInit
                0x08009770       0x40 bin/system.o
                0x08009770                systemInit
 .text.systemTest
                0x080097b0       0x28 bin/system.o
                0x080097b0                systemTest
 .text.systemStart
                0x080097d8       0x14 bin/system.o
                0x080097d8                systemStart
 .text.systemTask
                0x080097ec      0x100 bin/system.o
 .text.systemWaitStart
                0x080098ec       0x38 bin/system.o
                0x080098ec                systemWaitStart
 .text.systemSetCanFly
                0x08009924        0xc bin/system.o
                0x08009924                systemSetCanFly
 .text.commInit
                0x08009930       0x34 bin/comm.o
                0x08009930                commInit
 .text.commTest
                0x08009964       0x30 bin/comm.o
                0x08009964                commTest
 .text.consoleInit
                0x08009994       0x3c bin/console.o
                0x08009994                consoleInit
 .text.consoleTest
                0x080099d0        0xc bin/console.o
                0x080099d0                consoleTest
 .text.consolePutchar
                0x080099dc       0x58 bin/console.o
                0x080099dc                consolePutchar
 .text.pidInit  0x08009a34       0x2c bin/pid.o
                0x08009a34                pidInit
 .text.pidUpdate
                0x08009a60       0x88 bin/pid.o
                0x08009a60                pidUpdate
 .text.pidSetIntegralLimit
                0x08009ae8        0x4 bin/pid.o
                0x08009ae8                pidSetIntegralLimit
 .text.pidReset
                0x08009aec        0xc bin/pid.o
                0x08009aec                pidReset
 .text.pidSetError
                0x08009af8        0x4 bin/pid.o
                0x08009af8                pidSetError
 .text.pidSetDesired
                0x08009afc        0x4 bin/pid.o
                0x08009afc                pidSetDesired
 .text.crtpserviceHandler
                0x08009b00       0x16 bin/crtpservice.o
                0x08009b00                crtpserviceHandler
 *fill*         0x08009b16        0x2 
 .text.crtpserviceInit
                0x08009b18       0x20 bin/crtpservice.o
                0x08009b18                crtpserviceInit
 .text.crtpserviceTest
                0x08009b38        0xc bin/crtpservice.o
                0x08009b38                crtpserviceTest
 .text.variableGetIndex
                0x08009b44       0x38 bin/param.o
 .text.paramInit
                0x08009b7c       0x8c bin/param.o
                0x08009b7c                paramInit
 .text.paramTest
                0x08009c08        0xc bin/param.o
                0x08009c08                paramTest
 .text.paramTOCProcess
                0x08009c14       0xe4 bin/param.o
                0x08009c14                paramTOCProcess
 .text.paramTask
                0x08009cf8       0xfc bin/param.o
 .text.commanderCrtpCB
                0x08009df4       0x44 bin/commander.o
 .text.commanderInit
                0x08009e38       0x38 bin/commander.o
                0x08009e38                commanderInit
 .text.commanderTest
                0x08009e70       0x10 bin/commander.o
                0x08009e70                commanderTest
 .text.commanderWatchdog
                0x08009e80       0x54 bin/commander.o
                0x08009e80                commanderWatchdog
 .text.commanderGetInactivityTime
                0x08009ed4       0x14 bin/commander.o
                0x08009ed4                commanderGetInactivityTime
 .text.commanderGetRPY
                0x08009ee8       0x24 bin/commander.o
                0x08009ee8                commanderGetRPY
 *fill*         0x08009f0c        0x4 
 .text.commanderGetAltHold
                0x08009f10       0x78 bin/commander.o
                0x08009f10                commanderGetAltHold
 .text.commanderGetRPYType
                0x08009f88        0xc bin/commander.o
                0x08009f88                commanderGetRPYType
 .text.commanderGetThrust
                0x08009f94       0x34 bin/commander.o
                0x08009f94                commanderGetThrust
 .text.controllerInit
                0x08009fc8       0xec bin/controller.o
                0x08009fc8                controllerInit
 .text.controllerTest
                0x0800a0b4        0xc bin/controller.o
                0x0800a0b4                controllerTest
 .text.controllerCorrectRatePID
                0x0800a0c0      0x110 bin/controller.o
                0x0800a0c0                controllerCorrectRatePID
 .text.controllerCorrectAttitudePID
                0x0800a1d0       0x94 bin/controller.o
                0x0800a1d0                controllerCorrectAttitudePID
 .text.controllerResetAllPID
                0x0800a264       0x44 bin/controller.o
                0x0800a264                controllerResetAllPID
 .text.controllerGetActuatorOutput
                0x0800a2a8       0x20 bin/controller.o
                0x0800a2a8                controllerGetActuatorOutput
 .text.sensfusion6Init
                0x0800a2c8       0x10 bin/sensfusion6.o
                0x0800a2c8                sensfusion6Init
 .text.sensfusion6Test
                0x0800a2d8        0xc bin/sensfusion6.o
                0x0800a2d8                sensfusion6Test
 *fill*         0x0800a2e4        0x4 
 .text.sensfusion6UpdateQ
                0x0800a2e8      0x4d8 bin/sensfusion6.o
                0x0800a2e8                sensfusion6UpdateQ
 .text.sensfusion6GetEulerRPY
                0x0800a7c0      0x1a8 bin/sensfusion6.o
                0x0800a7c0                sensfusion6GetEulerRPY
 .text.sensfusion6GetAccZWithoutGravity
                0x0800a968       0xe0 bin/sensfusion6.o
                0x0800a968                sensfusion6GetAccZWithoutGravity
 .text.deadband
                0x0800aa48       0x40 bin/stabilizer.o
 .text.distributePower
                0x0800aa88       0x88 bin/stabilizer.o
 .text.stabilizerTask
                0x0800ab10      0x57c bin/stabilizer.o
 .text.stabilizerInit
                0x0800b08c       0x60 bin/stabilizer.o
                0x0800b08c                stabilizerInit
 .text.stabilizerTest
                0x0800b0ec       0x1e bin/stabilizer.o
                0x0800b0ec                stabilizerTest
 *fill*         0x0800b10a        0x2 
 .text.logDeleteBlock
                0x0800b10c       0x70 bin/log.o
 .text.logStopBlock
                0x0800b17c       0x38 bin/log.o
 .text.logReset
                0x0800b1b4       0x58 bin/log.o
 .text.logBlockTimed
                0x0800b20c       0x18 bin/log.o
                0x0800b20c                logBlockTimed
 .text.logRunBlock
                0x0800b224      0x134 bin/log.o
                0x0800b224                logRunBlock
 .text.logAppendBlock.constprop.4
                0x0800b358      0x11c bin/log.o
 .text.logTask  0x0800b474      0x254 bin/log.o
 .text.logInit  0x0800b6c8       0xb4 bin/log.o
                0x0800b6c8                logInit
 .text.workerInit
                0x0800b77c       0x18 bin/worker.o
                0x0800b77c                workerInit
 .text.workerTest
                0x0800b794       0x10 bin/worker.o
                0x0800b794                workerTest
 .text.workerLoop
                0x0800b7a4       0x2c bin/worker.o
                0x0800b7a4                workerLoop
 .text.workerSchedule
                0x0800b7d0       0x2c bin/worker.o
                0x0800b7d0                workerSchedule
 .text.iirLPFilterSingle
                0x0800b7fc       0x2c bin/filter.o
                0x0800b7fc                iirLPFilterSingle
 .text.assertFail
                0x0800b828       0x30 bin/cfassert.o
                0x0800b828                assertFail
 .text.configblockInit
                0x0800b858       0x44 bin/configblock.o
                0x0800b858                configblockInit
 .text.configblockGetRadioChannel
                0x0800b89c       0x1c bin/configblock.o
                0x0800b89c                configblockGetRadioChannel
 .text.configblockGetRadioSpeed
                0x0800b8b8       0x18 bin/configblock.o
                0x0800b8b8                configblockGetRadioSpeed
 .text.configblockGetCalibPitch
                0x0800b8d0       0x1c bin/configblock.o
                0x0800b8d0                configblockGetCalibPitch
 .text.configblockGetCalibRoll
                0x0800b8ec       0x1c bin/configblock.o
                0x0800b8ec                configblockGetCalibRoll
 .text.get_int_len
                0x0800b908       0x14 bin/eprintf.o
                0x0800b908                get_int_len
 .text.itoa     0x0800b91c       0xb8 bin/eprintf.o
 .text.evprintf
                0x0800b9d4      0x140 bin/eprintf.o
                0x0800b9d4                evprintf
 .text.eprintf  0x0800bb14       0x1a bin/eprintf.o
                0x0800bb14                eprintf
 .text.reflect  0x0800bb2e       0x1c bin/crc.o
 *fill*         0x0800bb4a        0x2 
 .text.crcSlow  0x0800bb4c       0x4c bin/crc.o
                0x0800bb4c                crcSlow
 .text.single2half
                0x0800bb98       0x4e bin/fp16.o
                0x0800bb98                single2half
 *fill*         0x0800bbe6        0x2 
 .text.cos      0x0800bbe8       0x8c /am/st-james/home1/stevenmatt3/_ENGR489 Crazyflie/GNU Tools/gcc-arm-none-eabi-4_8-2013q4/bin/../lib/gcc/arm-none-eabi/4.8.3/../../../../arm-none-eabi/lib/armv7-m/libm.a(lib_a-s_cos.o)
                0x0800bbe8                cos
 .text.sin      0x0800bc74       0x94 /am/st-james/home1/stevenmatt3/_ENGR489 Crazyflie/GNU Tools/gcc-arm-none-eabi-4_8-2013q4/bin/../lib/gcc/arm-none-eabi/4.8.3/../../../../arm-none-eabi/lib/armv7-m/libm.a(lib_a-s_sin.o)
                0x0800bc74                sin
 .text.asin     0x0800bd08       0xa8 /am/st-james/home1/stevenmatt3/_ENGR489 Crazyflie/GNU Tools/gcc-arm-none-eabi-4_8-2013q4/bin/../lib/gcc/arm-none-eabi/4.8.3/../../../../arm-none-eabi/lib/armv7-m/libm.a(lib_a-w_asin.o)
                0x0800bd08                asin
 .text.atan2    0x0800bdb0        0x4 /am/st-james/home1/stevenmatt3/_ENGR489 Crazyflie/GNU Tools/gcc-arm-none-eabi-4_8-2013q4/bin/../lib/gcc/arm-none-eabi/4.8.3/../../../../arm-none-eabi/lib/armv7-m/libm.a(lib_a-w_atan2.o)
                0x0800bdb0                atan2
 .text.pow      0x0800bdb4      0x2f8 /am/st-james/home1/stevenmatt3/_ENGR489 Crazyflie/GNU Tools/gcc-arm-none-eabi-4_8-2013q4/bin/../lib/gcc/arm-none-eabi/4.8.3/../../../../arm-none-eabi/lib/armv7-m/libm.a(lib_a-w_pow.o)
                0x0800bdb4                pow
 *fill*         0x0800c0ac        0x4 
 .text.__ieee754_asin
                0x0800c0b0      0x470 /am/st-james/home1/stevenmatt3/_ENGR489 Crazyflie/GNU Tools/gcc-arm-none-eabi-4_8-2013q4/bin/../lib/gcc/arm-none-eabi/4.8.3/../../../../arm-none-eabi/lib/armv7-m/libm.a(lib_a-e_asin.o)
                0x0800c0b0                __ieee754_asin
 .text.__ieee754_atan2
                0x0800c520      0x1f0 /am/st-james/home1/stevenmatt3/_ENGR489 Crazyflie/GNU Tools/gcc-arm-none-eabi-4_8-2013q4/bin/../lib/gcc/arm-none-eabi/4.8.3/../../../../arm-none-eabi/lib/armv7-m/libm.a(lib_a-e_atan2.o)
                0x0800c520                __ieee754_atan2
 .text.__ieee754_pow
                0x0800c710      0xab8 /am/st-james/home1/stevenmatt3/_ENGR489 Crazyflie/GNU Tools/gcc-arm-none-eabi-4_8-2013q4/bin/../lib/gcc/arm-none-eabi/4.8.3/../../../../arm-none-eabi/lib/armv7-m/libm.a(lib_a-e_pow.o)
                0x0800c710                __ieee754_pow
 .text.__ieee754_rem_pio2
                0x0800d1c8      0x440 /am/st-james/home1/stevenmatt3/_ENGR489 Crazyflie/GNU Tools/gcc-arm-none-eabi-4_8-2013q4/bin/../lib/gcc/arm-none-eabi/4.8.3/../../../../arm-none-eabi/lib/armv7-m/libm.a(lib_a-e_rem_pio2.o)
                0x0800d1c8                __ieee754_rem_pio2
 .text.__ieee754_sqrt
                0x0800d608      0x180 /am/st-james/home1/stevenmatt3/_ENGR489 Crazyflie/GNU Tools/gcc-arm-none-eabi-4_8-2013q4/bin/../lib/gcc/arm-none-eabi/4.8.3/../../../../arm-none-eabi/lib/armv7-m/libm.a(lib_a-e_sqrt.o)
                0x0800d608                __ieee754_sqrt
 .text.__kernel_cos
                0x0800d788      0x248 /am/st-james/home1/stevenmatt3/_ENGR489 Crazyflie/GNU Tools/gcc-arm-none-eabi-4_8-2013q4/bin/../lib/gcc/arm-none-eabi/4.8.3/../../../../arm-none-eabi/lib/armv7-m/libm.a(lib_a-k_cos.o)
                0x0800d788                __kernel_cos
 .text.__kernel_rem_pio2
                0x0800d9d0      0x7bc /am/st-james/home1/stevenmatt3/_ENGR489 Crazyflie/GNU Tools/gcc-arm-none-eabi-4_8-2013q4/bin/../lib/gcc/arm-none-eabi/4.8.3/../../../../arm-none-eabi/lib/armv7-m/libm.a(lib_a-k_rem_pio2.o)
                0x0800d9d0                __kernel_rem_pio2
 *fill*         0x0800e18c        0x4 
 .text.__kernel_sin
                0x0800e190      0x170 /am/st-james/home1/stevenmatt3/_ENGR489 Crazyflie/GNU Tools/gcc-arm-none-eabi-4_8-2013q4/bin/../lib/gcc/arm-none-eabi/4.8.3/../../../../arm-none-eabi/lib/armv7-m/libm.a(lib_a-k_sin.o)
                0x0800e190                __kernel_sin
 .text.atan     0x0800e300      0x350 /am/st-james/home1/stevenmatt3/_ENGR489 Crazyflie/GNU Tools/gcc-arm-none-eabi-4_8-2013q4/bin/../lib/gcc/arm-none-eabi/4.8.3/../../../../arm-none-eabi/lib/armv7-m/libm.a(lib_a-s_atan.o)
                0x0800e300                atan
 .text.fabs     0x0800e650        0x8 /am/st-james/home1/stevenmatt3/_ENGR489 Crazyflie/GNU Tools/gcc-arm-none-eabi-4_8-2013q4/bin/../lib/gcc/arm-none-eabi/4.8.3/../../../../arm-none-eabi/lib/armv7-m/libm.a(lib_a-s_fabs.o)
                0x0800e650                fabs
 .text.finite   0x0800e658        0xc /am/st-james/home1/stevenmatt3/_ENGR489 Crazyflie/GNU Tools/gcc-arm-none-eabi-4_8-2013q4/bin/../lib/gcc/arm-none-eabi/4.8.3/../../../../arm-none-eabi/lib/armv7-m/libm.a(lib_a-s_finite.o)
                0x0800e658                finite
 *fill*         0x0800e664        0x4 
 .text.floor    0x0800e668      0x120 /am/st-james/home1/stevenmatt3/_ENGR489 Crazyflie/GNU Tools/gcc-arm-none-eabi-4_8-2013q4/bin/../lib/gcc/arm-none-eabi/4.8.3/../../../../arm-none-eabi/lib/armv7-m/libm.a(lib_a-s_floor.o)
                0x0800e668                floor
 .text.__fpclassifyd
                0x0800e788       0x50 /am/st-james/home1/stevenmatt3/_ENGR489 Crazyflie/GNU Tools/gcc-arm-none-eabi-4_8-2013q4/bin/../lib/gcc/arm-none-eabi/4.8.3/../../../../arm-none-eabi/lib/armv7-m/libm.a(lib_a-s_fpclassify.o)
                0x0800e788                __fpclassifyd
 .text.matherr  0x0800e7d8        0x4 /am/st-james/home1/stevenmatt3/_ENGR489 Crazyflie/GNU Tools/gcc-arm-none-eabi-4_8-2013q4/bin/../lib/gcc/arm-none-eabi/4.8.3/../../../../arm-none-eabi/lib/armv7-m/libm.a(lib_a-s_matherr.o)
                0x0800e7d8                matherr
 .text.nan      0x0800e7dc        0xc /am/st-james/home1/stevenmatt3/_ENGR489 Crazyflie/GNU Tools/gcc-arm-none-eabi-4_8-2013q4/bin/../lib/gcc/arm-none-eabi/4.8.3/../../../../arm-none-eabi/lib/armv7-m/libm.a(lib_a-s_nan.o)
                0x0800e7dc                nan
 .text.rint     0x0800e7e8      0x118 /am/st-james/home1/stevenmatt3/_ENGR489 Crazyflie/GNU Tools/gcc-arm-none-eabi-4_8-2013q4/bin/../lib/gcc/arm-none-eabi/4.8.3/../../../../arm-none-eabi/lib/armv7-m/libm.a(lib_a-s_rint.o)
                0x0800e7e8                rint
 .text.scalbn   0x0800e900      0x100 /am/st-james/home1/stevenmatt3/_ENGR489 Crazyflie/GNU Tools/gcc-arm-none-eabi-4_8-2013q4/bin/../lib/gcc/arm-none-eabi/4.8.3/../../../../arm-none-eabi/lib/armv7-m/libm.a(lib_a-s_scalbn.o)
                0x0800e900                scalbn
 .text.copysign
                0x0800ea00       0x14 /am/st-james/home1/stevenmatt3/_ENGR489 Crazyflie/GNU Tools/gcc-arm-none-eabi-4_8-2013q4/bin/../lib/gcc/arm-none-eabi/4.8.3/../../../../arm-none-eabi/lib/armv7-m/libm.a(lib_a-s_copysign.o)
                0x0800ea00                copysign
 .text.memset   0x0800ea14       0x94 /am/st-james/home1/stevenmatt3/_ENGR489 Crazyflie/GNU Tools/gcc-arm-none-eabi-4_8-2013q4/bin/../lib/gcc/arm-none-eabi/4.8.3/../../../../arm-none-eabi/lib/armv7-m/libc.a(lib_a-memset.o)
                0x0800ea14                memset
 .text.strlen   0x0800eaa8       0x60 /am/st-james/home1/stevenmatt3/_ENGR489 Crazyflie/GNU Tools/gcc-arm-none-eabi-4_8-2013q4/bin/../lib/gcc/arm-none-eabi/4.8.3/../../../../arm-none-eabi/lib/armv7-m/libc.a(lib_a-strlen.o)
                0x0800eaa8                strlen
 .text.strncpy  0x0800eb08       0x64 /am/st-james/home1/stevenmatt3/_ENGR489 Crazyflie/GNU Tools/gcc-arm-none-eabi-4_8-2013q4/bin/../lib/gcc/arm-none-eabi/4.8.3/../../../../arm-none-eabi/lib/armv7-m/libc.a(lib_a-strncpy.o)
                0x0800eb08                strncpy
 *fill*         0x0800eb6c        0x4 
 .text.strncpy.__stub
                0x0800eb70       0x10 linker stubs
 *(.rodata)
 .rodata        0x0800eb80        0x5 bin/radiolink.o
 *(.rodata*)
 .rodata.str1.1
                0x0800eb85        0x5 bin/tasks.o
 .rodata.str1.1
                0x0800eb8a        0x8 bin/timers.o
 *fill*         0x0800eb92        0x2 
 .rodata.led_polarity
                0x0800eb94        0x8 bin/led.o
 .rodata.led_pin
                0x0800eb9c        0x8 bin/led.o
 .rodata.led_port
                0x0800eba4        0x8 bin/led.o
 .rodata.str1.1
                0x0800ebac        0x4 bin/adc.o
 .rodata.str1.1
                0x0800ebb0       0x1e bin/nrf24l01.o
 .rodata.str1.1
                0x0800ebce       0x97 bin/nvic.o
 *fill*         0x0800ec65        0x3 
 .rodata.MOTORS
                0x0800ec68       0x10 bin/motors.o
                0x0800ec68                MOTORS
 .rodata.CSWTCH.544
                0x0800ec78       0x10 bin/mpu6050.o
 .rodata.CSWTCH.557
                0x0800ec88       0x10 bin/mpu6050.o
 .rodata.str1.1
                0x0800ec98       0x89 bin/mpu6050.o
 .rodata.str1.1
                0x0800ed21       0x7f bin/hmc5883l.o
 .rodata.str1.1
                0x0800eda0       0x75 bin/ms5611.o
 .rodata.str1.1
                0x0800ee15       0x49 bin/crtp.o
                                 0x4b (size before relaxing)
 *fill*         0x0800ee5e        0x2 
 .rodata.sequences
                0x0800ee60       0x28 bin/ledseq.o
 .rodata.str1.1
                0x0800ee88        0xc bin/ledseq.o
 .rodata.str1.1
                0x0800ee94       0x12 bin/freeRTOSdebug.o
 .rodata.str1.1
                0x0800eea6      0x164 bin/imu.o
                                0x186 (size before relaxing)
 *fill*         0x0800f00a        0x2 
 .rodata.bat671723HS25C
                0x0800f00c       0x28 bin/pm.o
 .rodata.str1.1
                0x0800f034       0x1b bin/pm.o
                                 0x1e (size before relaxing)
 .rodata.str1.1
                0x0800f04f        0xa bin/radiolink.o
 .rodata.str1.1
                0x0800f059       0xac bin/system.o
                                 0xb4 (size before relaxing)
 .rodata.str1.1
                0x0800f105        0x6 bin/param.o
                                  0x7 (size before relaxing)
 .rodata.str1.1
                0x0800f10b       0x18 bin/commander.o
                                 0x23 (size before relaxing)
 .rodata.str1.1
                0x0800f123       0x68 bin/controller.o
                                 0x7e (size before relaxing)
 .rodata.str1.1
                0x0800f18b       0x13 bin/sensfusion6.o
                                 0x27 (size before relaxing)
 .rodata.str1.1
                0x0800f19e      0x198 bin/stabilizer.o
                                0x1e8 (size before relaxing)
 .rodata.str1.1
                0x0800f336       0x2f bin/log.o
                                 0x30 (size before relaxing)
 .rodata.typeLength
                0x0800f365        0x9 bin/log.o
 .rodata.str1.1
                0x0800f36e       0x28 bin/cfassert.o
 .rodata.digit  0x0800f396       0x10 bin/eprintf.o
 .rodata.V_MODIFIED
                0x0800f3a6        0x1 bin/version.o
                0x0800f3a6                V_MODIFIED
 .rodata.str1.1
                0x0800f3a7       0x5d bin/version.o
                                 0x66 (size before relaxing)
 .rodata.V_REVISION_0
                0x0800f404        0x4 bin/version.o
                0x0800f404                V_REVISION_0
 .rodata.V_REVISION_1
                0x0800f408        0x2 bin/version.o
                0x0800f408                V_REVISION_1
 *fill*         0x0800f40a        0x2 
 .rodata.str1.4
                0x0800f40c        0x5 /am/st-james/home1/stevenmatt3/_ENGR489 Crazyflie/GNU Tools/gcc-arm-none-eabi-4_8-2013q4/bin/../lib/gcc/arm-none-eabi/4.8.3/../../../../arm-none-eabi/lib/armv7-m/libm.a(lib_a-w_asin.o)
                                  0xc (size before relaxing)
 *fill*         0x0800f411        0x3 
 .rodata.str1.4
                0x0800f414        0x4 /am/st-james/home1/stevenmatt3/_ENGR489 Crazyflie/GNU Tools/gcc-arm-none-eabi-4_8-2013q4/bin/../lib/gcc/arm-none-eabi/4.8.3/../../../../arm-none-eabi/lib/armv7-m/libm.a(lib_a-w_pow.o)
 *fill*         0x0800f418        0x0 
 .rodata.dp_h   0x0800f418       0x10 /am/st-james/home1/stevenmatt3/_ENGR489 Crazyflie/GNU Tools/gcc-arm-none-eabi-4_8-2013q4/bin/../lib/gcc/arm-none-eabi/4.8.3/../../../../arm-none-eabi/lib/armv7-m/libm.a(lib_a-e_pow.o)
 .rodata.dp_l   0x0800f428       0x10 /am/st-james/home1/stevenmatt3/_ENGR489 Crazyflie/GNU Tools/gcc-arm-none-eabi-4_8-2013q4/bin/../lib/gcc/arm-none-eabi/4.8.3/../../../../arm-none-eabi/lib/armv7-m/libm.a(lib_a-e_pow.o)
 .rodata.bp     0x0800f438       0x10 /am/st-james/home1/stevenmatt3/_ENGR489 Crazyflie/GNU Tools/gcc-arm-none-eabi-4_8-2013q4/bin/../lib/gcc/arm-none-eabi/4.8.3/../../../../arm-none-eabi/lib/armv7-m/libm.a(lib_a-e_pow.o)
 .rodata.str1.4
                0x00000000        0x4 /am/st-james/home1/stevenmatt3/_ENGR489 Crazyflie/GNU Tools/gcc-arm-none-eabi-4_8-2013q4/bin/../lib/gcc/arm-none-eabi/4.8.3/../../../../arm-none-eabi/lib/armv7-m/libm.a(lib_a-e_pow.o)
 .rodata.npio2_hw
                0x0800f448       0x80 /am/st-james/home1/stevenmatt3/_ENGR489 Crazyflie/GNU Tools/gcc-arm-none-eabi-4_8-2013q4/bin/../lib/gcc/arm-none-eabi/4.8.3/../../../../arm-none-eabi/lib/armv7-m/libm.a(lib_a-e_rem_pio2.o)
 .rodata.two_over_pi
                0x0800f4c8      0x108 /am/st-james/home1/stevenmatt3/_ENGR489 Crazyflie/GNU Tools/gcc-arm-none-eabi-4_8-2013q4/bin/../lib/gcc/arm-none-eabi/4.8.3/../../../../arm-none-eabi/lib/armv7-m/libm.a(lib_a-e_rem_pio2.o)
 .rodata.init_jk
                0x0800f5d0       0x10 /am/st-james/home1/stevenmatt3/_ENGR489 Crazyflie/GNU Tools/gcc-arm-none-eabi-4_8-2013q4/bin/../lib/gcc/arm-none-eabi/4.8.3/../../../../arm-none-eabi/lib/armv7-m/libm.a(lib_a-k_rem_pio2.o)
 .rodata.PIo2   0x0800f5e0       0x40 /am/st-james/home1/stevenmatt3/_ENGR489 Crazyflie/GNU Tools/gcc-arm-none-eabi-4_8-2013q4/bin/../lib/gcc/arm-none-eabi/4.8.3/../../../../arm-none-eabi/lib/armv7-m/libm.a(lib_a-k_rem_pio2.o)
 .rodata.atanlo
                0x0800f620       0x20 /am/st-james/home1/stevenmatt3/_ENGR489 Crazyflie/GNU Tools/gcc-arm-none-eabi-4_8-2013q4/bin/../lib/gcc/arm-none-eabi/4.8.3/../../../../arm-none-eabi/lib/armv7-m/libm.a(lib_a-s_atan.o)
 .rodata.atanhi
                0x0800f640       0x20 /am/st-james/home1/stevenmatt3/_ENGR489 Crazyflie/GNU Tools/gcc-arm-none-eabi-4_8-2013q4/bin/../lib/gcc/arm-none-eabi/4.8.3/../../../../arm-none-eabi/lib/armv7-m/libm.a(lib_a-s_atan.o)
 .rodata.TWO52  0x0800f660       0x10 /am/st-james/home1/stevenmatt3/_ENGR489 Crazyflie/GNU Tools/gcc-arm-none-eabi-4_8-2013q4/bin/../lib/gcc/arm-none-eabi/4.8.3/../../../../arm-none-eabi/lib/armv7-m/libm.a(lib_a-s_rint.o)
 .rodata._ctype_
                0x0800f670      0x104 /am/st-james/home1/stevenmatt3/_ENGR489 Crazyflie/GNU Tools/gcc-arm-none-eabi-4_8-2013q4/bin/../lib/gcc/arm-none-eabi/4.8.3/../../../../arm-none-eabi/lib/armv7-m/libc.a(lib_a-ctype_.o)
                0x0800f670                _ctype_
 *(.glue_7)
 .glue_7        0x00000000        0x0 linker stubs
 *(.glue_7t)
 .glue_7t       0x00000000        0x0 linker stubs
 *(.vfp11_veneer)
 .vfp11_veneer  0x00000000        0x0 linker stubs
 *(.v4_bx)
 .v4_bx         0x00000000        0x0 linker stubs
 *(.ARM.extab* .gnu.linkonce.armextab.*)
 *(.init)
 *(.fini)
 *(.eh_frame)
                0x0800f774                . = ALIGN (0x4)
                0x0800f774                _param_start = .
 *(.param)
 *(.param.*)
 .param.imu_tests
                0x0800f774       0x3c bin/imu.o
 .param.imu_sensors
                0x0800f7b0       0x30 bin/imu.o
 .param.imu_acc_lpf
                0x0800f7e0       0x24 bin/imu.o
 .param.cpu     0x0800f804       0x48 bin/system.o
 .param.flightmode
                0x0800f84c       0x24 bin/commander.o
 .param.pid_rate
                0x0800f870       0x84 bin/controller.o
 .param.pid_attitude
                0x0800f8f4       0x84 bin/controller.o
 .param.sensorfusion6
                0x0800f978       0x30 bin/sensfusion6.o
 .param.altHold
                0x0800f9a8       0xfc bin/stabilizer.o
 .param.firmware
                0x0800faa4       0x3c bin/version.o
                0x0800fae0                _param_stop = .
                0x0800fae0                . = ALIGN (0x4)
                0x0800fae0                _log_start = .
 *(.log)
 *(.log.*)
 .log.pm        0x0800fae0       0x30 bin/pm.o
 .log.sys       0x0800fb10       0x24 bin/system.o
 .log.acc       0x0800fb34       0x54 bin/stabilizer.o
 .log.baro      0x0800fb88       0x54 bin/stabilizer.o
 .log.motor     0x0800fbdc       0x48 bin/stabilizer.o
 .log.stabilizer
                0x0800fc24       0x48 bin/stabilizer.o
 .log.altHold   0x0800fc6c       0x60 bin/stabilizer.o
 .log.gyro      0x0800fccc       0x3c bin/stabilizer.o
 .log.vpid      0x0800fd08       0x48 bin/stabilizer.o
 .log.mag       0x0800fd50       0x3c bin/stabilizer.o
                0x0800fd8c                _log_stop = .
                0x0800fd8c                . = ALIGN (0x4)
                0x0800fd8c                _etext = .

.libc           0x0800fd8c        0x8
                0x0800fd8c                . = ALIGN (0x4)
 *(.ARM.exidx*)
 .ARM.exidx     0x0800fd8c        0x8 /am/st-james/home1/stevenmatt3/_ENGR489 Crazyflie/GNU Tools/gcc-arm-none-eabi-4_8-2013q4/bin/../lib/gcc/arm-none-eabi/4.8.3/armv7-m/libgcc.a(_divdi3.o)
 .ARM.exidx     0x0800fd94        0x0 /am/st-james/home1/stevenmatt3/_ENGR489 Crazyflie/GNU Tools/gcc-arm-none-eabi-4_8-2013q4/bin/../lib/gcc/arm-none-eabi/4.8.3/armv7-m/libgcc.a(_udivdi3.o)
                                  0x8 (size before relaxing)
                0x0800fd94                . = ALIGN (0x4)
                0x0800fd94                _elibc = .
                0x0800fd94                _sidata = _elibc

.flashpatch     0x00000000        0x0
                0x00000000                . = ALIGN (0x4)
 *(.flashpatch)
                0x00000000                . = ALIGN (0x4)

.endflash       0x00000000        0x0
                0x00000000                . = ALIGN (0x4)
 *(.endflash)
                0x00000000                . = ALIGN (0x4)

.data           0x20000000      0x1f8 load address 0x0800fd94
                0x20000000                . = ALIGN (0x4)
                0x20000000                _sdata = .
 *(.data)
 *(.data.*)
 .data.xNextTaskUnblockTime
                0x20000000        0x4 bin/tasks.o
 .data.xFreeBytesRemaining
                0x20000004        0x4 bin/heap_4.o
 .data.uxCriticalNesting
                0x20000008        0x4 bin/port.o
 .data.ADCPrescTable
                0x2000000c        0x4 bin/stm32f10x_rcc.o
 .data.APBAHBPrescTable
                0x20000010       0x10 bin/stm32f10x_rcc.o
 .data.nopLink  0x20000020       0x14 bin/crtp.o
 .data.link     0x20000034        0x4 bin/crtp.o
 .data.seq_testPassed
                0x20000038       0x78 bin/ledseq.o
                0x20000038                seq_testPassed
 .data.seq_alive
                0x200000b0       0x18 bin/ledseq.o
                0x200000b0                seq_alive
 .data.seq_lowbat
                0x200000c8       0x10 bin/ledseq.o
                0x200000c8                seq_lowbat
 .data.seq_charging
                0x200000d8       0x18 bin/ledseq.o
                0x200000d8                seq_charging
 .data.seq_linkup
                0x200000f0       0x18 bin/ledseq.o
                0x200000f0                seq_linkup
 .data.seq_calibrated
                0x20000108       0x18 bin/ledseq.o
                0x20000108                seq_calibrated
 .data.seq_charged
                0x20000120       0x10 bin/ledseq.o
                0x20000120                seq_charged
 .data.seq_armed
                0x20000130       0x18 bin/ledseq.o
                0x20000130                seq_armed
 .data.seq_bootloader
                0x20000148       0x18 bin/ledseq.o
                0x20000148                seq_bootloader
 .data.seq_chargingMax
                0x20000160       0x18 bin/ledseq.o
                0x20000160                seq_chargingMax
 .data.batteryVRefRawFilt
                0x20000178        0x4 bin/pm.o
 .data.batteryVRawFilt
                0x2000017c        0x4 bin/pm.o
 .data.batteryVoltageMin
                0x20000180        0x4 bin/pm.o
 .data.radioOp  0x20000184       0x14 bin/radiolink.o
 .data.q0       0x20000198        0x4 bin/sensfusion6.o
                0x20000198                q0
 .data.twoKi    0x2000019c        0x4 bin/sensfusion6.o
                0x2000019c                twoKi
 .data.twoKp    0x200001a0        0x4 bin/sensfusion6.o
                0x200001a0                twoKp
 .data.pidAlpha
                0x200001a4        0x4 bin/stabilizer.o
 .data.altHoldBaseThrust
                0x200001a8        0x2 bin/stabilizer.o
 *fill*         0x200001aa        0x2 
 .data.altHoldChange_SENS
                0x200001ac        0x4 bin/stabilizer.o
 .data.aslAlpha
                0x200001b0        0x4 bin/stabilizer.o
 .data.altHoldErrMax
                0x200001b4        0x4 bin/stabilizer.o
 .data.vBiasAlpha
                0x200001b8        0x4 bin/stabilizer.o
 .data.altHoldMaxThrust