Archive member included because of file (symbol)

/am/st-james/home1/stevenmatt3/_ENGR489 Crazyflie/GNU Tools/gcc-arm-none-eabi-4_8-2013q4/bin/../lib/gcc/arm-none-eabi/4.8.3/../../../../arm-none-eabi/lib/armv7-m/libm.a(lib_a-s_cos.o)
                              bin/imu.o (cos)
/am/st-james/home1/stevenmatt3/_ENGR489 Crazyflie/GNU Tools/gcc-arm-none-eabi-4_8-2013q4/bin/../lib/gcc/arm-none-eabi/4.8.3/../../../../arm-none-eabi/lib/armv7-m/libm.a(lib_a-s_sin.o)
                              bin/imu.o (sin)
/am/st-james/home1/stevenmatt3/_ENGR489 Crazyflie/GNU Tools/gcc-arm-none-eabi-4_8-2013q4/bin/../lib/gcc/arm-none-eabi/4.8.3/../../../../arm-none-eabi/lib/armv7-m/libm.a(lib_a-w_asin.o)
                              bin/sensfusion6.o (asin)
/am/st-james/home1/stevenmatt3/_ENGR489 Crazyflie/GNU Tools/gcc-arm-none-eabi-4_8-2013q4/bin/../lib/gcc/arm-none-eabi/4.8.3/../../../../arm-none-eabi/lib/armv7-m/libm.a(lib_a-w_atan2.o)
                              bin/sensfusion6.o (atan2)
/am/st-james/home1/stevenmatt3/_ENGR489 Crazyflie/GNU Tools/gcc-arm-none-eabi-4_8-2013q4/bin/../lib/gcc/arm-none-eabi/4.8.3/../../../../arm-none-eabi/lib/armv7-m/libm.a(lib_a-w_pow.o)
                              bin/ms5611.o (pow)
/am/st-james/home1/stevenmatt3/_ENGR489 Crazyflie/GNU Tools/gcc-arm-none-eabi-4_8-2013q4/bin/../lib/gcc/arm-none-eabi/4.8.3/../../../../arm-none-eabi/lib/armv7-m/libm.a(lib_a-e_asin.o)
                              /am/st-james/home1/stevenmatt3/_ENGR489 Crazyflie/GNU Tools/gcc-arm-none-eabi-4_8-2013q4/bin/../lib/gcc/arm-none-eabi/4.8.3/../../../../arm-none-eabi/lib/armv7-m/libm.a(lib_a-w_asin.o) (__ieee754_asin)
/am/st-james/home1/stevenmatt3/_ENGR489 Crazyflie/GNU Tools/gcc-arm-none-eabi-4_8-2013q4/bin/../lib/gcc/arm-none-eabi/4.8.3/../../../../arm-none-eabi/lib/armv7-m/libm.a(lib_a-e_atan2.o)
                              /am/st-james/home1/stevenmatt3/_ENGR489 Crazyflie/GNU Tools/gcc-arm-none-eabi-4_8-2013q4/bin/../lib/gcc/arm-none-eabi/4.8.3/../../../../arm-none-eabi/lib/armv7-m/libm.a(lib_a-w_atan2.o) (__ieee754_atan2)
/am/st-james/home1/stevenmatt3/_ENGR489 Crazyflie/GNU Tools/gcc-arm-none-eabi-4_8-2013q4/bin/../lib/gcc/arm-none-eabi/4.8.3/../../../../arm-none-eabi/lib/armv7-m/libm.a(lib_a-e_pow.o)
                              /am/st-james/home1/stevenmatt3/_ENGR489 Crazyflie/GNU Tools/gcc-arm-none-eabi-4_8-2013q4/bin/../lib/gcc/arm-none-eabi/4.8.3/../../../../arm-none-eabi/lib/armv7-m/libm.a(lib_a-w_pow.o) (__ieee754_pow)
/am/st-james/home1/stevenmatt3/_ENGR489 Crazyflie/GNU Tools/gcc-arm-none-eabi-4_8-2013q4/bin/../lib/gcc/arm-none-eabi/4.8.3/../../../../arm-none-eabi/lib/armv7-m/libm.a(lib_a-e_rem_pio2.o)
                              /am/st-james/home1/stevenmatt3/_ENGR489 Crazyflie/GNU Tools/gcc-arm-none-eabi-4_8-2013q4/bin/../lib/gcc/arm-none-eabi/4.8.3/../../../../arm-none-eabi/lib/armv7-m/libm.a(lib_a-s_cos.o) (__ieee754_rem_pio2)
/am/st-james/home1/stevenmatt3/_ENGR489 Crazyflie/GNU Tools/gcc-arm-none-eabi-4_8-2013q4/bin/../lib/gcc/arm-none-eabi/4.8.3/../../../../arm-none-eabi/lib/armv7-m/libm.a(lib_a-e_sqrt.o)
                              /am/st-james/home1/stevenmatt3/_ENGR489 Crazyflie/GNU Tools/gcc-arm-none-eabi-4_8-2013q4/bin/../lib/gcc/arm-none-eabi/4.8.3/../../../../arm-none-eabi/lib/armv7-m/libm.a(lib_a-e_asin.o) (__ieee754_sqrt)
/am/st-james/home1/stevenmatt3/_ENGR489 Crazyflie/GNU Tools/gcc-arm-none-eabi-4_8-2013q4/bin/../lib/gcc/arm-none-eabi/4.8.3/../../../../arm-none-eabi/lib/armv7-m/libm.a(lib_a-k_cos.o)
                              /am/st-james/home1/stevenmatt3/_ENGR489 Crazyflie/GNU Tools/gcc-arm-none-eabi-4_8-2013q4/bin/../lib/gcc/arm-none-eabi/4.8.3/../../../../arm-none-eabi/lib/armv7-m/libm.a(lib_a-s_cos.o) (__kernel_cos)
/am/st-james/home1/stevenmatt3/_ENGR489 Crazyflie/GNU Tools/gcc-arm-none-eabi-4_8-2013q4/bin/../lib/gcc/arm-none-eabi/4.8.3/../../../../arm-none-eabi/lib/armv7-m/libm.a(lib_a-k_rem_pio2.o)
                              /am/st-james/home1/stevenmatt3/_ENGR489 Crazyflie/GNU Tools/gcc-arm-none-eabi-4_8-2013q4/bin/../lib/gcc/arm-none-eabi/4.8.3/../../../../arm-none-eabi/lib/armv7-m/libm.a(lib_a-e_rem_pio2.o) (__kernel_rem_pio2)
/am/st-james/home1/stevenmatt3/_ENGR489 Crazyflie/GNU Tools/gcc-arm-none-eabi-4_8-2013q4/bin/../lib/gcc/arm-none-eabi/4.8.3/../../../../arm-none-eabi/lib/armv7-m/libm.a(lib_a-k_sin.o)
                              /am/st-james/home1/stevenmatt3/_ENGR489 Crazyflie/GNU Tools/gcc-arm-none-eabi-4_8-2013q4/bin/../lib/gcc/arm-none-eabi/4.8.3/../../../../arm-none-eabi/lib/armv7-m/libm.a(lib_a-s_cos.o) (__kernel_sin)
/am/st-james/home1/stevenmatt3/_ENGR489 Crazyflie/GNU Tools/gcc-arm-none-eabi-4_8-2013q4/bin/../lib/gcc/arm-none-eabi/4.8.3/../../../../arm-none-eabi/lib/armv7-m/libm.a(lib_a-s_atan.o)
                              /am/st-james/home1/stevenmatt3/_ENGR489 Crazyflie/GNU Tools/gcc-arm-none-eabi-4_8-2013q4/bin/../lib/gcc/arm-none-eabi/4.8.3/../../../../arm-none-eabi/lib/armv7-m/libm.a(lib_a-e_atan2.o) (atan)
[...]
Memory Configuration

Name             Origin             Length             Attributes
RAM              0x20000000         0x00005000         xrw
FLASH            0x08002800         0x0001d800         xr
FLASHPATCH       0x00000000         0x00000000         r
ENDFLASH         0x00000000         0x00000000         xr
FLASHB1          0x00000000         0x00000000         xr
EXTMEMB0         0x00000000         0x00000000         xr
EXTMEMB1         0x00000000         0x00000000         xr
EXTMEMB2         0x00000000         0x00000000         xr
EXTMEMB3         0x00000000         0x00000000         xr
UNEXPECTED_SECTIONS 0xffffffff         0x00000000
*default*        0x00000000         0xffffffff

Linker script and memory map

LOAD bin/startup_stm32f10x_md.o
LOAD bin/list.o
LOAD bin/tasks.o
LOAD bin/queue.o
LOAD bin/timers.o
LOAD bin/heap_4.o
LOAD bin/port.o
LOAD bin/misc.o
LOAD bin/stm32f10x_adc.o
LOAD bin/stm32f10x_dbgmcu.o
LOAD bin/stm32f10x_dma.o
LOAD bin/stm32f10x_exti.o
LOAD bin/stm32f10x_flash.o
LOAD bin/stm32f10x_gpio.o
LOAD bin/stm32f10x_i2c.o
LOAD bin/stm32f10x_iwdg.o
LOAD bin/stm32f10x_rcc.o
LOAD bin/stm32f10x_spi.o
LOAD bin/stm32f10x_tim.o
LOAD bin/stm32f10x_usart.o
LOAD bin/main.o
LOAD bin/led.o
LOAD bin/uart.o
LOAD bin/adc.o
LOAD bin/nrf24l01.o
LOAD bin/exti.o
LOAD bin/nvic.o
LOAD bin/motors.o
LOAD bin/mpu6050.o
LOAD bin/i2cdev.o
LOAD bin/i2croutines.o
LOAD bin/hmc5883l.o
LOAD bin/ms5611.o
LOAD bin/crtp.o
LOAD bin/ledseq.o
LOAD bin/freeRTOSdebug.o
LOAD bin/imu.o
LOAD bin/pm.o
LOAD bin/radiolink.o
LOAD bin/eskylink.o
LOAD bin/usec_time.o
LOAD bin/system.o
LOAD bin/comm.o
LOAD bin/console.o
LOAD bin/pid.o
LOAD bin/crtpservice.o
LOAD bin/param.o
LOAD bin/commander.o
LOAD bin/controller.o
LOAD bin/sensfusion6.o
LOAD bin/stabilizer.o
LOAD bin/log.o
LOAD bin/worker.o
LOAD bin/filter.o
LOAD bin/cpuid.o
LOAD bin/cfassert.o
LOAD bin/configblock.o
LOAD bin/eprintf.o
LOAD bin/crc.o
LOAD bin/fp16.o
LOAD bin/debug.o
LOAD bin/abort.o
LOAD bin/version.o
LOAD /am/st-james/home1/stevenmatt3/_ENGR489 Crazyflie/GNU Tools/gcc-arm-none-eabi-4_8-2013q4/bin/../lib/gcc/arm-none-eabi/4.8.3/../../../../arm-none-eabi/lib/armv7-m/libm.a
                0x00000400                __Stack_Size = 0x400
                0x00000400                PROVIDE (_Stack_Size, __Stack_Size)
                0x20004c00                __Stack_Init = (_estack - __Stack_Size)
                0x20004c00                PROVIDE (_Stack_Init, __Stack_Init)
                0x00000100                _Minimum_Stack_Size = 0x100
                0x00000000                PROVIDE (Undefined_Handler, 0x0)
                0x00000000                PROVIDE (SWI_Handler, 0x0)
                0x00000000                PROVIDE (IRQ_Handler, 0x0)
                0x00000000                PROVIDE (Prefetch_Handler, 0x0)
                0x00000000                PROVIDE (Abort_Handler, 0x0)
                0x00000000                PROVIDE (FIQ_Handler, 0x0)
                0x00000000                PROVIDE (NMIException, 0x0)
                0x00000000                PROVIDE (NMI_Handler, 0x0)
                0x00000000                PROVIDE (HardFaultException, 0x0)
                0x00000000                PROVIDE (HardFault_Handler, 0x0)
                0x00000000                PROVIDE (MemManageException, 0x0)
                0x00000000                PROVIDE (MemManage_Handler, 0x0)
                0x00000000                PROVIDE (BusFaultException, 0x0)
                0x00000000                PROVIDE (BusFault_Handler, 0x0)
                0x00000000                PROVIDE (UsageFaultException, 0x0)
                0x00000000                PROVIDE (UsageFault_Handler, 0x0)
                0x00000000                PROVIDE (SVCHandler, 0x0)
                0x00000000                PROVIDE (SVC_Handler, 0x0)
                0x00000000                PROVIDE (DebugMonitor, 0x0)
                0x00000000                PROVIDE (DebugMon_Handler, 0x0)
                0x00000000                PROVIDE (PendSVC, 0x0)
                0x00000000                PROVIDE (PendSV_Handler, 0x0)
                0x00000000                PROVIDE (SysTickHandler, 0x0)
                0x00000000                PROVIDE (SysTick_Handler, 0x0)
                0x00000000                PROVIDE (WWDG_IRQHandler, 0x0)
                0x00000000                PROVIDE (PVD_IRQHandler, 0x0)
                0x00000000                PROVIDE (TAMPER_IRQHandler, 0x0)
                0x00000000                PROVIDE (RTC_IRQHandler, 0x0)
                0x00000000                PROVIDE (FLASH_IRQHandler, 0x0)
                0x00000000                PROVIDE (RCC_IRQHandler, 0x0)
                0x00000000                PROVIDE (EXTI0_IRQHandler, 0x0)
                0x00000000                PROVIDE (EXTI1_IRQHandler, 0x0)
                0x00000000                PROVIDE (EXTI2_IRQHandler, 0x0)
                0x00000000                PROVIDE (EXTI3_IRQHandler, 0x0)
                0x00000000                PROVIDE (EXTI4_IRQHandler, 0x0)
                0x00000000                PROVIDE (DMAChannel1_IRQHandler, 0x0)
                0x00000000                PROVIDE (DMAChannel2_IRQHandler, 0x0)
                0x00000000                PROVIDE (DMAChannel3_IRQHandler, 0x0)
                0x00000000                PROVIDE (DMAChannel4_IRQHandler, 0x0)
                0x00000000                PROVIDE (DMAChannel5_IRQHandler, 0x0)
                0x00000000                PROVIDE (DMAChannel6_IRQHandler, 0x0)
                0x00000000                PROVIDE (DMAChannel7_IRQHandler, 0x0)
                0x00000000                PROVIDE (DMA1_Channel1_IRQHandler, 0x0)
                0x00000000                PROVIDE (DMA1_Channel2_IRQHandler, 0x0)
                0x00000000                PROVIDE (DMA1_Channel3_IRQHandler, 0x0)
                0x00000000                PROVIDE (DMA1_Channel4_IRQHandler, 0x0)
                0x00000000                PROVIDE (DMA1_Channel5_IRQHandler, 0x0)
                0x00000000                PROVIDE (DMA1_Channel6_IRQHandler, 0x0)
                0x00000000                PROVIDE (DMA1_Channel7_IRQHandler, 0x0)
                0x00000000                PROVIDE (ADC_IRQHandler, 0x0)
                0x00000000                PROVIDE (ADC1_2_IRQHandler, 0x0)
                0x00000000                PROVIDE (USB_HP_CAN_TX_IRQHandler, 0x0)
                0x00000000                PROVIDE (USB_HP_CAN1_TX_IRQHandler, 0x0)
                0x00000000                PROVIDE (USB_LP_CAN_RX0_IRQHandler, 0x0)
                0x00000000                PROVIDE (USB_LP_CAN1_RX0_IRQHandler, 0x0)
                0x00000000                PROVIDE (CAN_RX1_IRQHandler, 0x0)
                0x00000000                PROVIDE (CAN1_RX1_IRQHandler, 0x0)
                0x00000000                PROVIDE (CAN_SCE_IRQHandler, 0x0)
                0x00000000                PROVIDE (CAN1_SCE_IRQHandler, 0x0)
                0x00000000                PROVIDE (EXTI9_5_IRQHandler, 0x0)
                0x00000000                PROVIDE (TIM1_BRK_IRQHandler, 0x0)
                0x00000000                PROVIDE (TIM1_UP_IRQHandler, 0x0)
                0x00000000                PROVIDE (TIM1_TRG_COM_IRQHandler, 0x0)
                0x00000000                PROVIDE (TIM1_CC_IRQHandler, 0x0)
                0x00000000                PROVIDE (TIM2_IRQHandler, 0x0)
                0x00000000                PROVIDE (TIM3_IRQHandler, 0x0)
                0x00000000                PROVIDE (TIM4_IRQHandler, 0x0)
                0x00000000                PROVIDE (I2C1_EV_IRQHandler, 0x0)
                0x00000000                PROVIDE (I2C1_ER_IRQHandler, 0x0)
                0x00000000                PROVIDE (I2C2_EV_IRQHandler, 0x0)
                0x00000000                PROVIDE (I2C2_ER_IRQHandler, 0x0)
                0x00000000                PROVIDE (SPI1_IRQHandler, 0x0)
                0x00000000                PROVIDE (SPI2_IRQHandler, 0x0)
                0x00000000                PROVIDE (USART1_IRQHandler, 0x0)
                0x00000000                PROVIDE (USART2_IRQHandler, 0x0)
                0x00000000                PROVIDE (USART3_IRQHandler, 0x0)
                0x00000000                PROVIDE (EXTI15_10_IRQHandler, 0x0)
                0x00000000                PROVIDE (RTCAlarm_IRQHandler, 0x0)
                0x00000000                PROVIDE (USBWakeUp_IRQHandler, 0x0)
                0x00000000                PROVIDE (TIM8_BRK_IRQHandler, 0x0)
                0x00000000                PROVIDE (TIM8_UP_IRQHandler, 0x0)
                0x00000000                PROVIDE (TIM8_TRG_COM_IRQHandler, 0x0)
                0x00000000                PROVIDE (TIM8_CC_IRQHandler, 0x0)
                0x00000000                PROVIDE (ADC3_IRQHandler, 0x0)
                0x00000000                PROVIDE (FSMC_IRQHandler, 0x0)
                0x00000000                PROVIDE (SDIO_IRQHandler, 0x0)
                0x00000000                PROVIDE (TIM5_IRQHandler, 0x0)
                0x00000000                PROVIDE (SPI3_IRQHandler, 0x0)
                0x00000000                PROVIDE (UART4_IRQHandler, 0x0)
                0x00000000                PROVIDE (UART5_IRQHandler, 0x0)
                0x00000000                PROVIDE (TIM6_IRQHandler, 0x0)
                0x00000000                PROVIDE (TIM7_IRQHandler, 0x0)
                0x00000000                PROVIDE (DMA2_Channel1_IRQHandler, 0x0)
                0x00000000                PROVIDE (DMA2_Channel2_IRQHandler, 0x0)
                0x00000000                PROVIDE (DMA2_Channel3_IRQHandler, 0x0)
                0x00000000                PROVIDE (DMA2_Channel4_5_IRQHandler, 0x0)
                0x42000000                PERIPH_BB_BASE = 0x42000000
                0x22000000                SRAM_BB_BASE = 0x22000000
                0x20000000                SRAM_BASE = 0x20000000
                0x40000000                PERIPH_BASE = 0x40000000
                0x40022000                PROVIDE (FLASH_BASE, 0x40022000)
                0x1ffff800                PROVIDE (OB_BASE, 0x1ffff800)
                0x40000000                APB1PERIPH_BASE = PERIPH_BASE
                0x40010000                APB2PERIPH_BASE = (PERIPH_BASE + 0x10000)
                0x40020000                AHBPERIPH_BASE = (PERIPH_BASE + 0x20000)
                0x40000000                PROVIDE (TIM2, (APB1PERIPH_BASE + 0x0))
                0x40000400                PROVIDE (TIM3, (APB1PERIPH_BASE + 0x400))
                0x40000800                PROVIDE (TIM4, (APB1PERIPH_BASE + 0x800))
                0x40002800                PROVIDE (RTC, (APB1PERIPH_BASE + 0x2800))
                0x40002c00                PROVIDE (WWDG, (APB1PERIPH_BASE + 0x2c00))
                0x40003000                PROVIDE (IWDG, (APB1PERIPH_BASE + 0x3000))
                0x40003800                PROVIDE (SPI2, (APB1PERIPH_BASE + 0x3800))
                0x40004400                PROVIDE (USART2, (APB1PERIPH_BASE + 0x4400))
                0x40004800                PROVIDE (USART3, (APB1PERIPH_BASE + 0x4800))
                0x40005400                PROVIDE (I2C1, (APB1PERIPH_BASE + 0x5400))
                0x40005800                PROVIDE (I2C2, (APB1PERIPH_BASE + 0x5800))
                0x40006400                PROVIDE (CAN, (APB1PERIPH_BASE + 0x6400))
                0x40006c00                PROVIDE (BKP, (APB1PERIPH_BASE + 0x6c00))
                0x40007000                PROVIDE (PWR, (APB1PERIPH_BASE + 0x7000))
                0x40010000                PROVIDE (AFIO, (APB2PERIPH_BASE + 0x0))
                0x40010400                PROVIDE (EXTI, (APB2PERIPH_BASE + 0x400))
                0x40010800                PROVIDE (GPIOA, (APB2PERIPH_BASE + 0x800))
                0x40010c00                PROVIDE (GPIOB, (APB2PERIPH_BASE + 0xc00))
                0x40011000                PROVIDE (GPIOC, (APB2PERIPH_BASE + 0x1000))
                0x40011400                PROVIDE (GPIOD, (APB2PERIPH_BASE + 0x1400))
                0x40011800                PROVIDE (GPIOE, (APB2PERIPH_BASE + 0x1800))
                0x40012400                PROVIDE (ADC1, (APB2PERIPH_BASE + 0x2400))
                0x40012800                PROVIDE (ADC2, (APB2PERIPH_BASE + 0x2800))
                0x40012c00                PROVIDE (TIM1, (APB2PERIPH_BASE + 0x2c00))
                0x40013000                PROVIDE (SPI1, (APB2PERIPH_BASE + 0x3000))
                0x40013800                PROVIDE (USART1, (APB2PERIPH_BASE + 0x3800))
                0x40020000                PROVIDE (DMA, (AHBPERIPH_BASE + 0x0))
                0x40020008                PROVIDE (DMA_Channel1, (AHBPERIPH_BASE + 0x8))
                0x4002001c                PROVIDE (DMA_Channel2, (AHBPERIPH_BASE + 0x1c))
                0x40020030                PROVIDE (DMA_Channel3, (AHBPERIPH_BASE + 0x30))
                0x40020044                PROVIDE (DMA_Channel4, (AHBPERIPH_BASE + 0x44))
                0x40020058                PROVIDE (DMA_Channel5, (AHBPERIPH_BASE + 0x58))
                0x4002006c                PROVIDE (DMA_Channel6, (AHBPERIPH_BASE + 0x6c))
                0x40020080                PROVIDE (DMA_Channel7, (AHBPERIPH_BASE + 0x80))
                0x40021000                PROVIDE (RCC, (AHBPERIPH_BASE + 0x1000))
                0xe000e000                SCS_BASE = 0xe000e000
                0xe000e010                PROVIDE (SysTick, (SCS_BASE + 0x10))
                0xe000e100                PROVIDE (NVIC, (SCS_BASE + 0x100))
                0xe000ed00                PROVIDE (SCB, (SCS_BASE + 0xd00))
                0x20005000                _estack = 0x20005000

.isr_vector     0x08002800      0x10c
                0x08002800                . = ALIGN (0x4)
 *(.isr_vector)
 .isr_vector    0x08002800      0x10c bin/startup_stm32f10x_md.o
                0x08002800                g_pfnVectors
                0x0800290c                . = ALIGN (0x4)

.flashtext      0x0800290c        0x0
                0x0800290c                . = ALIGN (0x4)
 *(.flashtext)
                0x0800290c                . = ALIGN (0x4)

.text           0x08002910     0xbc08
                0x08002910                . = ALIGN (0x4)
 *(.text)
 .text          0x08002910       0xec /am/st-james/home1/stevenmatt3/_ENGR489 Crazyflie/GNU Tools/gcc-arm-none-eabi-4_8-2013q4/bin/../lib/gcc/arm-none-eabi/4.8.3/../../../../arm-none-eabi/lib/armv7-m/libc.a(lib_a-memcpy.o)
                0x08002910                memcpy
 .text          0x080029fc      0x23c /am/st-james/home1/stevenmatt3/_ENGR489 Crazyflie/GNU Tools/gcc-arm-none-eabi-4_8-2013q4/bin/../lib/gcc/arm-none-eabi/4.8.3/../../../../arm-none-eabi/lib/armv7-m/libc.a(lib_a-strcmp.o)
                0x080029fc                strcmp
 .text          0x08002c38      0x370 /am/st-james/home1/stevenmatt3/_ENGR489 Crazyflie/GNU Tools/gcc-arm-none-eabi-4_8-2013q4/bin/../lib/gcc/arm-none-eabi/4.8.3/armv7-m/libgcc.a(_arm_addsubdf3.o)
                0x08002c38                __aeabi_drsub
                0x08002c40                __aeabi_dsub
                0x08002c40                __subdf3
                0x08002c44                __adddf3
                0x08002c44                __aeabi_dadd
                0x08002ebc                __aeabi_ui2d
                0x08002ebc                __floatunsidf
                0x08002edc                __floatsidf
                0x08002edc                __aeabi_i2d
                0x08002f00                __extendsfdf2
                0x08002f00                __aeabi_f2d
                0x08002f3c                __aeabi_ul2d
                0x08002f3c                __floatundidf
                0x08002f4c                __floatdidf
                0x08002f4c                __aeabi_l2d
 .text          0x08002fa8      0x424 /am/st-james/home1/stevenmatt3/_ENGR489 Crazyflie/GNU Tools/gcc-arm-none-eabi-4_8-2013q4/bin/../lib/gcc/arm-none-eabi/4.8.3/armv7-m/libgcc.a(_arm_muldivdf3.o)
                0x08002fa8                __aeabi_dmul
                0x08002fa8                __muldf3
                0x080031fc                __aeabi_ddiv
                0x080031fc                __divdf3
 .text          0x080033cc      0x110 /am/st-james/home1/stevenmatt3/_ENGR489 Crazyflie/GNU Tools/gcc-arm-none-eabi-4_8-2013q4/bin/../lib/gcc/arm-none-eabi/4.8.3/armv7-m/libgcc.a(_arm_cmpdf2.o)
                0x080033cc                __gtdf2
                0x080033cc                __gedf2
                0x080033d4                __ltdf2
                0x080033d4                __ledf2
                0x080033dc                __cmpdf2
                0x080033dc                __eqdf2
                0x080033dc                __nedf2
                0x08003458                __aeabi_cdrcmple
                0x08003468                __aeabi_cdcmple
                0x08003468                __aeabi_cdcmpeq
                0x08003478                __aeabi_dcmpeq
                0x0800348c                __aeabi_dcmplt
                0x080034a0                __aeabi_dcmple
                0x080034b4                __aeabi_dcmpge
                0x080034c8                __aeabi_dcmpgt
 .text          0x080034dc       0x50 /am/st-james/home1/stevenmatt3/_ENGR489 Crazyflie/GNU Tools/gcc-arm-none-eabi-4_8-2013q4/bin/../lib/gcc/arm-none-eabi/4.8.3/armv7-m/libgcc.a(_arm_fixdfsi.o)
                0x080034dc                __fixdfsi
                0x080034dc                __aeabi_d2iz
 .text          0x0800352c       0xa0 /am/st-james/home1/stevenmatt3/_ENGR489 Crazyflie/GNU Tools/gcc-arm-none-eabi-4_8-2013q4/bin/../lib/gcc/arm-none-eabi/4.8.3/armv7-m/libgcc.a(_arm_truncdfsf2.o)
                0x0800352c                __aeabi_d2f
                0x0800352c                __truncdfsf2
 .text          0x080035cc      0x21c /am/st-james/home1/stevenmatt3/_ENGR489 Crazyflie/GNU Tools/gcc-arm-none-eabi-4_8-2013q4/bin/../lib/gcc/arm-none-eabi/4.8.3/armv7-m/libgcc.a(_arm_addsubsf3.o)
                0x080035cc                __aeabi_frsub
                0x080035d4                __subsf3
                0x080035d4                __aeabi_fsub
                0x080035d8                __aeabi_fadd
                0x080035d8                __addsf3
                0x08003738                __aeabi_ui2f
                0x08003738                __floatunsisf
                0x08003740                __aeabi_i2f
                0x08003740                __floatsisf
                0x0800375c                __floatundisf
                0x0800375c                __aeabi_ul2f
                0x0800376c                __floatdisf
                0x0800376c                __aeabi_l2f
 .text          0x080037e8      0x2a0 /am/st-james/home1/stevenmatt3/_ENGR489 Crazyflie/GNU Tools/gcc-arm-none-eabi-4_8-2013q4/bin/../lib/gcc/arm-none-eabi/4.8.3/armv7-m/libgcc.a(_arm_muldivsf3.o)
                0x080037e8                __mulsf3
                0x080037e8                __aeabi_fmul
                0x08003950                __divsf3
                0x08003950                __aeabi_fdiv
 .text          0x08003a88       0xec /am/st-james/home1/stevenmatt3/_ENGR489 Crazyflie/GNU Tools/gcc-arm-none-eabi-4_8-2013q4/bin/../lib/gcc/arm-none-eabi/4.8.3/armv7-m/libgcc.a(_arm_cmpsf2.o)
                0x08003a88                __gtsf2
                0x08003a88                __gesf2
                0x08003a90                __lesf2
                0x08003a90                __ltsf2
                0x08003a98                __nesf2
                0x08003a98                __eqsf2
                0x08003a98                __cmpsf2
                0x08003af8                __aeabi_cfrcmple
                0x08003b00                __aeabi_cfcmple
                0x08003b00                __aeabi_cfcmpeq
                0x08003b10                __aeabi_fcmpeq
                0x08003b24                __aeabi_fcmplt
                0x08003b38                __aeabi_fcmple
                0x08003b4c                __aeabi_fcmpge
                0x08003b60                __aeabi_fcmpgt
 .text          0x08003b74       0x4c /am/st-james/home1/stevenmatt3/_ENGR489 Crazyflie/GNU Tools/gcc-arm-none-eabi-4_8-2013q4/bin/../lib/gcc/arm-none-eabi/4.8.3/armv7-m/libgcc.a(_arm_fixsfsi.o)
                0x08003b74                __fixsfsi
                0x08003b74                __aeabi_f2iz
 .text          0x08003bc0       0x38 /am/st-james/home1/stevenmatt3/_ENGR489 Crazyflie/GNU Tools/gcc-arm-none-eabi-4_8-2013q4/bin/../lib/gcc/arm-none-eabi/4.8.3/armv7-m/libgcc.a(_aeabi_ldivmod.o)
                0x08003bc0                __aeabi_ldivmod
 .text          0x08003bf8       0x60 /am/st-james/home1/stevenmatt3/_ENGR489 Crazyflie/GNU Tools/gcc-arm-none-eabi-4_8-2013q4/bin/../lib/gcc/arm-none-eabi/4.8.3/armv7-m/libgcc.a(bpabi.o)
                0x08003bf8                __gnu_ldivmod_helper
                0x08003c28                __gnu_uldivmod_helper
 .text          0x08003c58        0x4 /am/st-james/home1/stevenmatt3/_ENGR489 Crazyflie/GNU Tools/gcc-arm-none-eabi-4_8-2013q4/bin/../lib/gcc/arm-none-eabi/4.8.3/armv7-m/libgcc.a(_dvmd_tls.o)
                0x08003c58                __aeabi_ldiv0
                0x08003c58                __aeabi_idiv0
 .text          0x08003c5c      0x2a0 /am/st-james/home1/stevenmatt3/_ENGR489 Crazyflie/GNU Tools/gcc-arm-none-eabi-4_8-2013q4/bin/../lib/gcc/arm-none-eabi/4.8.3/armv7-m/libgcc.a(_divdi3.o)
                0x08003c5c                __divdi3
 .text          0x08003efc      0x290 /am/st-james/home1/stevenmatt3/_ENGR489 Crazyflie/GNU Tools/gcc-arm-none-eabi-4_8-2013q4/bin/../lib/gcc/arm-none-eabi/4.8.3/armv7-m/libgcc.a(_udivdi3.o)
                0x08003efc                __udivdi3
 *(.text.*)
 .text.Reset_Handler
                0x0800418c       0x48 bin/startup_stm32f10x_md.o
                0x0800418c                Reset_Handler
 .text.Default_Handler
                0x080041d4        0x4 bin/startup_stm32f10x_md.o
                0x080041d4                EXTI2_IRQHandler
                0x080041d4                TIM1_CC_IRQHandler
                0x080041d4                PVD_IRQHandler
                0x080041d4                EXTI3_IRQHandler
                0x080041d4                EXTI0_IRQHandler
                0x080041d4                ADC1_2_IRQHandler
                0x080041d4                SPI1_IRQHandler
                0x080041d4                TAMPER_IRQHandler
                0x080041d4                RTC_IRQHandler
                0x080041d4                CAN1_RX1_IRQHandler
                0x080041d4                TIM4_IRQHandler
                0x080041d4                TIM3_IRQHandler
                0x080041d4                RCC_IRQHandler
                0x080041d4                TIM1_TRG_COM_IRQHandler
                0x080041d4                Default_Handler
                0x080041d4                EXTI15_10_IRQHandler
                0x080041d4                SPI2_IRQHandler
                0x080041d4                EXTI4_IRQHandler
                0x080041d4                USB_LP_CAN1_RX0_IRQHandler
                0x080041d4                USB_HP_CAN1_TX_IRQHandler
                0x080041d4                DMA1_Channel3_IRQHandler
                0x080041d4                WWDG_IRQHandler
                0x080041d4                TIM2_IRQHandler
                0x080041d4                TIM1_BRK_IRQHandler
                0x080041d4                EXTI1_IRQHandler
                0x080041d4                RTCAlarm_IRQHandler
                0x080041d4                USART2_IRQHandler
                0x080041d4                CAN1_SCE_IRQHandler
                0x080041d4                FLASH_IRQHandler
                0x080041d4                USART1_IRQHandler
                0x080041d4                USBWakeUp_IRQHandler
 .text.vListInitialise
                0x080041d8       0x16 bin/list.o
                0x080041d8                vListInitialise
 .text.vListInitialiseItem
                0x080041ee        0x6 bin/list.o
                0x080041ee                vListInitialiseItem
 .text.vListInsertEnd
                0x080041f4       0x1c bin/list.o
                0x080041f4                vListInsertEnd
 .text.vListInsert
                0x08004210       0x30 bin/list.o
                0x08004210                vListInsert
 .text.uxListRemove
                0x08004240       0x26 bin/list.o
                0x08004240                uxListRemove
 .text.prvIdleTask
                0x08004266        0x2 bin/tasks.o
 .text.prvAddCurrentTaskToDelayedList
                0x08004268       0x50 bin/tasks.o
 .text.xTaskGenericCreate
                0x080042b8      0x178 bin/tasks.o
                0x080042b8                xTaskGenericCreate
 .text.vTaskStartScheduler
                0x08004430       0x54 bin/tasks.o
                0x08004430                vTaskStartScheduler
 .text.vTaskSuspendAll
                0x08004484       0x10 bin/tasks.o
                0x08004484                vTaskSuspendAll
 .text.xTaskGetTickCount
                0x08004494       0x18 bin/tasks.o
                0x08004494                xTaskGetTickCount
 .text.vTaskIncrementTick
                0x080044ac       0xcc bin/tasks.o
                0x080044ac                vTaskIncrementTick
 .text.xTaskResumeAll
                0x08004578       0xc0 bin/tasks.o
                0x08004578                xTaskResumeAll
 .text.vTaskDelayUntil
                0x08004638       0x60 bin/tasks.o
                0x08004638                vTaskDelayUntil
 .text.vTaskDelay
                0x08004698       0x44 bin/tasks.o
                0x08004698                vTaskDelay
 .text.vTaskSetApplicationTaskTag
                0x080046dc       0x20 bin/tasks.o
                0x080046dc                vTaskSetApplicationTaskTag
 .text.vTaskSwitchContext
                0x080046fc       0x7c bin/tasks.o
                0x080046fc                vTaskSwitchContext
 .text.vTaskPlaceOnEventList
                0x08004778       0x2c bin/tasks.o
                0x08004778                vTaskPlaceOnEventList
 .text.vTaskPlaceOnEventListRestricted
                0x080047a4       0x2c bin/tasks.o
                0x080047a4                vTaskPlaceOnEventListRestricted
 .text.xTaskRemoveFromEventList
                0x080047d0       0x64 bin/tasks.o
                0x080047d0                xTaskRemoveFromEventList
 .text.vTaskSetTimeOutState
                0x08004834       0x18 bin/tasks.o
                0x08004834                vTaskSetTimeOutState
 .text.xTaskCheckForTimeOut
                0x0800484c       0x50 bin/tasks.o
                0x0800484c                xTaskCheckForTimeOut
 .text.vTaskMissedYield
                0x0800489c        0xc bin/tasks.o
                0x0800489c                vTaskMissedYield
 .text.xTaskGetCurrentTaskHandle
                0x080048a8        0xc bin/tasks.o
                0x080048a8                xTaskGetCurrentTaskHandle
 .text.xTaskGetSchedulerState
                0x080048b4       0x1c bin/tasks.o
                0x080048b4                xTaskGetSchedulerState
 .text.vTaskPriorityInherit
                0x080048d0       0x68 bin/tasks.o
                0x080048d0                vTaskPriorityInherit
 .text.vTaskPriorityDisinherit
                0x08004938       0x48 bin/tasks.o
                0x08004938                vTaskPriorityDisinherit
 .text.prvCopyDataToQueue
                0x08004980       0x58 bin/queue.o
 .text.prvCopyDataFromQueue
                0x080049d8       0x26 bin/queue.o
 .text.prvUnlockQueue
                0x080049fe       0x64 bin/queue.o
 .text.xQueueGenericReset
                0x08004a62       0x5a bin/queue.o
                0x08004a62                xQueueGenericReset
 .text.xQueueGenericCreate
                0x08004abc       0x42 bin/queue.o
                0x08004abc                xQueueGenericCreate
 .text.xQueueGenericSend
                0x08004afe       0xce bin/queue.o
                0x08004afe                xQueueGenericSend
 .text.xQueueCreateMutex
                0x08004bcc       0x44 bin/queue.o
                0x08004bcc                xQueueCreateMutex
 .text.xQueueGenericSendFromISR
                0x08004c10       0x58 bin/queue.o
                0x08004c10                xQueueGenericSendFromISR
 .text.xQueueGenericReceive
                0x08004c68      0x102 bin/queue.o
                0x08004c68                xQueueGenericReceive
 .text.uxQueueMessagesWaiting
                0x08004d6a       0x12 bin/queue.o
                0x08004d6a                uxQueueMessagesWaiting
 .text.vQueueWaitForMessageRestricted
                0x08004d7c       0x3a bin/queue.o
                0x08004d7c                vQueueWaitForMessageRestricted
 *fill*         0x08004db6        0x2 
 .text.prvCheckForValidListAndQueue
                0x08004db8       0x4c bin/timers.o
 .text.prvInsertTimerInActiveList
                0x08004e04       0x3c bin/timers.o
 .text.xTimerCreateTimerTask
                0x08004e40       0x34 bin/timers.o
                0x08004e40                xTimerCreateTimerTask
 .text.xTimerCreate
                0x08004e74       0x3a bin/timers.o
                0x08004e74                xTimerCreate
 *fill*         0x08004eae        0x2 
 .text.xTimerGenericCommand
                0x08004eb0       0x44 bin/timers.o
                0x08004eb0                xTimerGenericCommand
 .text.prvSwitchTimerLists.isra.1
                0x08004ef4       0x60 bin/timers.o
 .text.prvTimerTask
                0x08004f54      0x14c bin/timers.o
 .text.pvTimerGetTimerID
                0x080050a0        0x4 bin/timers.o
                0x080050a0                pvTimerGetTimerID
 .text.prvInsertBlockIntoFreeList
                0x080050a4       0x4c bin/heap_4.o
 .text.pvPortMalloc
                0x080050f0       0xac bin/heap_4.o
                0x080050f0                pvPortMalloc
 .text.vPortFree
                0x0800519c       0x2c bin/heap_4.o
                0x0800519c                vPortFree
 .text.prvPortStartFirstTask
                0x080051c8       0x14 bin/port.o
 .text.pxPortInitialiseStack
                0x080051dc       0x16 bin/port.o
                0x080051dc                pxPortInitialiseStack
 *fill*         0x080051f2        0x2 
 .text.SVC_Handler
                0x080051f4       0x20 bin/port.o
                0x080051f4                SVC_Handler
 .text.vPortYieldFromISR
                0x08005214       0x10 bin/port.o
                0x08005214                vPortYieldFromISR
 .text.ulPortSetInterruptMask
                0x08005224       0x10 bin/port.o
                0x08005224                ulPortSetInterruptMask
 .text.vPortEnterCritical
                0x08005234       0x14 bin/port.o
                0x08005234                vPortEnterCritical
 .text.vPortClearInterruptMask
                0x08005248        0x6 bin/port.o
                0x08005248                vPortClearInterruptMask
 *fill*         0x0800524e        0x2 
 .text.vPortExitCritical
                0x08005250       0x14 bin/port.o
                0x08005250                vPortExitCritical
 .text.PendSV_Handler
                0x08005264       0x3c bin/port.o
                0x08005264                PendSV_Handler
 .text.SysTick_Handler
                0x080052a0       0x20 bin/port.o
                0x080052a0                SysTick_Handler
 .text.vPortSetupTimerInterrupt
                0x080052c0       0x18 bin/port.o
                0x080052c0                vPortSetupTimerInterrupt
 .text.xPortStartScheduler
                0x080052d8       0x30 bin/port.o
                0x080052d8                xPortStartScheduler
 .text.NVIC_PriorityGroupConfig
                0x08005308       0x14 bin/misc.o
                0x08005308                NVIC_PriorityGroupConfig
 .text.NVIC_Init
                0x0800531c       0x68 bin/misc.o
                0x0800531c                NVIC_Init
 .text.ADC_DeInit
                0x08005384       0x5c bin/stm32f10x_adc.o
                0x08005384                ADC_DeInit
 .text.ADC_Init
                0x080053e0       0x48 bin/stm32f10x_adc.o
                0x080053e0                ADC_Init
 .text.ADC_Cmd  0x08005428       0x12 bin/stm32f10x_adc.o
                0x08005428                ADC_Cmd
 .text.ADC_DMACmd
                0x0800543a       0x12 bin/stm32f10x_adc.o
                0x0800543a                ADC_DMACmd
 .text.ADC_ResetCalibration
                0x0800544c        0xa bin/stm32f10x_adc.o
                0x0800544c                ADC_ResetCalibration
 .text.ADC_GetResetCalibrationStatus
                0x08005456        0x8 bin/stm32f10x_adc.o
                0x08005456                ADC_GetResetCalibrationStatus
 .text.ADC_StartCalibration
                0x0800545e        0xa bin/stm32f10x_adc.o
                0x0800545e                ADC_StartCalibration
 .text.ADC_GetCalibrationStatus
                0x08005468        0x8 bin/stm32f10x_adc.o
                0x08005468                ADC_GetCalibrationStatus
 .text.ADC_RegularChannelConfig
                0x08005470       0x90 bin/stm32f10x_adc.o
                0x08005470                ADC_RegularChannelConfig
 .text.ADC_ExternalTrigConvCmd
                0x08005500       0x12 bin/stm32f10x_adc.o
                0x08005500                ADC_ExternalTrigConvCmd
 *fill*         0x08005512        0x2 
 .text.ADC_TempSensorVrefintCmd
                0x08005514       0x18 bin/stm32f10x_adc.o
                0x08005514                ADC_TempSensorVrefintCmd
 .text.DBGMCU_Config
                0x0800552c       0x18 bin/stm32f10x_dbgmcu.o
                0x0800552c                DBGMCU_Config
 .text.DMA_DeInit
                0x08005544       0xec bin/stm32f10x_dma.o
                0x08005544                DMA_DeInit
 .text.DMA_Init
                0x08005630       0x3c bin/stm32f10x_dma.o
                0x08005630                DMA_Init
 .text.DMA_Cmd  0x0800566c       0x12 bin/stm32f10x_dma.o
                0x0800566c                DMA_Cmd
 .text.DMA_ITConfig
                0x0800567e       0x10 bin/stm32f10x_dma.o
                0x0800567e                DMA_ITConfig
 *fill*         0x0800568e        0x2 
 .text.DMA_ClearFlag
                0x08005690       0x14 bin/stm32f10x_dma.o
                0x08005690                DMA_ClearFlag
 .text.DMA_GetITStatus
                0x080056a4       0x1c bin/stm32f10x_dma.o
                0x080056a4                DMA_GetITStatus
 .text.DMA_ClearITPendingBit
                0x080056c0       0x14 bin/stm32f10x_dma.o
                0x080056c0                DMA_ClearITPendingBit
 .text.EXTI_Init
                0x080056d4       0x84 bin/stm32f10x_exti.o
                0x080056d4                EXTI_Init
 .text.EXTI_GetITStatus
                0x08005758       0x1c bin/stm32f10x_exti.o
                0x08005758                EXTI_GetITStatus
 .text.EXTI_ClearITPendingBit
                0x08005774        0xc bin/stm32f10x_exti.o
                0x08005774                EXTI_ClearITPendingBit
 .text.FLASH_SetLatency
                0x08005780       0x14 bin/stm32f10x_flash.o
                0x08005780                FLASH_SetLatency
 .text.FLASH_PrefetchBufferCmd
                0x08005794       0x18 bin/stm32f10x_flash.o
                0x08005794                FLASH_PrefetchBufferCmd
 .text.GPIO_Init
                0x080057ac       0x90 bin/stm32f10x_gpio.o
                0x080057ac                GPIO_Init
 .text.GPIO_ReadInputDataBit
                0x0800583c        0xc bin/stm32f10x_gpio.o
                0x0800583c                GPIO_ReadInputDataBit
 .text.GPIO_SetBits
                0x08005848        0x4 bin/stm32f10x_gpio.o
                0x08005848                GPIO_SetBits
 .text.GPIO_ResetBits
                0x0800584c        0x4 bin/stm32f10x_gpio.o
                0x0800584c                GPIO_ResetBits
 .text.GPIO_PinRemapConfig
                0x08005850       0x54 bin/stm32f10x_gpio.o
                0x08005850                GPIO_PinRemapConfig
 .text.GPIO_EXTILineConfig
                0x080058a4       0x2a bin/stm32f10x_gpio.o
                0x080058a4                GPIO_EXTILineConfig
 *fill*         0x080058ce        0x2 
 .text.I2C_DeInit
                0x080058d0       0x34 bin/stm32f10x_i2c.o
                0x080058d0                I2C_DeInit
 .text.I2C_Init
                0x08005904       0xdc bin/stm32f10x_i2c.o
                0x08005904                I2C_Init
 .text.I2C_SoftwareResetCmd
                0x080059e0       0x18 bin/stm32f10x_i2c.o
                0x080059e0                I2C_SoftwareResetCmd
 .text.I2C_ClearFlag
                0x080059f8        0x8 bin/stm32f10x_i2c.o
                0x080059f8                I2C_ClearFlag
 .text.RCC_DeInit
                0x08005a00       0x40 bin/stm32f10x_rcc.o
                0x08005a00                RCC_DeInit
 .text.RCC_HSEConfig
                0x08005a40       0x38 bin/stm32f10x_rcc.o
                0x08005a40                RCC_HSEConfig
 .text.RCC_PLLConfig
                0x08005a78       0x14 bin/stm32f10x_rcc.o
                0x08005a78                RCC_PLLConfig
 .text.RCC_PLLCmd
                0x08005a8c        0xc bin/stm32f10x_rcc.o
                0x08005a8c                RCC_PLLCmd
 .text.RCC_SYSCLKConfig
                0x08005a98       0x14 bin/stm32f10x_rcc.o
                0x08005a98                RCC_SYSCLKConfig
 .text.RCC_GetSYSCLKSource
                0x08005aac       0x10 bin/stm32f10x_rcc.o
                0x08005aac                RCC_GetSYSCLKSource
 .text.RCC_HCLKConfig
                0x08005abc       0x14 bin/stm32f10x_rcc.o
                0x08005abc                RCC_HCLKConfig
 .text.RCC_PCLK1Config
                0x08005ad0       0x14 bin/stm32f10x_rcc.o
                0x08005ad0                RCC_PCLK1Config
 .text.RCC_PCLK2Config
                0x08005ae4       0x14 bin/stm32f10x_rcc.o
                0x08005ae4                RCC_PCLK2Config
 .text.RCC_ADCCLKConfig
                0x08005af8       0x14 bin/stm32f10x_rcc.o
                0x08005af8                RCC_ADCCLKConfig
 .text.RCC_GetClocksFreq
                0x08005b0c       0x90 bin/stm32f10x_rcc.o
                0x08005b0c                RCC_GetClocksFreq
 .text.RCC_AHBPeriphClockCmd
                0x08005b9c       0x18 bin/stm32f10x_rcc.o
                0x08005b9c                RCC_AHBPeriphClockCmd
 .text.RCC_APB2PeriphClockCmd
                0x08005bb4       0x18 bin/stm32f10x_rcc.o
                0x08005bb4                RCC_APB2PeriphClockCmd
 .text.RCC_APB1PeriphClockCmd
                0x08005bcc       0x18 bin/stm32f10x_rcc.o
                0x08005bcc                RCC_APB1PeriphClockCmd
 .text.RCC_APB2PeriphResetCmd
                0x08005be4       0x18 bin/stm32f10x_rcc.o
                0x08005be4                RCC_APB2PeriphResetCmd
 .text.RCC_APB1PeriphResetCmd
                0x08005bfc       0x18 bin/stm32f10x_rcc.o
                0x08005bfc                RCC_APB1PeriphResetCmd
 .text.RCC_MCOConfig
                0x08005c14        0xc bin/stm32f10x_rcc.o
                0x08005c14                RCC_MCOConfig
 .text.RCC_GetFlagStatus
                0x08005c20       0x28 bin/stm32f10x_rcc.o
                0x08005c20                RCC_GetFlagStatus
 .text.RCC_WaitForHSEStartUp
                0x08005c48       0x30 bin/stm32f10x_rcc.o
                0x08005c48                RCC_WaitForHSEStartUp
 .text.SPI_Init
                0x08005c78       0x3e bin/stm32f10x_spi.o
                0x08005c78                SPI_Init
 .text.SPI_Cmd  0x08005cb6       0x18 bin/stm32f10x_spi.o
                0x08005cb6                SPI_Cmd
 .text.SPI_I2S_SendData
                0x08005cce        0x4 bin/stm32f10x_spi.o
                0x08005cce                SPI_I2S_SendData
 .text.SPI_I2S_ReceiveData
                0x08005cd2        0x6 bin/stm32f10x_spi.o
                0x08005cd2                SPI_I2S_ReceiveData
 .text.SPI_I2S_GetFlagStatus
                0x08005cd8        0xc bin/stm32f10x_spi.o
                0x08005cd8                SPI_I2S_GetFlagStatus
 .text.TIM_TimeBaseInit
                0x08005ce4       0x3c bin/stm32f10x_tim.o
                0x08005ce4                TIM_TimeBaseInit
 .text.TIM_OC2Init
                0x08005d20       0x88 bin/stm32f10x_tim.o
                0x08005d20                TIM_OC2Init
 .text.TIM_OC3Init
                0x08005da8       0x84 bin/stm32f10x_tim.o
                0x08005da8                TIM_OC3Init
 .text.TIM_OC4Init
                0x08005e2c       0x68 bin/stm32f10x_tim.o
                0x08005e2c                TIM_OC4Init
 .text.TIM_Cmd  0x08005e94       0x18 bin/stm32f10x_tim.o
                0x08005e94                TIM_Cmd
 .text.TIM_CtrlPWMOutputs
                0x08005eac       0x1c bin/stm32f10x_tim.o
                0x08005eac                TIM_CtrlPWMOutputs
 .text.TIM_ITConfig
                0x08005ec8       0x12 bin/stm32f10x_tim.o
                0x08005ec8                TIM_ITConfig
 .text.TIM_OC2PreloadConfig
                0x08005eda       0x14 bin/stm32f10x_tim.o
                0x08005eda                TIM_OC2PreloadConfig
 .text.TIM_OC3PreloadConfig
                0x08005eee       0x10 bin/stm32f10x_tim.o
                0x08005eee                TIM_OC3PreloadConfig
 .text.TIM_OC4PreloadConfig
                0x08005efe       0x14 bin/stm32f10x_tim.o
                0x08005efe                TIM_OC4PreloadConfig
 .text.TIM_SetCompare3
                0x08005f12        0x4 bin/stm32f10x_tim.o
                0x08005f12                TIM_SetCompare3
 .text.TIM_SetCompare4
                0x08005f16        0x6 bin/stm32f10x_tim.o
                0x08005f16                TIM_SetCompare4
 .text.TIM_ClearITPendingBit
                0x08005f1c        0x8 bin/stm32f10x_tim.o
                0x08005f1c                TIM_ClearITPendingBit
 .text.USART_ITConfig
                0x08005f24       0x30 bin/stm32f10x_usart.o
                0x08005f24                USART_ITConfig
 .text.USART_SendData
                0x08005f54        0x8 bin/stm32f10x_usart.o
                0x08005f54                USART_SendData
 .text.USART_ReceiveData
                0x08005f5c        0x8 bin/stm32f10x_usart.o
                0x08005f5c                USART_ReceiveData
 .text.USART_GetITStatus
                0x08005f64       0x40 bin/stm32f10x_usart.o
                0x08005f64                USART_GetITStatus
 .text.USART_ClearITPendingBit
                0x08005fa4        0xe bin/stm32f10x_usart.o
                0x08005fa4                USART_ClearITPendingBit
 *fill*         0x08005fb2        0x2 
 .text.startup.main
                0x08005fb4       0xb0 bin/main.o
                0x08005fb4                main
 .text.ledSet.part.0
                0x08006064       0x38 bin/led.o
 .text.ledInit  0x0800609c       0x54 bin/led.o
                0x0800609c                ledInit
 .text.ledTest  0x080060f0        0xc bin/led.o
                0x080060f0                ledTest
 .text.ledSet   0x080060fc        0xa bin/led.o
                0x080060fc                ledSet
 *fill*         0x08006106        0x2 
 .text.uartIsr  0x08006108       0xc8 bin/uart.o
                0x08006108                uartIsr
 .text.uartSendData
                0x080061d0       0x20 bin/uart.o
                0x080061d0                uartSendData
 .text.uartPutchar
                0x080061f0       0x18 bin/uart.o
                0x080061f0                uartPutchar
 .text.adcInit  0x08006208      0x1f0 bin/adc.o
                0x08006208                adcInit
 .text.adcTest  0x080063f8        0xc bin/adc.o
                0x080063f8                adcTest
 .text.adcConvertToVoltageFloat
                0x08006404       0x34 bin/adc.o
                0x08006404                adcConvertToVoltageFloat
 .text.adcDmaStart
                0x08006438       0x2c bin/adc.o
                0x08006438                adcDmaStart
 .text.adcTask  0x08006464       0x58 bin/adc.o
                0x08006464                adcTask
 .text.adcInterruptHandler
                0x080064bc       0x58 bin/adc.o
                0x080064bc                adcInterruptHandler
 .text.spiSendByte
                0x08006514       0x34 bin/nrf24l01.o
 .text.nrfReadReg
                0x08006548       0x40 bin/nrf24l01.o
                0x08006548                nrfReadReg
 .text.nrfWriteReg
                0x08006588       0x44 bin/nrf24l01.o
                0x08006588                nrfWriteReg
 .text.nrfWrite1Reg
                0x080065cc       0x16 bin/nrf24l01.o
                0x080065cc                nrfWrite1Reg
 .text.nrfRead1Reg
                0x080065e2       0x16 bin/nrf24l01.o
                0x080065e2                nrfRead1Reg
 .text.nrfFlushRx
                0x080065f8       0x28 bin/nrf24l01.o
                0x080065f8                nrfFlushRx
 .text.nrfFlushTx
                0x08006620       0x28 bin/nrf24l01.o
                0x08006620                nrfFlushTx
 .text.nrfRxLength
                0x08006648       0x30 bin/nrf24l01.o
                0x08006648                nrfRxLength
 .text.nrfWriteAck
                0x08006678       0x58 bin/nrf24l01.o
                0x08006678                nrfWriteAck
 .text.nrfReadRX
                0x080066d0       0x3c bin/nrf24l01.o
                0x080066d0                nrfReadRX
 .text.nrfIsr   0x0800670c       0x10 bin/nrf24l01.o
                0x0800670c                nrfIsr
 .text.nrfSetInterruptCallback
                0x0800671c        0xc bin/nrf24l01.o
                0x0800671c                nrfSetInterruptCallback
 .text.nrfSetChannel
                0x08006728       0x10 bin/nrf24l01.o
                0x08006728                nrfSetChannel
 .text.nrfSetDatarate
                0x08006738       0x20 bin/nrf24l01.o
                0x08006738                nrfSetDatarate
 .text.nrfSetAddress
                0x08006758       0x3c bin/nrf24l01.o
                0x08006758                nrfSetAddress
 .text.nrfSetEnable
                0x08006794       0x1c bin/nrf24l01.o
                0x08006794                nrfSetEnable
 .text.nrfInit  0x080067b0      0x144 bin/nrf24l01.o
                0x080067b0                nrfInit
 .text.nrfTest  0x080068f4       0x14 bin/nrf24l01.o
                0x080068f4                nrfTest
 .text.extiInit
                0x08006908       0x30 bin/exti.o
                0x08006908                extiInit
 .text.extiTest
                0x08006938        0xc bin/exti.o
                0x08006938                extiTest
 .text.extiInterruptHandler
                0x08006944       0x20 bin/exti.o
                0x08006944                extiInterruptHandler
 .text.nvicInit
                0x08006964        0x8 bin/nvic.o
                0x08006964                nvicInit
 .text.NMI_Handler
                0x0800696c        0x2 bin/nvic.o
                0x0800696c                NMI_Handler
 .text.HardFault_Handler
                0x0800696e       0x14 bin/nvic.o
                0x0800696e                HardFault_Handler
 *fill*         0x08006982        0x2 
 .text.printHardFault
                0x08006984      0x104 bin/nvic.o
                0x08006984                printHardFault
 .text.MemManage_Handler
                0x08006a88        0x2 bin/nvic.o
                0x08006a88                MemManage_Handler
 .text.BusFault_Handler
                0x08006a8a        0x2 bin/nvic.o
                0x08006a8a                BusFault_Handler
 .text.UsageFault_Handler
                0x08006a8c        0x2 bin/nvic.o
                0x08006a8c                UsageFault_Handler
 .text.DebugMon_Handler
                0x08006a8e        0x2 bin/nvic.o
                0x08006a8e                DebugMon_Handler
 .text.DMA1_Channel1_IRQHandler
                0x08006a90        0x4 bin/nvic.o
                0x08006a90                DMA1_Channel1_IRQHandler
 .text.DMA1_Channel2_IRQHandler
                0x08006a94        0x2 bin/nvic.o
                0x08006a94                DMA1_Channel2_IRQHandler
 .text.DMA1_Channel4_IRQHandler
                0x08006a96        0x4 bin/nvic.o
                0x08006a96                DMA1_Channel4_IRQHandler
 .text.DMA1_Channel5_IRQHandler
                0x08006a9a        0x4 bin/nvic.o
                0x08006a9a                DMA1_Channel5_IRQHandler
 .text.DMA1_Channel6_IRQHandler
                0x08006a9e        0x4 bin/nvic.o
                0x08006a9e                DMA1_Channel6_IRQHandler
 .text.DMA1_Channel7_IRQHandler
                0x08006aa2        0x4 bin/nvic.o
                0x08006aa2                DMA1_Channel7_IRQHandler
 .text.EXTI9_5_IRQHandler
                0x08006aa6        0x4 bin/nvic.o
                0x08006aa6                EXTI9_5_IRQHandler
 .text.USART3_IRQHandler
                0x08006aaa        0x4 bin/nvic.o
                0x08006aaa                USART3_IRQHandler
 *fill*         0x08006aae        0x2 
 .text.TIM1_UP_IRQHandler
                0x08006ab0       0x2c bin/nvic.o
                0x08006ab0                TIM1_UP_IRQHandler
 .text.I2C1_EV_IRQHandler
                0x08006adc        0x4 bin/nvic.o
                0x08006adc                I2C1_EV_IRQHandler
 .text.I2C1_ER_IRQHandler
                0x08006ae0        0x4 bin/nvic.o
                0x08006ae0                I2C1_ER_IRQHandler
 .text.I2C2_EV_IRQHandler
                0x08006ae4        0x2 bin/nvic.o
                0x08006ae4                I2C2_EV_IRQHandler
 *fill*         0x08006ae6        0x2 
 .text.I2C2_ER_IRQHandler
                0x08006ae8       0x10 bin/nvic.o
                0x08006ae8                I2C2_ER_IRQHandler
 .text.motorsInit
                0x08006af8      0x118 bin/motors.o
                0x08006af8                motorsInit
 .text.motorsSetRatio
                0x08006c10       0x30 bin/motors.o
                0x08006c10                motorsSetRatio
 .text.motorsTest
                0x08006c40       0x3c bin/motors.o
                0x08006c40                motorsTest
 .text.mpu6050Init
                0x08006c7c       0x24 bin/mpu6050.o
                0x08006c7c                mpu6050Init
 .text.mpu6050EvaluateSelfTest
                0x08006ca0       0x5c bin/mpu6050.o
                0x08006ca0                mpu6050EvaluateSelfTest
 .text.mpu6050SetRate
                0x08006cfc       0x18 bin/mpu6050.o
                0x08006cfc                mpu6050SetRate
 .text.mpu6050SetDLPFMode
                0x08006d14       0x28 bin/mpu6050.o
                0x08006d14                mpu6050SetDLPFMode
 .text.mpu6050GetFullScaleGyroRangeId
                0x08006d3c       0x2c bin/mpu6050.o
                0x08006d3c                mpu6050GetFullScaleGyroRangeId
 .text.mpu6050GetFullScaleGyroDPL
                0x08006d68       0x20 bin/mpu6050.o
                0x08006d68                mpu6050GetFullScaleGyroDPL
 .text.mpu6050SetFullScaleGyroRange
                0x08006d88       0x28 bin/mpu6050.o
                0x08006d88                mpu6050SetFullScaleGyroRange
 .text.mpu6050SetGyroXSelfTest
                0x08006db0       0x24 bin/mpu6050.o
                0x08006db0                mpu6050SetGyroXSelfTest
 .text.mpu6050SetGyroYSelfTest
                0x08006dd4       0x24 bin/mpu6050.o
                0x08006dd4                mpu6050SetGyroYSelfTest
 .text.mpu6050SetGyroZSelfTest
                0x08006df8       0x24 bin/mpu6050.o
                0x08006df8                mpu6050SetGyroZSelfTest
 .text.mpu6050SetAccelXSelfTest
                0x08006e1c       0x24 bin/mpu6050.o
                0x08006e1c                mpu6050SetAccelXSelfTest
 .text.mpu6050SetAccelYSelfTest
                0x08006e40       0x24 bin/mpu6050.o
                0x08006e40                mpu6050SetAccelYSelfTest
 .text.mpu6050SetAccelZSelfTest
                0x08006e64       0x24 bin/mpu6050.o
                0x08006e64                mpu6050SetAccelZSelfTest
 .text.mpu6050GetFullScaleAccelRangeId
                0x08006e88       0x2c bin/mpu6050.o
                0x08006e88                mpu6050GetFullScaleAccelRangeId
 .text.mpu6050GetFullScaleAccelGPL
                0x08006eb4       0x20 bin/mpu6050.o
                0x08006eb4                mpu6050GetFullScaleAccelGPL
 .text.mpu6050SetFullScaleAccelRange
                0x08006ed4       0x28 bin/mpu6050.o
                0x08006ed4                mpu6050SetFullScaleAccelRange
 .text.mpu6050SetI2CBypassEnabled
                0x08006efc       0x24 bin/mpu6050.o
                0x08006efc                mpu6050SetI2CBypassEnabled
 .text.mpu6050SetIntEnabled
                0x08006f20       0x18 bin/mpu6050.o
                0x08006f20                mpu6050SetIntEnabled
 .text.mpu6050GetMotion6
                0x08006f38       0x74 bin/mpu6050.o
                0x08006f38                mpu6050GetMotion6
 .text.mpu6050SelfTest
                0x08006fac      0x268 bin/mpu6050.o
                0x08006fac                mpu6050SelfTest
 .text.mpu6050Reset
                0x08007214       0x24 bin/mpu6050.o
                0x08007214                mpu6050Reset
 .text.mpu6050SetSleepEnabled
                0x08007238       0x24 bin/mpu6050.o
                0x08007238                mpu6050SetSleepEnabled
 .text.mpu6050SetTempSensorEnabled
                0x0800725c       0x28 bin/mpu6050.o
                0x0800725c                mpu6050SetTempSensorEnabled
 .text.mpu6050SetClockSource
                0x08007284       0x28 bin/mpu6050.o
                0x08007284                mpu6050SetClockSource
 .text.mpu6050GetDeviceID
                0x080072ac       0x2c bin/mpu6050.o
                0x080072ac                mpu6050GetDeviceID
 .text.mpu6050TestConnection
                0x080072d8       0x10 bin/mpu6050.o
                0x080072d8                mpu6050TestConnection
 .text.i2cdevRuffLoopDelay.constprop.1
                0x080072e8       0x14 bin/i2cdev.o
 .text.i2cdevInit
                0x080072fc      0x34c bin/i2cdev.o
                0x080072fc                i2cdevInit
 .text.i2cdevRead
                0x08007648       0x4a bin/i2cdev.o
                0x08007648                i2cdevRead
 .text.i2cdevReadByte
                0x08007692       0x10 bin/i2cdev.o
                0x08007692                i2cdevReadByte
 .text.i2cdevReadBits
                0x080076a2       0x32 bin/i2cdev.o
                0x080076a2                i2cdevReadBits
 .text.i2cdevWrite
                0x080076d4       0x64 bin/i2cdev.o
                0x080076d4                i2cdevWrite
 .text.i2cdevWriteByte
                0x08007738       0x14 bin/i2cdev.o
                0x08007738                i2cdevWriteByte
 .text.i2cdevWriteBit
                0x0800774c       0x40 bin/i2cdev.o
                0x0800774c                i2cdevWriteBit
 .text.i2cdevWriteBits
                0x0800778c       0x52 bin/i2cdev.o
                0x0800778c                i2cdevWriteBits
 *fill*         0x080077de        0x2 
 .text.i2cDmaInterruptHandlerI2c1
                0x080077e0       0x4c bin/i2cdev.o
                0x080077e0                i2cDmaInterruptHandlerI2c1
 .text.i2cDmaInterruptHandlerI2c2
                0x0800782c       0x4c bin/i2cdev.o
                0x0800782c                i2cDmaInterruptHandlerI2c2
 .text.I2C_DMAConfig.part.0
                0x08007878       0x68 bin/i2croutines.o
 .text.I2C_Master_BufferWrite
                0x080078e0      0x178 bin/i2croutines.o
                0x080078e0                I2C_Master_BufferWrite
 .text.I2C_LowLevel_Init
                0x08007a58      0x1d4 bin/i2croutines.o
                0x08007a58                I2C_LowLevel_Init
 .text.I2C_DMAConfig
                0x08007c2c       0x68 bin/i2croutines.o
                0x08007c2c                I2C_DMAConfig
 .text.I2C_Master_BufferRead
                0x08007c94      0x190 bin/i2croutines.o
                0x08007c94                I2C_Master_BufferRead
 .text.i2cInterruptHandlerI2c1
                0x08007e24      0x16c bin/i2croutines.o
                0x08007e24                i2cInterruptHandlerI2c1
 .text.i2cErrorInterruptHandlerI2c1
                0x08007f90       0x74 bin/i2croutines.o
                0x08007f90                i2cErrorInterruptHandlerI2c1
 .text.hmc5883lTestConnection
                0x08008004       0x44 bin/hmc5883l.o
                0x08008004                hmc5883lTestConnection
 .text.hmc5883lEvaluateSelfTest
                0x08008048       0x30 bin/hmc5883l.o
                0x08008048                hmc5883lEvaluateSelfTest
 .text.hmc5883lSetGain
                0x08008078       0x1c bin/hmc5883l.o
                0x08008078                hmc5883lSetGain
 .text.hmc5883lInit
                0x08008094       0x30 bin/hmc5883l.o
                0x08008094                hmc5883lInit
 .text.hmc5883lSetMode
                0x080080c4       0x28 bin/hmc5883l.o
                0x080080c4                hmc5883lSetMode
 .text.hmc5883lGetHeading
                0x080080ec       0x68 bin/hmc5883l.o
                0x080080ec                hmc5883lGetHeading
 .text.hmc5883lSelfTest
                0x08008154      0x144 bin/hmc5883l.o
                0x08008154                hmc5883lSelfTest
 .text.ms5611EvaluateSelfTest
                0x08008298       0x5c bin/ms5611.o
                0x08008298                ms5611EvaluateSelfTest
 .text.ms5611CalcPressure
                0x080082f4       0xa4 bin/ms5611.o
                0x080082f4                ms5611CalcPressure
 .text.ms5611CalcTemp
                0x08008398       0x34 bin/ms5611.o
                0x08008398                ms5611CalcTemp
 .text.ms5611CalcDeltaTemp
                0x080083cc       0x10 bin/ms5611.o
                0x080083cc                ms5611CalcDeltaTemp
 .text.ms5611StartConversion
                0x080083dc       0x18 bin/ms5611.o
                0x080083dc                ms5611StartConversion
 .text.ms5611GetConversion
                0x080083f4       0x44 bin/ms5611.o
                0x080083f4                ms5611GetConversion
 .text.ms5611SelfTest
                0x08008438       0x98 bin/ms5611.o
                0x08008438                ms5611SelfTest
 .text.ms5611ReadPROM
                0x080084d0       0x50 bin/ms5611.o
                0x080084d0                ms5611ReadPROM
 .text.ms5611Reset
                0x08008520       0x18 bin/ms5611.o
                0x08008520                ms5611Reset
 .text.ms5611Init
                0x08008538       0x38 bin/ms5611.o
                0x08008538                ms5611Init
 .text.nopFunc  0x08008570        0x4 bin/crtp.o
 .text.crtpRxTask
                0x08008574       0x60 bin/crtp.o
 .text.crtpTxTask
                0x080085d4       0x2c bin/crtp.o
 .text.crtpInit
                0x08008600       0x74 bin/crtp.o
                0x08008600                crtpInit
 .text.crtpTest
                0x08008674        0xc bin/crtp.o
                0x08008674                crtpTest
 .text.crtpInitTaskQueue
                0x08008680       0x34 bin/crtp.o
                0x08008680                crtpInitTaskQueue
 .text.crtpReceivePacketBlock
                0x080086b4       0x4c bin/crtp.o
                0x080086b4                crtpReceivePacketBlock
 .text.crtpRegisterPortCB
                0x08008700       0x10 bin/crtp.o
                0x08008700                crtpRegisterPortCB
 .text.crtpSendPacket
                0x08008710       0x30 bin/crtp.o
                0x08008710                crtpSendPacket
 .text.crtpSendPacketBlock
                0x08008740       0x30 bin/crtp.o
                0x08008740                crtpSendPacketBlock
 .text.crtpReset
                0x08008770       0x24 bin/crtp.o
                0x08008770                crtpReset
 .text.crtpIsConnected
                0x08008794       0x18 bin/crtp.o
                0x08008794                crtpIsConnected
 .text.crtpSetLink
                0x080087ac       0x2c bin/crtp.o
                0x080087ac                crtpSetLink
 .text.updateActive
                0x080087d8       0x3c bin/ledseq.o
 .text.runLedseq
                0x08008814       0xc8 bin/ledseq.o
 .text.ledseqInit
                0x080088dc       0xa8 bin/ledseq.o
                0x080088dc                ledseqInit
 .text.ledseqTest
                0x08008984       0x14 bin/ledseq.o
                0x08008984                ledseqTest
 .text.ledseqRun
                0x08008998       0x78 bin/ledseq.o
                0x08008998                ledseqRun
 .text.ledseqSetTimes
                0x08008a10        0x6 bin/ledseq.o
                0x08008a10                ledseqSetTimes
 *fill*         0x08008a16        0x2 
 .text.ledseqStop
                0x08008a18       0x68 bin/ledseq.o
                0x08008a18                ledseqStop
 .text.vApplicationStackOverflowHook
                0x08008a80       0x14 bin/freeRTOSdebug.o
                0x08008a80                vApplicationStackOverflowHook
 .text.debugSendTraceInfo
                0x08008a94        0x2 bin/freeRTOSdebug.o
                0x08008a94                debugSendTraceInfo
 *fill*         0x08008a96        0x2 
 .text.imu6Init
                0x08008a98      0x1e0 bin/imu.o
                0x08008a98                imu6Init
 .text.imu6Test
                0x08008c78       0x8c bin/imu.o
                0x08008c78                imu6Test
 .text.imu6Read
                0x08008d04      0x378 bin/imu.o
                0x08008d04                imu6Read
 .text.imu9Read
                0x0800907c       0x64 bin/imu.o
                0x0800907c                imu9Read
 .text.imu6IsCalibrated
                0x080090e0        0xc bin/imu.o
                0x080090e0                imu6IsCalibrated
 .text.pmInit   0x080090ec       0xf4 bin/pm.o
                0x080090ec                pmInit
 .text.pmTest   0x080091e0        0xc bin/pm.o
                0x080091e0                pmTest
 .text.pmBatteryUpdate
                0x080091ec       0x80 bin/pm.o
                0x080091ec                pmBatteryUpdate
 .text.pmSetChargeState
                0x0800926c       0x58 bin/pm.o
                0x0800926c                pmSetChargeState
 .text.pmUpdateState
                0x080092c4       0x54 bin/pm.o
                0x080092c4                pmUpdateState
 .text.pmTask   0x08009318      0x1e0 bin/pm.o
                0x08009318                pmTask
 .text.isConnected
                0x080094f8       0x1c bin/radiolink.o
 .text.setEnable
                0x08009514       0x14 bin/radiolink.o
 .text.radiolinkTask
                0x08009528       0xd4 bin/radiolink.o
 .text.interruptCallback
                0x080095fc       0x28 bin/radiolink.o
 .text.radiolinkInitNRF24L01P
                0x08009624       0x68 bin/radiolink.o
 .text.reset    0x0800968c       0x18 bin/radiolink.o
 .text.sendPacket
                0x080096a4       0x28 bin/radiolink.o
 .text.receivePacket
                0x080096cc       0x28 bin/radiolink.o
 .text.radiolinkInit
                0x080096f4       0x94 bin/radiolink.o
                0x080096f4                radiolinkInit
 .text.radiolinkTest
                0x08009788        0x4 bin/radiolink.o
                0x08009788                radiolinkTest
 .text.radiolinkGetLink
                0x0800978c        0x8 bin/radiolink.o
                0x0800978c                radiolinkGetLink
 .text.radiolinkReInit
                0x08009794       0x10 bin/radiolink.o
                0x08009794                radiolinkReInit
 .text.initUsecTimer
                0x080097a4       0x7c bin/usec_time.o
                0x080097a4                initUsecTimer
 .text.systemLaunch
                0x08009820       0x28 bin/system.o
                0x08009820                systemLaunch
 .text.systemInit
                0x08009848       0x40 bin/system.o
                0x08009848                systemInit
 .text.systemTest
                0x08009888       0x28 bin/system.o
                0x08009888                systemTest
 .text.systemStart
                0x080098b0       0x14 bin/system.o
                0x080098b0                systemStart
 .text.systemTask
                0x080098c4      0x100 bin/system.o
 .text.systemWaitStart
                0x080099c4       0x38 bin/system.o
                0x080099c4                systemWaitStart
 .text.systemSetCanFly
                0x080099fc        0xc bin/system.o
                0x080099fc                systemSetCanFly
 .text.commInit
                0x08009a08       0x34 bin/comm.o
                0x08009a08                commInit
 .text.commTest
                0x08009a3c       0x30 bin/comm.o
                0x08009a3c                commTest
 .text.consoleInit
                0x08009a6c       0x3c bin/console.o
                0x08009a6c                consoleInit
 .text.consoleTest
                0x08009aa8        0xc bin/console.o
                0x08009aa8                consoleTest
 .text.consolePutchar
                0x08009ab4       0x58 bin/console.o
                0x08009ab4                consolePutchar
 .text.pidInit  0x08009b0c       0x2c bin/pid.o
                0x08009b0c                pidInit
 .text.pidUpdate
                0x08009b38       0x88 bin/pid.o
                0x08009b38                pidUpdate
 .text.pidSetIntegralLimit
                0x08009bc0        0x4 bin/pid.o
                0x08009bc0                pidSetIntegralLimit
 .text.pidReset
                0x08009bc4        0xc bin/pid.o
                0x08009bc4                pidReset
 .text.pidSetError
                0x08009bd0        0x4 bin/pid.o
                0x08009bd0                pidSetError
 .text.pidSetDesired
                0x08009bd4        0x4 bin/pid.o
                0x08009bd4                pidSetDesired
 .text.crtpserviceHandler
                0x08009bd8       0x16 bin/crtpservice.o
                0x08009bd8                crtpserviceHandler
 *fill*         0x08009bee        0x2 
 .text.crtpserviceInit
                0x08009bf0       0x20 bin/crtpservice.o
                0x08009bf0                crtpserviceInit
 .text.crtpserviceTest
                0x08009c10        0xc bin/crtpservice.o
                0x08009c10                crtpserviceTest
 .text.variableGetIndex
                0x08009c1c       0x38 bin/param.o
 .text.paramInit
                0x08009c54       0x8c bin/param.o
                0x08009c54                paramInit
 .text.paramTest
                0x08009ce0        0xc bin/param.o
                0x08009ce0                paramTest
 .text.paramTOCProcess
                0x08009cec       0xe4 bin/param.o
                0x08009cec                paramTOCProcess
 .text.paramTask
                0x08009dd0       0xfc bin/param.o
 .text.commanderCrtpCB
                0x08009ecc       0x44 bin/commander.o
 .text.commanderInit
                0x08009f10       0x38 bin/commander.o
                0x08009f10                commanderInit
 .text.commanderTest
                0x08009f48       0x10 bin/commander.o
                0x08009f48                commanderTest
 .text.commanderWatchdog
                0x08009f58       0x54 bin/commander.o
                0x08009f58                commanderWatchdog
 .text.commanderGetInactivityTime
                0x08009fac       0x14 bin/commander.o
                0x08009fac                commanderGetInactivityTime
 .text.commanderGetRPY
                0x08009fc0       0x24 bin/commander.o
                0x08009fc0                commanderGetRPY
 .text.commanderGetRPYType
                0x08009fe4        0xc bin/commander.o
                0x08009fe4                commanderGetRPYType
 .text.commanderGetThrust
                0x08009ff0       0x34 bin/commander.o
                0x08009ff0                commanderGetThrust
 .text.controllerInit
                0x0800a024       0xec bin/controller.o
                0x0800a024                controllerInit
 .text.controllerTest
                0x0800a110        0xc bin/controller.o
                0x0800a110                controllerTest
 .text.controllerCorrectRatePID
                0x0800a11c      0x110 bin/controller.o
                0x0800a11c                controllerCorrectRatePID
 .text.controllerCorrectAttitudePID
                0x0800a22c       0x94 bin/controller.o
                0x0800a22c                controllerCorrectAttitudePID
 .text.controllerResetAllPID
                0x0800a2c0       0x44 bin/controller.o
                0x0800a2c0                controllerResetAllPID
 .text.controllerGetActuatorOutput
                0x0800a304       0x20 bin/controller.o
                0x0800a304                controllerGetActuatorOutput
 .text.sensfusion6Init
                0x0800a324       0x10 bin/sensfusion6.o
                0x0800a324                sensfusion6Init
 .text.sensfusion6Test
                0x0800a334        0xc bin/sensfusion6.o
                0x0800a334                sensfusion6Test
 .text.sensfusion6UpdateQ
                0x0800a340      0x4d8 bin/sensfusion6.o
                0x0800a340                sensfusion6UpdateQ
 .text.sensfusion6GetEulerRPY
                0x0800a818      0x1a8 bin/sensfusion6.o
                0x0800a818                sensfusion6GetEulerRPY
 .text.getRPYEnum
                0x0800a9c0       0x28 bin/stabilizer.o
                0x0800a9c0                getRPYEnum
 .text.stabilizerTest
                0x0800a9e8       0x20 bin/stabilizer.o
                0x0800a9e8                stabilizerTest
 .text.stabilizerInit
                0x0800aa08       0x44 bin/stabilizer.o
                0x0800aa08                stabilizerInit
 .text.x1x_limitThrust
                0x0800aa4c        0x6 bin/stabilizer.o
                0x0800aa4c                x1x_limitThrust
 .text.x1x_distributePower
                0x0800aa52       0x5c bin/stabilizer.o
                0x0800aa52                x1x_distributePower
 *fill*         0x0800aaae        0x2 
 .text.x1x_stabilizerTask
                0x0800aab0      0x1c4 bin/stabilizer.o
                0x0800aab0                x1x_stabilizerTask
 .text.logDeleteBlock
                0x0800ac74       0x70 bin/log.o
 .text.logStopBlock
                0x0800ace4       0x38 bin/log.o
 .text.logReset
                0x0800ad1c       0x58 bin/log.o
 .text.logBlockTimed
                0x0800ad74       0x18 bin/log.o
                0x0800ad74                logBlockTimed
 .text.logRunBlock
                0x0800ad8c      0x134 bin/log.o
                0x0800ad8c                logRunBlock
 .text.logAppendBlock.constprop.4
                0x0800aec0      0x11c bin/log.o
 .text.logTask  0x0800afdc      0x254 bin/log.o
 .text.logInit  0x0800b230       0xb4 bin/log.o
                0x0800b230                logInit
 .text.workerInit
                0x0800b2e4       0x18 bin/worker.o
                0x0800b2e4                workerInit
 .text.workerTest
                0x0800b2fc       0x10 bin/worker.o
                0x0800b2fc                workerTest
 .text.workerLoop
                0x0800b30c       0x2c bin/worker.o
                0x0800b30c                workerLoop
 .text.workerSchedule
                0x0800b338       0x2c bin/worker.o
                0x0800b338                workerSchedule
 .text.iirLPFilterSingle
                0x0800b364       0x2c bin/filter.o
                0x0800b364                iirLPFilterSingle
 .text.assertFail
                0x0800b390       0x30 bin/cfassert.o
                0x0800b390                assertFail
 .text.configblockInit
                0x0800b3c0       0x44 bin/configblock.o
                0x0800b3c0                configblockInit
 .text.configblockGetRadioChannel
                0x0800b404       0x1c bin/configblock.o
                0x0800b404                configblockGetRadioChannel
 .text.configblockGetRadioSpeed
                0x0800b420       0x18 bin/configblock.o
                0x0800b420                configblockGetRadioSpeed
 .text.configblockGetCalibPitch
                0x0800b438       0x1c bin/configblock.o
                0x0800b438                configblockGetCalibPitch
 .text.configblockGetCalibRoll
                0x0800b454       0x1c bin/configblock.o
                0x0800b454                configblockGetCalibRoll
 .text.get_int_len
                0x0800b470       0x14 bin/eprintf.o
                0x0800b470                get_int_len
 .text.itoa     0x0800b484       0xb8 bin/eprintf.o
 .text.evprintf
                0x0800b53c      0x140 bin/eprintf.o
                0x0800b53c                evprintf
 .text.eprintf  0x0800b67c       0x1a bin/eprintf.o
                0x0800b67c                eprintf
 .text.reflect  0x0800b696       0x1c bin/crc.o
 *fill*         0x0800b6b2        0x2 
 .text.crcSlow  0x0800b6b4       0x4c bin/crc.o
                0x0800b6b4                crcSlow
 .text.single2half
                0x0800b700       0x4e bin/fp16.o
                0x0800b700                single2half
 *fill*         0x0800b74e        0x2 
 .text.cos      0x0800b750       0x8c /am/st-james/home1/stevenmatt3/_ENGR489 Crazyflie/GNU Tools/gcc-arm-none-eabi-4_8-2013q4/bin/../lib/gcc/arm-none-eabi/4.8.3/../../../../arm-none-eabi/lib/armv7-m/libm.a(lib_a-s_cos.o)
                0x0800b750                cos
 .text.sin      0x0800b7dc       0x94 /am/st-james/home1/stevenmatt3/_ENGR489 Crazyflie/GNU Tools/gcc-arm-none-eabi-4_8-2013q4/bin/../lib/gcc/arm-none-eabi/4.8.3/../../../../arm-none-eabi/lib/armv7-m/libm.a(lib_a-s_sin.o)
                0x0800b7dc                sin
 .text.asin     0x0800b870       0xa8 /am/st-james/home1/stevenmatt3/_ENGR489 Crazyflie/GNU Tools/gcc-arm-none-eabi-4_8-2013q4/bin/../lib/gcc/arm-none-eabi/4.8.3/../../../../arm-none-eabi/lib/armv7-m/libm.a(lib_a-w_asin.o)
                0x0800b870                asin
 .text.atan2    0x0800b918        0x4 /am/st-james/home1/stevenmatt3/_ENGR489 Crazyflie/GNU Tools/gcc-arm-none-eabi-4_8-2013q4/bin/../lib/gcc/arm-none-eabi/4.8.3/../../../../arm-none-eabi/lib/armv7-m/libm.a(lib_a-w_atan2.o)
                0x0800b918                atan2
 *fill*         0x0800b91c        0x4 
 .text.__ieee754_asin
                0x0800b920      0x470 /am/st-james/home1/stevenmatt3/_ENGR489 Crazyflie/GNU Tools/gcc-arm-none-eabi-4_8-2013q4/bin/../lib/gcc/arm-none-eabi/4.8.3/../../../../arm-none-eabi/lib/armv7-m/libm.a(lib_a-e_asin.o)
                0x0800b920                __ieee754_asin
 .text.__ieee754_atan2
                0x0800bd90      0x1f0 /am/st-james/home1/stevenmatt3/_ENGR489 Crazyflie/GNU Tools/gcc-arm-none-eabi-4_8-2013q4/bin/../lib/gcc/arm-none-eabi/4.8.3/../../../../arm-none-eabi/lib/armv7-m/libm.a(lib_a-e_atan2.o)
                0x0800bd90                __ieee754_atan2
 .text.__ieee754_rem_pio2
                0x0800bf80      0x440 /am/st-james/home1/stevenmatt3/_ENGR489 Crazyflie/GNU Tools/gcc-arm-none-eabi-4_8-2013q4/bin/../lib/gcc/arm-none-eabi/4.8.3/../../../../arm-none-eabi/lib/armv7-m/libm.a(lib_a-e_rem_pio2.o)
                0x0800bf80                __ieee754_rem_pio2
 .text.__ieee754_sqrt
                0x0800c3c0      0x180 /am/st-james/home1/stevenmatt3/_ENGR489 Crazyflie/GNU Tools/gcc-arm-none-eabi-4_8-2013q4/bin/../lib/gcc/arm-none-eabi/4.8.3/../../../../arm-none-eabi/lib/armv7-m/libm.a(lib_a-e_sqrt.o)
                0x0800c3c0                __ieee754_sqrt
 .text.__kernel_cos
                0x0800c540      0x248 /am/st-james/home1/stevenmatt3/_ENGR489 Crazyflie/GNU Tools/gcc-arm-none-eabi-4_8-2013q4/bin/../lib/gcc/arm-none-eabi/4.8.3/../../../../arm-none-eabi/lib/armv7-m/libm.a(lib_a-k_cos.o)
                0x0800c540                __kernel_cos
 .text.__kernel_rem_pio2
                0x0800c788      0x7bc /am/st-james/home1/stevenmatt3/_ENGR489 Crazyflie/GNU Tools/gcc-arm-none-eabi-4_8-2013q4/bin/../lib/gcc/arm-none-eabi/4.8.3/../../../../arm-none-eabi/lib/armv7-m/libm.a(lib_a-k_rem_pio2.o)
                0x0800c788                __kernel_rem_pio2
 *fill*         0x0800cf44        0x4 
 .text.__kernel_sin
                0x0800cf48      0x170 /am/st-james/home1/stevenmatt3/_ENGR489 Crazyflie/GNU Tools/gcc-arm-none-eabi-4_8-2013q4/bin/../lib/gcc/arm-none-eabi/4.8.3/../../../../arm-none-eabi/lib/armv7-m/libm.a(lib_a-k_sin.o)
                0x0800cf48                __kernel_sin
 .text.atan     0x0800d0b8      0x350 /am/st-james/home1/stevenmatt3/_ENGR489 Crazyflie/GNU Tools/gcc-arm-none-eabi-4_8-2013q4/bin/../lib/gcc/arm-none-eabi/4.8.3/../../../../arm-none-eabi/lib/armv7-m/libm.a(lib_a-s_atan.o)
                0x0800d0b8                atan
 .text.fabs     0x0800d408        0x8 /am/st-james/home1/stevenmatt3/_ENGR489 Crazyflie/GNU Tools/gcc-arm-none-eabi-4_8-2013q4/bin/../lib/gcc/arm-none-eabi/4.8.3/../../../../arm-none-eabi/lib/armv7-m/libm.a(lib_a-s_fabs.o)
                0x0800d408                fabs
 .text.floor    0x0800d410      0x120 /am/st-james/home1/stevenmatt3/_ENGR489 Crazyflie/GNU Tools/gcc-arm-none-eabi-4_8-2013q4/bin/../lib/gcc/arm-none-eabi/4.8.3/../../../../arm-none-eabi/lib/armv7-m/libm.a(lib_a-s_floor.o)
                0x0800d410                floor
 .text.__fpclassifyd
                0x0800d530       0x50 /am/st-james/home1/stevenmatt3/_ENGR489 Crazyflie/GNU Tools/gcc-arm-none-eabi-4_8-2013q4/bin/../lib/gcc/arm-none-eabi/4.8.3/../../../../arm-none-eabi/lib/armv7-m/libm.a(lib_a-s_fpclassify.o)
                0x0800d530                __fpclassifyd
 .text.matherr  0x0800d580        0x4 /am/st-james/home1/stevenmatt3/_ENGR489 Crazyflie/GNU Tools/gcc-arm-none-eabi-4_8-2013q4/bin/../lib/gcc/arm-none-eabi/4.8.3/../../../../arm-none-eabi/lib/armv7-m/libm.a(lib_a-s_matherr.o)
                0x0800d580                matherr
 .text.nan      0x0800d584        0xc /am/st-james/home1/stevenmatt3/_ENGR489 Crazyflie/GNU Tools/gcc-arm-none-eabi-4_8-2013q4/bin/../lib/gcc/arm-none-eabi/4.8.3/../../../../arm-none-eabi/lib/armv7-m/libm.a(lib_a-s_nan.o)
                0x0800d584                nan
 .text.scalbn   0x0800d590      0x100 /am/st-james/home1/stevenmatt3/_ENGR489 Crazyflie/GNU Tools/gcc-arm-none-eabi-4_8-2013q4/bin/../lib/gcc/arm-none-eabi/4.8.3/../../../../arm-none-eabi/lib/armv7-m/libm.a(lib_a-s_scalbn.o)
                0x0800d590                scalbn
 .text.copysign
                0x0800d690       0x14 /am/st-james/home1/stevenmatt3/_ENGR489 Crazyflie/GNU Tools/gcc-arm-none-eabi-4_8-2013q4/bin/../lib/gcc/arm-none-eabi/4.8.3/../../../../arm-none-eabi/lib/armv7-m/libm.a(lib_a-s_copysign.o)
                0x0800d690                copysign
 .text.memset   0x0800d6a4       0x94 /am/st-james/home1/stevenmatt3/_ENGR489 Crazyflie/GNU Tools/gcc-arm-none-eabi-4_8-2013q4/bin/../lib/gcc/arm-none-eabi/4.8.3/../../../../arm-none-eabi/lib/armv7-m/libc.a(lib_a-memset.o)
                0x0800d6a4                memset
 .text.strlen   0x0800d738       0x60 /am/st-james/home1/stevenmatt3/_ENGR489 Crazyflie/GNU Tools/gcc-arm-none-eabi-4_8-2013q4/bin/../lib/gcc/arm-none-eabi/4.8.3/../../../../arm-none-eabi/lib/armv7-m/libc.a(lib_a-strlen.o)
                0x0800d738                strlen
 .text.strncpy  0x0800d798       0x64 /am/st-james/home1/stevenmatt3/_ENGR489 Crazyflie/GNU Tools/gcc-arm-none-eabi-4_8-2013q4/bin/../lib/gcc/arm-none-eabi/4.8.3/../../../../arm-none-eabi/lib/armv7-m/libc.a(lib_a-strncpy.o)
                0x0800d798                strncpy
 *fill*         0x0800d7fc        0x4 
 .text.strncpy.__stub
                0x0800d800       0x10 linker stubs
 *(.rodata)
 .rodata        0x0800d810        0x5 bin/radiolink.o
 *(.rodata*)
 .rodata.str1.1
                0x0800d815        0x5 bin/tasks.o
 .rodata.str1.1
                0x0800d81a        0x8 bin/timers.o
 *fill*         0x0800d822        0x2 
 .rodata.led_polarity
                0x0800d824        0x8 bin/led.o
 .rodata.led_pin
                0x0800d82c        0x8 bin/led.o
 .rodata.led_port
                0x0800d834        0x8 bin/led.o
 .rodata.str1.1
                0x0800d83c        0x4 bin/adc.o
 .rodata.str1.1
                0x0800d840       0x1e bin/nrf24l01.o
 .rodata.str1.1
                0x0800d85e       0x97 bin/nvic.o
 *fill*         0x0800d8f5        0x3 
 .rodata.MOTORS
                0x0800d8f8       0x10 bin/motors.o
                0x0800d8f8                MOTORS
 .rodata.CSWTCH.544
                0x0800d908       0x10 bin/mpu6050.o
 .rodata.CSWTCH.557
                0x0800d918       0x10 bin/mpu6050.o
 .rodata.str1.1
                0x0800d928       0x89 bin/mpu6050.o
 .rodata.str1.1
                0x0800d9b1       0x7f bin/hmc5883l.o
 .rodata.str1.1
                0x0800da30       0x75 bin/ms5611.o
 .rodata.str1.1
                0x0800daa5       0x49 bin/crtp.o
                                 0x4b (size before relaxing)
 *fill*         0x0800daee        0x2 
 .rodata.sequences
                0x0800daf0       0x28 bin/ledseq.o
 .rodata.str1.1
                0x0800db18        0xc bin/ledseq.o
 .rodata.str1.1
                0x0800db24       0x12 bin/freeRTOSdebug.o
 .rodata.str1.1
                0x0800db36      0x164 bin/imu.o
                                0x186 (size before relaxing)
 *fill*         0x0800dc9a        0x2 
 .rodata.bat671723HS25C
                0x0800dc9c       0x28 bin/pm.o
 .rodata.str1.1
                0x0800dcc4       0x1b bin/pm.o
                                 0x1e (size before relaxing)
 .rodata.str1.1
                0x0800dcdf        0xa bin/radiolink.o
 .rodata.str1.1
                0x0800dce9       0xac bin/system.o
                                 0xb4 (size before relaxing)
 .rodata.str1.1
                0x0800dd95        0x6 bin/param.o
                                  0x7 (size before relaxing)
 .rodata.str1.1
                0x0800dd9b       0x18 bin/commander.o
                                 0x23 (size before relaxing)
 .rodata.str1.1
                0x0800ddb3       0x68 bin/controller.o
                                 0x7e (size before relaxing)
 .rodata.str1.1
                0x0800de1b       0x13 bin/sensfusion6.o
                                 0x27 (size before relaxing)
 .rodata.str1.1
                0x0800de2e       0x2b bin/stabilizer.o
                                 0x2e (size before relaxing)
 .rodata.str1.1
                0x0800de59       0x2f bin/log.o
                                 0x30 (size before relaxing)
 .rodata.typeLength
                0x0800de88        0x9 bin/log.o
 .rodata.str1.1
                0x0800de91       0x28 bin/cfassert.o
 .rodata.digit  0x0800deb9       0x10 bin/eprintf.o
 .rodata.V_MODIFIED
                0x0800dec9        0x1 bin/version.o
                0x0800dec9                V_MODIFIED
 .rodata.str1.1
                0x0800deca       0x5e bin/version.o
                                 0x67 (size before relaxing)
 .rodata.V_REVISION_0
                0x0800df28        0x4 bin/version.o
                0x0800df28                V_REVISION_0
 .rodata.V_REVISION_1
                0x0800df2c        0x2 bin/version.o
                0x0800df2c                V_REVISION_1
 *fill*         0x0800df2e        0x2 
 .rodata.str1.4
                0x0800df30        0x8 /am/st-james/home1/stevenmatt3/_ENGR489 Crazyflie/GNU Tools/gcc-arm-none-eabi-4_8-2013q4/bin/../lib/gcc/arm-none-eabi/4.8.3/../../../../arm-none-eabi/lib/armv7-m/libm.a(lib_a-w_asin.o)
                                  0xc (size before relaxing)
 .rodata.npio2_hw
                0x0800df38       0x80 /am/st-james/home1/stevenmatt3/_ENGR489 Crazyflie/GNU Tools/gcc-arm-none-eabi-4_8-2013q4/bin/../lib/gcc/arm-none-eabi/4.8.3/../../../../arm-none-eabi/lib/armv7-m/libm.a(lib_a-e_rem_pio2.o)
 .rodata.two_over_pi
                0x0800dfb8      0x108 /am/st-james/home1/stevenmatt3/_ENGR489 Crazyflie/GNU Tools/gcc-arm-none-eabi-4_8-2013q4/bin/../lib/gcc/arm-none-eabi/4.8.3/../../../../arm-none-eabi/lib/armv7-m/libm.a(lib_a-e_rem_pio2.o)
 .rodata.init_jk
                0x0800e0c0       0x10 /am/st-james/home1/stevenmatt3/_ENGR489 Crazyflie/GNU Tools/gcc-arm-none-eabi-4_8-2013q4/bin/../lib/gcc/arm-none-eabi/4.8.3/../../../../arm-none-eabi/lib/armv7-m/libm.a(lib_a-k_rem_pio2.o)
 *fill*         0x0800e0d0        0x0 
 .rodata.PIo2   0x0800e0d0       0x40 /am/st-james/home1/stevenmatt3/_ENGR489 Crazyflie/GNU Tools/gcc-arm-none-eabi-4_8-2013q4/bin/../lib/gcc/arm-none-eabi/4.8.3/../../../../arm-none-eabi/lib/armv7-m/libm.a(lib_a-k_rem_pio2.o)
 .rodata.atanlo
                0x0800e110       0x20 /am/st-james/home1/stevenmatt3/_ENGR489 Crazyflie/GNU Tools/gcc-arm-none-eabi-4_8-2013q4/bin/../lib/gcc/arm-none-eabi/4.8.3/../../../../arm-none-eabi/lib/armv7-m/libm.a(lib_a-s_atan.o)
 .rodata.atanhi
                0x0800e130       0x20 /am/st-james/home1/stevenmatt3/_ENGR489 Crazyflie/GNU Tools/gcc-arm-none-eabi-4_8-2013q4/bin/../lib/gcc/arm-none-eabi/4.8.3/../../../../arm-none-eabi/lib/armv7-m/libm.a(lib_a-s_atan.o)
 .rodata._ctype_
                0x0800e150      0x104 /am/st-james/home1/stevenmatt3/_ENGR489 Crazyflie/GNU Tools/gcc-arm-none-eabi-4_8-2013q4/bin/../lib/gcc/arm-none-eabi/4.8.3/../../../../arm-none-eabi/lib/armv7-m/libc.a(lib_a-ctype_.o)
                0x0800e150                _ctype_
 *(.glue_7)
 .glue_7        0x00000000        0x0 linker stubs
 *(.glue_7t)
 .glue_7t       0x00000000        0x0 linker stubs
 *(.vfp11_veneer)
 .vfp11_veneer  0x00000000        0x0 linker stubs
 *(.v4_bx)
 .v4_bx         0x00000000        0x0 linker stubs
 *(.ARM.extab* .gnu.linkonce.armextab.*)
 *(.init)
 *(.fini)
 *(.eh_frame)
                0x0800e254                . = ALIGN (0x4)
                0x0800e254                _param_start = .
 *(.param)
 *(.param.*)
 .param.imu_tests
                0x0800e254       0x3c bin/imu.o
 .param.imu_sensors
                0x0800e290       0x30 bin/imu.o
 .param.imu_acc_lpf
                0x0800e2c0       0x24 bin/imu.o
 .param.cpu     0x0800e2e4       0x48 bin/system.o
 .param.flightmode
                0x0800e32c       0x24 bin/commander.o
 .param.pid_rate
                0x0800e350       0x84 bin/controller.o
 .param.pid_attitude
                0x0800e3d4       0x84 bin/controller.o
 .param.sensorfusion6
                0x0800e458       0x30 bin/sensfusion6.o
 .param.firmware
                0x0800e488       0x3c bin/version.o
                0x0800e4c4                _param_stop = .
                0x0800e4c4                . = ALIGN (0x4)
                0x0800e4c4                _log_start = .
 *(.log)
 *(.log.*)
 .log.pm        0x0800e4c4       0x30 bin/pm.o
 .log.sys       0x0800e4f4       0x24 bin/system.o
                0x0800e518                _log_stop = .
                0x0800e518                . = ALIGN (0x4)
                0x0800e518                _etext = .

.libc           0x0800e518        0x8
                0x0800e518                . = ALIGN (0x4)
 *(.ARM.exidx*)
 .ARM.exidx     0x0800e518        0x8 /am/st-james/home1/stevenmatt3/_ENGR489 Crazyflie/GNU Tools/gcc-arm-none-eabi-4_8-2013q4/bin/../lib/gcc/arm-none-eabi/4.8.3/armv7-m/libgcc.a(_divdi3.o)
 .ARM.exidx     0x0800e520        0x0 /am/st-james/home1/stevenmatt3/_ENGR489 Crazyflie/GNU Tools/gcc-arm-none-eabi-4_8-2013q4/bin/../lib/gcc/arm-none-eabi/4.8.3/armv7-m/libgcc.a(_udivdi3.o)
                                  0x8 (size before relaxing)
                0x0800e520                . = ALIGN (0x4)
                0x0800e520                _elibc = .
                0x0800e520                _sidata = _elibc

.flashpatch     0x00000000        0x0
                0x00000000                . = ALIGN (0x4)
 *(.flashpatch)
                0x00000000                . = ALIGN (0x4)

.endflash       0x00000000        0x0
                0x00000000                . = ALIGN (0x4)
 *(.endflash)
                0x00000000                . = ALIGN (0x4)

.data           0x20000000      0x1b8 load address 0x0800e520
                0x20000000                . = ALIGN (0x4)
                0x20000000                _sdata = .
 *(.data)
 *(.data.*)
 .data.xNextTaskUnblockTime
                0x20000000        0x4 bin/tasks.o
 .data.xFreeBytesRemaining
                0x20000004        0x4 bin/heap_4.o
 .data.uxCriticalNesting
                0x20000008        0x4 bin/port.o
 .data.ADCPrescTable
                0x2000000c        0x4 bin/stm32f10x_rcc.o
 .data.APBAHBPrescTable
                0x20000010       0x10 bin/stm32f10x_rcc.o
 .data.nopLink  0x20000020       0x14 bin/crtp.o
 .data.link     0x20000034        0x4 bin/crtp.o
 .data.seq_testPassed
                0x20000038       0x78 bin/ledseq.o
                0x20000038                seq_testPassed
 .data.seq_alive
                0x200000b0       0x18 bin/ledseq.o
                0x200000b0                seq_alive
 .data.seq_lowbat
                0x200000c8       0x10 bin/ledseq.o
                0x200000c8                seq_lowbat
 .data.seq_charging
                0x200000d8       0x18 bin/ledseq.o
                0x200000d8                seq_charging
 .data.seq_linkup
                0x200000f0       0x18 bin/ledseq.o
                0x200000f0                seq_linkup
 .data.seq_calibrated
                0x20000108       0x18 bin/ledseq.o
                0x20000108                seq_calibrated
 .data.seq_charged
                0x20000120       0x10 bin/ledseq.o
                0x20000120                seq_charged
 .data.seq_armed
                0x20000130       0x18 bin/ledseq.o
                0x20000130                seq_armed
 .data.seq_bootloader
                0x20000148       0x18 bin/ledseq.o
                0x20000148                seq_bootloader
 .data.seq_chargingMax
                0x20000160       0x18 bin/ledseq.o
                0x20000160                seq_chargingMax
 .data.batteryVRefRawFilt
                0x20000178        0x4 bin/pm.o
 .data.batteryVRawFilt
                0x2000017c        0x4 bin/pm.o
 .data.batteryVoltageMin
                0x20000180        0x4 bin/pm.o
 .data.radioOp  0x20000184       0x14 bin/radiolink.o
 .data.q0       0x20000198        0x4 bin/sensfusion6.o
                0x20000198                q0
 .data.twoKi    0x2000019c        0x4 bin/sensfusion6.o
                0x2000019c                twoKi
 .data.twoKp    0x200001a0        0x4 bin/sensfusion6.o
                0x200001a0                twoKp
 .data.V_SREVISION
                0x200001a4        0x4 bin/version.o
                0x200001a4                V_SREVISION
 .data.V_STAG   0x200001a8        0x4 bin/version.o
                0x200001a8                V_STAG
 .data.V_SLOCAL_REVISION
                0x200001ac        0x4 bin/version.o
                0x200001ac                V_SLOCAL_REVISION
 .data.__fdlib_version
                0x200001b0        0x1 /am/st-james/home1/stevenmatt3/_ENGR489 Crazyflie/GNU Tools/gcc-arm-none-eabi-4_8-2013q4/bin/../lib/gcc/arm-none-eabi/4.8.3/../../../../arm-none-eabi/lib/armv7-m/libm.a(lib_a-s_lib_ver.o)
                0x200001b0                __fdlib_version
 *fill*         0x200001b1        0x3 
 .data.__ctype_ptr__
                0x200001b4        0x4 /am/st-james/home1/stevenmatt3/_ENGR489 Crazyflie/GNU Tools/gcc-arm-none-eabi-4_8-2013q4/bin/../lib/gcc/arm-none-eabi/4.8.3/../../../../arm-none-eabi/lib/armv7-m/libc.a(lib_a-ctype_.o)
                0x200001b4                __ctype_ptr__
 *(.RAMtext)
                0x200001b8                . = ALIGN (0x4)
                0x200001b8                _edata = .

.bss            0x200001b8     0x4ab8 load address 0x0800e6d8
                0x200001b8                . = ALIGN (0x4)
                0x200001b8                _sbss = .
 *(.bss)
 *(.bss.*)
 .bss.uxMissedTicks
                0x200001b8        0x4 bin/tasks.o
 .bss.pxDelayedTaskList
                0x200001bc        0x4 bin/tasks.o
 .bss.xSchedulerRunning
                0x200001c0        0x4 bin/tasks.o
 .bss.uxSchedulerSuspended
                0x200001c4        0x4 bin/tasks.o
 .bss.xNumOfOverflows
                0x200001c8        0x4 bin/tasks.o
 .bss.xDelayedTaskList2
                0x200001cc       0x14 bin/tasks.o
 .bss.pxReadyTasksLists
                0x200001e0       0x64 bin/tasks.o
 .bss.pxCurrentTCB
                0x20000244        0x4 bin/tasks.o
                0x20000244                pxCurrentTCB
 .bss.xPendingReadyList
                0x20000248       0x14 bin/tasks.o
 .bss.xTickCount
                0x2000025c        0x4 bin/tasks.o
 .bss.pxOverflowDelayedTaskList
                0x20000260        0x4 bin/tasks.o
 .bss.uxTopReadyPriority
                0x20000264        0x4 bin/tasks.o
 .bss.uxTaskNumber
                0x20000268        0x4 bin/tasks.o
 .bss.xDelayedTaskList1
                0x2000026c       0x14 bin/tasks.o
 .bss.xMissedYield
                0x20000280        0x4 bin/tasks.o
 .bss.uxCurrentNumberOfTasks
                0x20000284        0x4 bin/tasks.o
 .bss.uxTopUsedPriority
                0x20000288        0x4 bin/tasks.o
 .bss.pxCurrentTimerList
                0x2000028c        0x4 bin/timers.o
 .bss.xActiveTimerList1
                0x20000290       0x14 bin/timers.o
 .bss.xActiveTimerList2
                0x200002a4       0x14 bin/timers.o
 .bss.xLastTime.6295
                0x200002b8        0x4 bin/timers.o
 .bss.xTimerQueue
                0x200002bc        0x4 bin/timers.o
 .bss.pxOverflowTimerList
                0x200002c0        0x4 bin/timers.o
 .bss.pxEnd     0x200002c4        0x4 bin/heap_4.o
 .bss.xStart    0x200002c8        0x8 bin/heap_4.o
 .bss.ucHeap    0x200002d0     0x3a98 bin/heap_4.o
 .bss.isInit    0x20003d68        0x1 bin/led.o
 *fill*         0x20003d69        0x3 
 .bss.waitUntilSendDone
                0x20003d6c        0x4 bin/uart.o
                0x20003d6c                waitUntilSendDone
 .bss.crcIndex  0x20003d70        0x1 bin/uart.o
 .bss.rxDataInterrupt
                0x20003d71        0x1 bin/uart.o
 *fill*         0x20003d72        0x2 
 .bss.xHigherPriorityTaskWoken
                0x20003d74        0x4 bin/uart.o
 .bss.dataIndex
                0x20003d78        0x1 bin/uart.o
 .bss.dataSize  0x20003d79        0x1 bin/uart.o
 .bss.outBuffer
                0x20003d7a       0x40 bin/uart.o
 *fill*         0x20003dba        0x2 
 .bss.uartDataDelivery
                0x20003dbc        0x4 bin/uart.o
 .bss.isInit    0x20003dc0        0x1 bin/adc.o
 *fill*         0x20003dc1        0x3 
 .bss.interruptCb